2021/04/06 08:51:51 [notice] 20#20: reconfiguring
2021/04/06 08:51:51 [notice] 20#20: using the "epoll" event method
2021/04/06 08:51:51 [notice] 20#20: start worker processes
2021/04/06 08:51:51 [notice] 20#20: start worker process 52
2021/04/06 08:51:51 [notice] 20#20: start worker process 53
2021/04/06 08:51:51 [notice] 20#20: start worker process 54
2021/04/06 08:51:51 [notice] 20#20: start worker process 55
2021/04/06 08:51:51 [notice] 47#47: gracefully shutting down
2021/04/06 08:51:51 [notice] 48#48: gracefully shutting down
2021/04/06 08:51:51 [notice] 49#49: gracefully shutting down
2021/04/06 08:51:51 [notice] 49#49: exiting
2021/04/06 08:51:51 [notice] 47#47: exiting
2021/04/06 08:51:51 [notice] 49#49: exit
2021/04/06 08:51:51 [notice] 47#47: exit
2021/04/06 08:51:51 [notice] 50#50: gracefully shutting down
2021/04/06 08:51:51 [notice] 50#50: exiting
2021/04/06 08:51:51 [notice] 50#50: exit
2021/04/06 08:51:51 [notice] 20#20: signal 17 (SIGCHLD) received from 47
2021/04/06 08:51:51 [notice] 20#20: worker process 47 exited with code 0
2021/04/06 08:51:51 [notice] 20#20: signal 29 (SIGIO) received
2021/04/06 08:51:51 [notice] 20#20: signal 17 (SIGCHLD) received from 50
2021/04/06 08:51:51 [notice] 20#20: worker process 49 exited with code 0
2021/04/06 08:51:51 [notice] 20#20: worker process 50 exited with code 0
2021/04/06 08:51:51 [notice] 20#20: signal 29 (SIGIO) received
10.142.0.102 - - [06/Apr/2021:08:51:51 +0000] "OPTIONS /api/v1/policies?page=1&pageSize=12&ordering=-creationTimestamp&type=Retention&namespace=pushkar HTTP/1.1" 200 23 "https://ui-dev.k8strilio.net/" "Mozilla/5.0 (Macintosh; Intel Mac OS X 10_15_7) AppleWebKit/537.36 (KHTML, like Gecko) Chrome/89.0.4389.114 Safari/537.36" "-"
2021/04/06 08:51:51 [notice] 48#48: exiting
2021/04/06 08:51:51 [notice] 48#48: exit
2021/04/06 08:51:51 [notice] 20#20: signal 17 (SIGCHLD) received from 48
2021/04/06 08:51:51 [notice] 20#20: worker process 48 exited with code 0
2021/04/06 08:51:51 [notice] 20#20: signal 29 (SIGIO) received
10.142.0.16 - - [06/Apr/2021:08:51:52 +0000] "GET /api/v1/policies?page=1&pageSize=12&ordering=-creationTimestamp&type=Retention&namespace=pushkar HTTP/1.1" 200 86 "https://ui-dev.k8strilio.net/" "Mozilla/5.0 (Macintosh; Intel Mac OS X 10_15_7) AppleWebKit/537.36 (KHTML, like Gecko) Chrome/89.0.4389.114 Safari/537.36" "-"
10.142.0.16 - - [06/Apr/2021:08:52:11 +0000] "POST /api/sockjs/470/4yx0qsla/xhr?t=1617699107556 HTTP/1.1" 200 1432 "https://ui-qa-1.k8strilio.net/velero/backups" "Mozilla/5.0 (Macintosh; Intel Mac OS X 10_15_7) AppleWebKit/537.36 (KHTML, like Gecko) Chrome/89.0.4389.114 Safari/537.36" "-"
10.142.0.102 - - [06/Apr/2021:08:52:11 +0000] "POST /api/sockjs/885/thurozpl/xhr?t=1617699107582 HTTP/1.1" 200 1432 "https://ui-dev.k8strilio.net/" "Mozilla/5.0 (Macintosh; Intel Mac OS X 10_15_7) AppleWebKit/537.36 (KHTML, like Gecko) Chrome/89.0.4389.114 Safari/537.36" "-"
2021/04/06 08:52:11 [notice] 42#42: exiting
2021/04/06 08:52:11 [notice] 42#42: exit
2021/04/06 08:52:11 [notice] 20#20: signal 17 (SIGCHLD) received from 42
2021/04/06 08:52:11 [notice] 20#20: worker process 42 exited with code 0
2021/04/06 08:52:11 [notice] 20#20: signal 29 (SIGIO) received
10.142.0.16 - - [06/Apr/2021:08:52:13 +0000] "OPTIONS /api/v1/policies HTTP/1.1" 200 23 "https://ui-dev.k8strilio.net/" "Mozilla/5.0 (Macintosh; Intel Mac OS X 10_15_7) AppleWebKit/537.36 (KHTML, like Gecko) Chrome/89.0.4389.114 Safari/537.36" "-"
10.92.1.1 - - [06/Apr/2021:08:52:13 +0000] "POST /api/sockjs/885/thurozpl/xhr?t=1617699131731 HTTP/1.1" 200 803 "https://ui-dev.k8strilio.net/" "Mozilla/5.0 (Macintosh; Intel Mac OS X 10_15_7) AppleWebKit/537.36 (KHTML, like Gecko) Chrome/89.0.4389.114 Safari/537.36" "-"
10.142.0.102 - - [06/Apr/2021:08:52:13 +0000] "POST /api/sockjs/470/4yx0qsla/xhr?t=1617699131741 HTTP/1.1" 200 803 "https://ui-qa-1.k8strilio.net/velero/backups" "Mozilla/5.0 (Macintosh; Intel Mac OS X 10_15_7) AppleWebKit/537.36 (KHTML, like Gecko) Chrome/89.0.4389.114 Safari/537.36" "-"
10.142.0.16 - - [06/Apr/2021:08:52:13 +0000] "POST /api/v1/policies HTTP/1.1" 201 433 "https://ui-dev.k8strilio.net/" "Mozilla/5.0 (Macintosh; Intel Mac OS X 10_15_7) AppleWebKit/537.36 (KHTML, like Gecko) Chrome/89.0.4389.114 Safari/537.36" "-"
10.142.0.16 - - [06/Apr/2021:08:52:13 +0000] "OPTIONS /api/v1/summary?namespace=pushkar&scope=Namespace HTTP/1.1" 200 23 "https://ui-dev.k8strilio.net/" "Mozilla/5.0 (Macintosh; Intel Mac OS X 10_15_7) AppleWebKit/537.36 (KHTML, like Gecko) Chrome/89.0.4389.114 Safari/537.36" "-"
10.142.0.16 - - [06/Apr/2021:08:52:14 +0000] "POST /api/v1/summary?namespace=pushkar&scope=Namespace HTTP/1.1" 200 261 "https://ui-dev.k8strilio.net/" "Mozilla/5.0 (Macintosh; Intel Mac OS X 10_15_7) AppleWebKit/537.36 (KHTML, like Gecko) Chrome/89.0.4389.114 Safari/537.36" "-"
10.142.0.16 - - [06/Apr/2021:08:52:15 +0000] "OPTIONS /api/v1/hooks?page=1&pageSize=12&namespace=pushkar HTTP/1.1" 200 23 "https://ui-dev.k8strilio.net/" "Mozilla/5.0 (Macintosh; Intel Mac OS X 10_15_7) AppleWebKit/537.36 (KHTML, like Gecko) Chrome/89.0.4389.114 Safari/537.36" "-"
10.142.0.16 - - [06/Apr/2021:08:52:16 +0000] "GET /api/v1/hooks?page=1&pageSize=12&namespace=pushkar HTTP/1.1" 200 86 "https://ui-dev.k8strilio.net/" "Mozilla/5.0 (Macintosh; Intel Mac OS X 10_15_7) AppleWebKit/537.36 (KHTML, like Gecko) Chrome/89.0.4389.114 Safari/537.36" "-"
10.92.1.1 - - [06/Apr/2021:08:52:16 +0000] "POST /api/sockjs/885/thurozpl/xhr?t=1617699133661 HTTP/1.1" 200 1800 "https://ui-dev.k8strilio.net/" "Mozilla/5.0 (Macintosh; Intel Mac OS X 10_15_7) AppleWebKit/537.36 (KHTML, like Gecko) Chrome/89.0.4389.114 Safari/537.36" "-"
10.142.0.102 - - [06/Apr/2021:08:52:16 +0000] "POST /api/sockjs/470/4yx0qsla/xhr?t=1617699133615 HTTP/1.1" 200 1800 "https://ui-qa-1.k8strilio.net/velero/backups" "Mozilla/5.0 (Macintosh; Intel Mac OS X 10_15_7) AppleWebKit/537.36 (KHTML, like Gecko) Chrome/89.0.4389.114 Safari/537.36" "-"
2021/04/06 08:52:16 [notice] 20#20: signal 1 (SIGHUP) received from 56, reconfiguring
2021/04/06 08:52:16 [notice] 20#20: reconfiguring
2021/04/06 08:52:16 [notice] 20#20: using the "epoll" event method
2021/04/06 08:52:16 [notice] 20#20: start worker processes
2021/04/06 08:52:16 [notice] 20#20: start worker process 57
2021/04/06 08:52:16 [notice] 20#20: start worker process 58
2021/04/06 08:52:16 [notice] 20#20: start worker process 59
2021/04/06 08:52:16 [notice] 20#20: start worker process 60
2021/04/06 08:52:16 [notice] 53#53: gracefully shutting down
2021/04/06 08:52:16 [notice] 53#53: exiting
2021/04/06 08:52:16 [notice] 52#52: gracefully shutting down
2021/04/06 08:52:16 [notice] 53#53: exit
2021/04/06 08:52:16 [notice] 55#55: gracefully shutting down
2021/04/06 08:52:16 [notice] 55#55: exiting
2021/04/06 08:52:16 [notice] 54#54: gracefully shutting down
2021/04/06 08:52:16 [notice] 54#54: exiting
2021/04/06 08:52:16 [notice] 55#55: exit
2021/04/06 08:52:16 [notice] 54#54: exit
2021/04/06 08:52:16 [notice] 20#20: signal 17 (SIGCHLD) received from 53
2021/04/06 08:52:16 [notice] 20#20: worker process 53 exited with code 0
2021/04/06 08:52:16 [notice] 20#20: signal 29 (SIGIO) received
2021/04/06 08:52:16 [notice] 20#20: signal 17 (SIGCHLD) received from 55
2021/04/06 08:52:16 [notice] 20#20: worker process 55 exited with code 0
2021/04/06 08:52:16 [notice] 20#20: signal 29 (SIGIO) received
2021/04/06 08:52:16 [notice] 20#20: signal 17 (SIGCHLD) received from 54
2021/04/06 08:52:16 [notice] 20#20: worker process 54 exited with code 0
2021/04/06 08:52:16 [notice] 20#20: signal 29 (SIGIO) received
10.92.1.1 - - [06/Apr/2021:08:52:31 +0000] "OPTIONS /api/v1/hooks HTTP/1.1" 200 23 "https://ui-dev.k8strilio.net/" "Mozilla/5.0 (Macintosh; Intel Mac OS X 10_15_7) AppleWebKit/537.36 (KHTML, like Gecko) Chrome/89.0.4389.114 Safari/537.36" "-"
10.92.1.1 - - [06/Apr/2021:08:52:32 +0000] "POST /api/v1/hooks HTTP/1.1" 201 396 "https://ui-dev.k8strilio.net/" "Mozilla/5.0 (Macintosh; Intel Mac OS X 10_15_7) AppleWebKit/537.36 (KHTML, like Gecko) Chrome/89.0.4389.114 Safari/537.36" "-"
10.92.1.1 - - [06/Apr/2021:08:52:32 +0000] "POST /api/sockjs/885/thurozpl/xhr?t=1617699136407 HTTP/1.1" 200 710 "https://ui-dev.k8strilio.net/" "Mozilla/5.0 (Macintosh; Intel Mac OS X 10_15_7) AppleWebKit/537.36 (KHTML, like Gecko) Chrome/89.0.4389.114 Safari/537.36" "-"
10.142.0.102 - - [06/Apr/2021:08:52:32 +0000] "POST /api/sockjs/470/4yx0qsla/xhr?t=1617699136413 HTTP/1.1" 200 710 "https://ui-qa-1.k8strilio.net/velero/backups" "Mozilla/5.0 (Macintosh; Intel Mac OS X 10_15_7) AppleWebKit/537.36 (KHTML, like Gecko) Chrome/89.0.4389.114 Safari/537.36" "-"
2021/04/06 08:52:32 [notice] 52#52: exiting
2021/04/06 08:52:32 [notice] 52#52: exit
2021/04/06 08:52:32 [notice] 20#20: signal 17 (SIGCHLD) received from 52
2021/04/06 08:52:32 [notice] 20#20: worker process 52 exited with code 0
2021/04/06 08:52:32 [notice] 20#20: signal 29 (SIGIO) received
10.92.1.1 - - [06/Apr/2021:08:52:32 +0000] "OPTIONS /api/v1/summary?namespace=pushkar&scope=Namespace HTTP/1.1" 200 23 "https://ui-dev.k8strilio.net/" "Mozilla/5.0 (Macintosh; Intel Mac OS X 10_15_7) AppleWebKit/537.36 (KHTML, like Gecko) Chrome/89.0.4389.114 Safari/537.36" "-"
10.92.1.1 - - [06/Apr/2021:08:52:32 +0000] "POST /api/v1/summary?namespace=pushkar&scope=Namespace HTTP/1.1" 200 261 "https://ui-dev.k8strilio.net/" "Mozilla/5.0 (Macintosh; Intel Mac OS X 10_15_7) AppleWebKit/537.36 (KHTML, like Gecko) Chrome/89.0.4389.114 Safari/537.36" "-"
10.92.1.1 - - [06/Apr/2021:08:52:36 +0000] "OPTIONS /api/v1/backupplans/list?backupNamespace=pushkar&page=1&pageSize=12&ordering=-creationTimestamp HTTP/1.1" 200 23 "https://ui-dev.k8strilio.net/" "Mozilla/5.0 (Macintosh; Intel Mac OS X 10_15_7) AppleWebKit/537.36 (KHTML, like Gecko) Chrome/89.0.4389.114 Safari/537.36" "-"
10.142.0.102 - - [06/Apr/2021:08:52:36 +0000] "OPTIONS /api/v1/applicationTooling?namespace=pushkar&pageSize=10000 HTTP/1.1" 200 23 "https://ui-dev.k8strilio.net/" "Mozilla/5.0 (Macintosh; Intel Mac OS X 10_15_7) AppleWebKit/537.36 (KHTML, like Gecko) Chrome/89.0.4389.114 Safari/537.36" "-"
10.142.0.102 - - [06/Apr/2021:08:52:37 +0000] "POST /api/v1/backupplans/list?backupNamespace=pushkar&page=1&pageSize=12&ordering=-creationTimestamp HTTP/1.1" 200 86 "https://ui-dev.k8strilio.net/" "Mozilla/5.0 (Macintosh; Intel Mac OS X 10_15_7) AppleWebKit/537.36 (KHTML, like Gecko) Chrome/89.0.4389.114 Safari/537.36" "-"
10.92.1.1 - - [06/Apr/2021:08:52:37 +0000] "GET /api/v1/applicationTooling?namespace=pushkar&pageSize=10000 HTTP/1.1" 200 729 "https://ui-dev.k8strilio.net/" "Mozilla/5.0 (Macintosh; Intel Mac OS X 10_15_7) AppleWebKit/537.36 (KHTML, like Gecko) Chrome/89.0.4389.114 Safari/537.36" "-"
10.92.1.1 - - [06/Apr/2021:08:52:39 +0000] "OPTIONS /api/v1/targets?pageSize=10000&page=1&ordering=-creationTimestamp HTTP/1.1" 200 23 "https://ui-dev.k8strilio.net/" "Mozilla/5.0 (Macintosh; Intel Mac OS X 10_15_7) AppleWebKit/537.36 (KHTML, like Gecko) Chrome/89.0.4389.114 Safari/537.36" "-"
10.142.0.102 - - [06/Apr/2021:08:52:39 +0000] "OPTIONS /api/v1/policies?type=Retention HTTP/1.1" 200 23 "https://ui-dev.k8strilio.net/" "Mozilla/5.0 (Macintosh; Intel Mac OS X 10_15_7) AppleWebKit/537.36 (KHTML, like Gecko) Chrome/89.0.4389.114 Safari/537.36" "-"
10.142.0.102 - - [06/Apr/2021:08:52:39 +0000] "GET /api/v1/targets?pageSize=10000&page=1&ordering=-creationTimestamp HTTP/1.1" 200 1197 "https://ui-dev.k8strilio.net/" "Mozilla/5.0 (Macintosh; Intel Mac OS X 10_15_7) AppleWebKit/537.36 (KHTML, like Gecko) Chrome/89.0.4389.114 Safari/537.36" "-"
10.92.1.1 - - [06/Apr/2021:08:52:39 +0000] "GET /api/v1/policies?type=Retention HTTP/1.1" 200 508 "https://ui-dev.k8strilio.net/" "Mozilla/5.0 (Macintosh; Intel Mac OS X 10_15_7) AppleWebKit/537.36 (KHTML, like Gecko) Chrome/89.0.4389.114 Safari/537.36" "-"
10.92.1.1 - - [06/Apr/2021:08:52:52 +0000] "OPTIONS /api/v1/backupplans HTTP/1.1" 200 23 "https://ui-dev.k8strilio.net/" "Mozilla/5.0 (Macintosh; Intel Mac OS X 10_15_7) AppleWebKit/537.36 (KHTML, like Gecko) Chrome/89.0.4389.114 Safari/537.36" "-"
10.92.1.1 - - [06/Apr/2021:08:52:52 +0000] "POST /api/v1/backupplans HTTP/1.1" 201 551 "https://ui-dev.k8strilio.net/" "Mozilla/5.0 (Macintosh; Intel Mac OS X 10_15_7) AppleWebKit/537.36 (KHTML, like Gecko) Chrome/89.0.4389.114 Safari/537.36" "-"
10.92.1.1 - - [06/Apr/2021:08:52:52 +0000] "POST /api/sockjs/470/4yx0qsla/xhr?t=1617699152409 HTTP/1.1" 200 2441 "https://ui-qa-1.k8strilio.net/velero/backups" "Mozilla/5.0 (Macintosh; Intel Mac OS X 10_15_7) AppleWebKit/537.36 (KHTML, like Gecko) Chrome/89.0.4389.114 Safari/537.36" "-"
10.92.1.1 - - [06/Apr/2021:08:52:52 +0000] "POST /api/sockjs/885/thurozpl/xhr?t=1617699152377 HTTP/1.1" 200 2441 "https://ui-dev.k8strilio.net/" "Mozilla/5.0 (Macintosh; Intel Mac OS X 10_15_7) AppleWebKit/537.36 (KHTML, like Gecko) Chrome/89.0.4389.114 Safari/537.36" "-"
10.92.1.1 - - [06/Apr/2021:08:52:53 +0000] "OPTIONS /api/v1/backupplans/list?backupNamespace=pushkar&page=1&pageSize=10000&ordering=-creationTimestamp HTTP/1.1" 200 23 "https://ui-dev.k8strilio.net/" "Mozilla/5.0 (Macintosh; Intel Mac OS X 10_15_7) AppleWebKit/537.36 (KHTML, like Gecko) Chrome/89.0.4389.114 Safari/537.36" "-"
10.142.0.102 - - [06/Apr/2021:08:52:53 +0000] "OPTIONS /api/v1/summary?namespace=pushkar&scope=Namespace HTTP/1.1" 200 23 "https://ui-dev.k8strilio.net/" "Mozilla/5.0 (Macintosh; Intel Mac OS X 10_15_7) AppleWebKit/537.36 (KHTML, like Gecko) Chrome/89.0.4389.114 Safari/537.36" "-"
10.92.1.1 - - [06/Apr/2021:08:52:53 +0000] "POST /api/sockjs/470/4yx0qsla/xhr?t=1617699173030 HTTP/1.1" 200 1562 "https://ui-qa-1.k8strilio.net/velero/backups" "Mozilla/5.0 (Macintosh; Intel Mac OS X 10_15_7) AppleWebKit/537.36 (KHTML, like Gecko) Chrome/89.0.4389.114 Safari/537.36" "-"
10.92.1.1 - - [06/Apr/2021:08:52:53 +0000] "POST /api/sockjs/885/thurozpl/xhr?t=1617699173025 HTTP/1.1" 200 1562 "https://ui-dev.k8strilio.net/" "Mozilla/5.0 (Macintosh; Intel Mac OS X 10_15_7) AppleWebKit/537.36 (KHTML, like Gecko) Chrome/89.0.4389.114 Safari/537.36" "-"
10.92.1.1 - - [06/Apr/2021:08:52:53 +0000] "POST /api/v1/backupplans/list?backupNamespace=pushkar&page=1&pageSize=10000&ordering=-creationTimestamp HTTP/1.1" 200 618 "https://ui-dev.k8strilio.net/" "Mozilla/5.0 (Macintosh; Intel Mac OS X 10_15_7) AppleWebKit/537.36 (KHTML, like Gecko) Chrome/89.0.4389.114 Safari/537.36" "-"
10.142.0.102 - - [06/Apr/2021:08:52:53 +0000] "POST /api/v1/summary?namespace=pushkar&scope=Namespace HTTP/1.1" 200 337 "https://ui-dev.k8strilio.net/" "Mozilla/5.0 (Macintosh; Intel Mac OS X 10_15_7) AppleWebKit/537.36 (KHTML, like Gecko) Chrome/89.0.4389.114 Safari/537.36" "-"
10.92.1.1 - - [06/Apr/2021:08:52:54 +0000] "POST /api/sockjs/885/thurozpl/xhr?t=1617699173304 HTTP/1.1" 200 2620 "https://ui-dev.k8strilio.net/" "Mozilla/5.0 (Macintosh; Intel Mac OS X 10_15_7) AppleWebKit/537.36 (KHTML, like Gecko) Chrome/89.0.4389.114 Safari/537.36" "-"
10.92.1.1 - - [06/Apr/2021:08:52:54 +0000] "POST /api/sockjs/470/4yx0qsla/xhr?t=1617699173297 HTTP/1.1" 200 2620 "https://ui-qa-1.k8strilio.net/velero/backups" "Mozilla/5.0 (Macintosh; Intel Mac OS X 10_15_7) AppleWebKit/537.36 (KHTML, like Gecko) Chrome/89.0.4389.114 Safari/537.36" "-"
10.92.1.1 - - [06/Apr/2021:08:52:54 +0000] "POST /api/sockjs/470/4yx0qsla/xhr?t=1617699174338 HTTP/1.1" 200 5293 "https://ui-qa-1.k8strilio.net/velero/backups" "Mozilla/5.0 (Macintosh; Intel Mac OS X 10_15_7) AppleWebKit/537.36 (KHTML, like Gecko) Chrome/89.0.4389.114 Safari/537.36" "-"
10.92.1.1 - - [06/Apr/2021:08:52:54 +0000] "POST /api/sockjs/885/thurozpl/xhr?t=1617699174333 HTTP/1.1" 200 5293 "https://ui-dev.k8strilio.net/" "Mozilla/5.0 (Macintosh; Intel Mac OS X 10_15_7) AppleWebKit/537.36 (KHTML, like Gecko) Chrome/89.0.4389.114 Safari/537.36" "-"
10.92.1.1 - - [06/Apr/2021:08:52:55 +0000] "OPTIONS /api/v1/policies?type=Retention HTTP/1.1" 200 23 "https://ui-dev.k8strilio.net/" "Mozilla/5.0 (Macintosh; Intel Mac OS X 10_15_7) AppleWebKit/537.36 (KHTML, like Gecko) Chrome/89.0.4389.114 Safari/537.36" "-"
10.142.0.102 - - [06/Apr/2021:08:52:55 +0000] "OPTIONS /api/v1/targets?pageSize=10000&page=1&ordering=-creationTimestamp HTTP/1.1" 200 23 "https://ui-dev.k8strilio.net/" "Mozilla/5.0 (Macintosh; Intel Mac OS X 10_15_7) AppleWebKit/537.36 (KHTML, like Gecko) Chrome/89.0.4389.114 Safari/537.36" "-"
10.92.1.1 - - [06/Apr/2021:08:52:55 +0000] "GET /api/v1/targets?pageSize=10000&page=1&ordering=-creationTimestamp HTTP/1.1" 200 1241 "https://ui-dev.k8strilio.net/" "Mozilla/5.0 (Macintosh; Intel Mac OS X 10_15_7) AppleWebKit/537.36 (KHTML, like Gecko) Chrome/89.0.4389.114 Safari/537.36" "-"
10.142.0.102 - - [06/Apr/2021:08:52:55 +0000] "GET /api/v1/policies?type=Retention HTTP/1.1" 200 508 "https://ui-dev.k8strilio.net/" "Mozilla/5.0 (Macintosh; Intel Mac OS X 10_15_7) AppleWebKit/537.36 (KHTML, like Gecko) Chrome/89.0.4389.114 Safari/537.36" "-"
10.92.1.1 - - [06/Apr/2021:08:52:55 +0000] "POST /api/sockjs/470/4yx0qsla/xhr?t=1617699174631 HTTP/1.1" 200 2654 "https://ui-qa-1.k8strilio.net/velero/backups" "Mozilla/5.0 (Macintosh; Intel Mac OS X 10_15_7) AppleWebKit/537.36 (KHTML, like Gecko) Chrome/89.0.4389.114 Safari/537.36" "-"
10.92.1.1 - - [06/Apr/2021:08:52:55 +0000] "POST /api/sockjs/885/thurozpl/xhr?t=1617699174647 HTTP/1.1" 200 2654 "https://ui-dev.k8strilio.net/" "Mozilla/5.0 (Macintosh; Intel Mac OS X 10_15_7) AppleWebKit/537.36 (KHTML, like Gecko) Chrome/89.0.4389.114 Safari/537.36" "-"
10.92.1.1 - - [06/Apr/2021:08:52:55 +0000] "POST /api/sockjs/885/thurozpl/xhr?t=1617699175655 HTTP/1.1" 200 2653 "https://ui-dev.k8strilio.net/" "Mozilla/5.0 (Macintosh; Intel Mac OS X 10_15_7) AppleWebKit/537.36 (KHTML, like Gecko) Chrome/89.0.4389.114 Safari/537.36" "-"
10.92.1.1 - - [06/Apr/2021:08:52:55 +0000] "POST /api/sockjs/470/4yx0qsla/xhr?t=1617699175672 HTTP/1.1" 200 2653 "https://ui-qa-1.k8strilio.net/velero/backups" "Mozilla/5.0 (Macintosh; Intel Mac OS X 10_15_7) AppleWebKit/537.36 (KHTML, like Gecko) Chrome/89.0.4389.114 Safari/537.36" "-"
10.142.0.102 - - [06/Apr/2021:08:53:10 +0000] "OPTIONS /api/v1/backupplans HTTP/1.1" 200 23 "https://ui-dev.k8strilio.net/" "Mozilla/5.0 (Macintosh; Intel Mac OS X 10_15_7) AppleWebKit/537.36 (KHTML, like Gecko) Chrome/89.0.4389.114 Safari/537.36" "-"
10.142.0.102 - - [06/Apr/2021:08:53:10 +0000] "POST /api/v1/backupplans HTTP/1.1" 201 555 "https://ui-dev.k8strilio.net/" "Mozilla/5.0 (Macintosh; Intel Mac OS X 10_15_7) AppleWebKit/537.36 (KHTML, like Gecko) Chrome/89.0.4389.114 Safari/537.36" "-"
10.92.1.1 - - [06/Apr/2021:08:53:10 +0000] "POST /api/sockjs/885/thurozpl/xhr?t=1617699175933 HTTP/1.1" 200 2809 "https://ui-dev.k8strilio.net/" "Mozilla/5.0 (Macintosh; Intel Mac OS X 10_15_7) AppleWebKit/537.36 (KHTML, like Gecko) Chrome/89.0.4389.114 Safari/537.36" "-"
10.92.1.1 - - [06/Apr/2021:08:53:10 +0000] "POST /api/sockjs/470/4yx0qsla/xhr?t=1617699175936 HTTP/1.1" 200 2809 "https://ui-qa-1.k8strilio.net/velero/backups" "Mozilla/5.0 (Macintosh; Intel Mac OS X 10_15_7) AppleWebKit/537.36 (KHTML, like Gecko) Chrome/89.0.4389.114 Safari/537.36" "-"
10.92.1.1 - - [06/Apr/2021:08:53:10 +0000] "POST /api/sockjs/470/4yx0qsla/xhr?t=1617699190738 HTTP/1.1" 200 1930 "https://ui-qa-1.k8strilio.net/velero/backups" "Mozilla/5.0 (Macintosh; Intel Mac OS X 10_15_7) AppleWebKit/537.36 (KHTML, like Gecko) Chrome/89.0.4389.114 Safari/537.36" "-"
10.92.1.1 - - [06/Apr/2021:08:53:10 +0000] "OPTIONS /api/v1/backupplans/list?backupNamespace=pushkar&page=1&pageSize=10000&ordering=-creationTimestamp HTTP/1.1" 200 23 "https://ui-dev.k8strilio.net/" "Mozilla/5.0 (Macintosh; Intel Mac OS X 10_15_7) AppleWebKit/537.36 (KHTML, like Gecko) Chrome/89.0.4389.114 Safari/537.36" "-"
10.142.0.102 - - [06/Apr/2021:08:53:10 +0000] "OPTIONS /api/v1/summary?namespace=pushkar&scope=Namespace HTTP/1.1" 200 23 "https://ui-dev.k8strilio.net/" "Mozilla/5.0 (Macintosh; Intel Mac OS X 10_15_7) AppleWebKit/537.36 (KHTML, like Gecko) Chrome/89.0.4389.114 Safari/537.36" "-"
10.92.1.1 - - [06/Apr/2021:08:53:11 +0000] "POST /api/sockjs/885/thurozpl/xhr?t=1617699190876 HTTP/1.1" 200 1930 "https://ui-dev.k8strilio.net/" "Mozilla/5.0 (Macintosh; Intel Mac OS X 10_15_7) AppleWebKit/537.36 (KHTML, like Gecko) Chrome/89.0.4389.114 Safari/537.36" "-"
10.142.0.102 - - [06/Apr/2021:08:53:11 +0000] "POST /api/v1/backupplans/list?backupNamespace=pushkar&page=1&pageSize=10000&ordering=-creationTimestamp HTTP/1.1" 200 823 "https://ui-dev.k8strilio.net/" "Mozilla/5.0 (Macintosh; Intel Mac OS X 10_15_7) AppleWebKit/537.36 (KHTML, like Gecko) Chrome/89.0.4389.114 Safari/537.36" "-"
10.92.1.1 - - [06/Apr/2021:08:53:11 +0000] "POST /api/v1/summary?namespace=pushkar&scope=Namespace HTTP/1.1" 200 356 "https://ui-dev.k8strilio.net/" "Mozilla/5.0 (Macintosh; Intel Mac OS X 10_15_7) AppleWebKit/537.36 (KHTML, like Gecko) Chrome/89.0.4389.114 Safari/537.36" "-"
10.92.1.1 - - [06/Apr/2021:08:53:11 +0000] "POST /api/sockjs/470/4yx0qsla/xhr?t=1617699191022 HTTP/1.1" 200 2988 "https://ui-qa-1.k8strilio.net/velero/backups" "Mozilla/5.0 (Macintosh; Intel Mac OS X 10_15_7) AppleWebKit/537.36 (KHTML, like Gecko) Chrome/89.0.4389.114 Safari/537.36" "-"
10.92.1.1 - - [06/Apr/2021:08:53:11 +0000] "POST /api/sockjs/885/thurozpl/xhr?t=1617699191133 HTTP/1.1" 200 2988 "https://ui-dev.k8strilio.net/" "Mozilla/5.0 (Macintosh; Intel Mac OS X 10_15_7) AppleWebKit/537.36 (KHTML, like Gecko) Chrome/89.0.4389.114 Safari/537.36" "-"
10.92.1.1 - - [06/Apr/2021:08:53:12 +0000] "POST /api/sockjs/470/4yx0qsla/xhr?t=1617699192038 HTTP/1.1" 200 6029 "https://ui-qa-1.k8strilio.net/velero/backups" "Mozilla/5.0 (Macintosh; Intel Mac OS X 10_15_7) AppleWebKit/537.36 (KHTML, like Gecko) Chrome/89.0.4389.114 Safari/537.36" "-"
10.92.1.1 - - [06/Apr/2021:08:53:12 +0000] "POST /api/sockjs/885/thurozpl/xhr?t=1617699192059 HTTP/1.1" 200 6029 "https://ui-dev.k8strilio.net/" "Mozilla/5.0 (Macintosh; Intel Mac OS X 10_15_7) AppleWebKit/537.36 (KHTML, like Gecko) Chrome/89.0.4389.114 Safari/537.36" "-"
10.92.1.1 - - [06/Apr/2021:08:53:13 +0000] "POST /api/sockjs/885/thurozpl/xhr?t=1617699192337 HTTP/1.1" 200 3022 "https://ui-dev.k8strilio.net/" "Mozilla/5.0 (Macintosh; Intel Mac OS X 10_15_7) AppleWebKit/537.36 (KHTML, like Gecko) Chrome/89.0.4389.114 Safari/537.36" "-"
10.92.1.1 - - [06/Apr/2021:08:53:13 +0000] "POST /api/sockjs/470/4yx0qsla/xhr?t=1617699192310 HTTP/1.1" 200 3022 "https://ui-qa-1.k8strilio.net/velero/backups" "Mozilla/5.0 (Macintosh; Intel Mac OS X 10_15_7) AppleWebKit/537.36 (KHTML, like Gecko) Chrome/89.0.4389.114 Safari/537.36" "-"
10.92.1.1 - - [06/Apr/2021:08:53:13 +0000] "POST /api/sockjs/470/4yx0qsla/xhr?t=1617699193211 HTTP/1.1" 200 3021 "https://ui-qa-1.k8strilio.net/velero/backups" "Mozilla/5.0 (Macintosh; Intel Mac OS X 10_15_7) AppleWebKit/537.36 (KHTML, like Gecko) Chrome/89.0.4389.114 Safari/537.36" "-"
10.92.1.1 - - [06/Apr/2021:08:53:13 +0000] "POST /api/sockjs/885/thurozpl/xhr?t=1617699193219 HTTP/1.1" 200 3021 "https://ui-dev.k8strilio.net/" "Mozilla/5.0 (Macintosh; Intel Mac OS X 10_15_7) AppleWebKit/537.36 (KHTML, like Gecko) Chrome/89.0.4389.114 Safari/537.36" "-"
10.92.1.1 - - [06/Apr/2021:08:53:16 +0000] "OPTIONS /api/v1/hooks?page=1&pageSize=12&namespace=pushkar HTTP/1.1" 200 23 "https://ui-dev.k8strilio.net/" "Mozilla/5.0 (Macintosh; Intel Mac OS X 10_15_7) AppleWebKit/537.36 (KHTML, like Gecko) Chrome/89.0.4389.114 Safari/537.36" "-"
10.92.1.1 - - [06/Apr/2021:08:53:17 +0000] "GET /api/v1/hooks?page=1&pageSize=12&namespace=pushkar HTTP/1.1" 200 468 "https://ui-dev.k8strilio.net/" "Mozilla/5.0 (Macintosh; Intel Mac OS X 10_15_7) AppleWebKit/537.36 (KHTML, like Gecko) Chrome/89.0.4389.114 Safari/537.36" "-"
10.92.1.1 - - [06/Apr/2021:08:53:18 +0000] "OPTIONS /api/v1/policies?page=1&pageSize=12&ordering=-creationTimestamp&type=Retention&namespace=pushkar HTTP/1.1" 200 23 "https://ui-dev.k8strilio.net/" "Mozilla/5.0 (Macintosh; Intel Mac OS X 10_15_7) AppleWebKit/537.36 (KHTML, like Gecko) Chrome/89.0.4389.114 Safari/537.36" "-"
10.92.1.1 - - [06/Apr/2021:08:53:18 +0000] "GET /api/v1/policies?page=1&pageSize=12&ordering=-creationTimestamp&type=Retention&namespace=pushkar HTTP/1.1" 200 508 "https://ui-dev.k8strilio.net/" "Mozilla/5.0 (Macintosh; Intel Mac OS X 10_15_7) AppleWebKit/537.36 (KHTML, like Gecko) Chrome/89.0.4389.114 Safari/537.36" "-"
10.92.1.1 - - [06/Apr/2021:08:53:20 +0000] "GET /api/v1/hooks?page=1&pageSize=12&namespace=pushkar HTTP/1.1" 200 468 "https://ui-dev.k8strilio.net/" "Mozilla/5.0 (Macintosh; Intel Mac OS X 10_15_7) AppleWebKit/537.36 (KHTML, like Gecko) Chrome/89.0.4389.114 Safari/537.36" "-"
10.92.1.1 - - [06/Apr/2021:08:53:21 +0000] "GET /api/v1/policies?page=1&pageSize=12&ordering=-creationTimestamp&type=Retention&namespace=pushkar HTTP/1.1" 200 508 "https://ui-dev.k8strilio.net/" "Mozilla/5.0 (Macintosh; Intel Mac OS X 10_15_7) AppleWebKit/537.36 (KHTML, like Gecko) Chrome/89.0.4389.114 Safari/537.36" "-"
10.92.1.1 - - [06/Apr/2021:08:53:22 +0000] "OPTIONS /api/v1/targets?pageSize=12&page=1&namespace=pushkar&ordering=-creationTimestamp HTTP/1.1" 200 23 "https://ui-dev.k8strilio.net/" "Mozilla/5.0 (Macintosh; Intel Mac OS X 10_15_7) AppleWebKit/537.36 (KHTML, like Gecko) Chrome/89.0.4389.114 Safari/537.36" "-"
10.142.0.102 - - [06/Apr/2021:08:53:22 +0000] "OPTIONS /nfs-target-ns.pushkar/readyz?t=1617699202400 HTTP/1.1" 200 23 "https://ui-dev.k8strilio.net/" "Mozilla/5.0 (Macintosh; Intel Mac OS X 10_15_7) AppleWebKit/537.36 (KHTML, like Gecko) Chrome/89.0.4389.114 Safari/537.36" "-"
10.142.0.102 - - [06/Apr/2021:08:53:22 +0000] "GET /nfs-target-ns.pushkar/readyz?t=1617699202400 HTTP/1.1" 200 23 "https://ui-dev.k8strilio.net/" "Mozilla/5.0 (Macintosh; Intel Mac OS X 10_15_7) AppleWebKit/537.36 (KHTML, like Gecko) Chrome/89.0.4389.114 Safari/537.36" "-"
10.92.1.1 - - [06/Apr/2021:08:53:22 +0000] "GET /api/v1/targets?pageSize=12&page=1&namespace=pushkar&ordering=-creationTimestamp HTTP/1.1" 200 1246 "https://ui-dev.k8strilio.net/" "Mozilla/5.0 (Macintosh; Intel Mac OS X 10_15_7) AppleWebKit/537.36 (KHTML, like Gecko) Chrome/89.0.4389.114 Safari/537.36" "-"
10.92.1.1 - - [06/Apr/2021:08:53:23 +0000] "OPTIONS /nfs-target-ns.pushkar/readyz?t=1617699203072 HTTP/1.1" 200 23 "https://ui-dev.k8strilio.net/" "Mozilla/5.0 (Macintosh; Intel Mac OS X 10_15_7) AppleWebKit/537.36 (KHTML, like Gecko) Chrome/89.0.4389.114 Safari/537.36" "-"
10.92.1.1 - - [06/Apr/2021:08:53:23 +0000] "GET /nfs-target-ns.pushkar/readyz?t=1617699203072 HTTP/1.1" 200 23 "https://ui-dev.k8strilio.net/" "Mozilla/5.0 (Macintosh; Intel Mac OS X 10_15_7) AppleWebKit/537.36 (KHTML, like Gecko) Chrome/89.0.4389.114 Safari/537.36" "-"
10.92.1.1 - - [06/Apr/2021:08:53:24 +0000] "OPTIONS /api/v1/drplans?page=1&pageSize=12&ordering=-creationTimestamp HTTP/1.1" 200 23 "https://ui-dev.k8strilio.net/" "Mozilla/5.0 (Macintosh; Intel Mac OS X 10_15_7) AppleWebKit/537.36 (KHTML, like Gecko) Chrome/89.0.4389.114 Safari/537.36" "-"
10.92.1.1 - - [06/Apr/2021:08:53:24 +0000] "GET /api/v1/drplans?page=1&pageSize=12&ordering=-creationTimestamp HTTP/1.1" 200 86 "https://ui-dev.k8strilio.net/" "Mozilla/5.0 (Macintosh; Intel Mac OS X 10_15_7) AppleWebKit/537.36 (KHTML, like Gecko) Chrome/89.0.4389.114 Safari/537.36" "-"
10.142.0.102 - - [06/Apr/2021:08:53:25 +0000] "OPTIONS /nfs-target-ns.pushkar/readyz?t=1617699205291 HTTP/1.1" 200 23 "https://ui-dev.k8strilio.net/" "Mozilla/5.0 (Macintosh; Intel Mac OS X 10_15_7) AppleWebKit/537.36 (KHTML, like Gecko) Chrome/89.0.4389.114 Safari/537.36" "-"
10.92.1.1 - - [06/Apr/2021:08:53:25 +0000] "GET /api/v1/targets?pageSize=12&page=1&namespace=pushkar&ordering=-creationTimestamp HTTP/1.1" 200 1244 "https://ui-dev.k8strilio.net/" "Mozilla/5.0 (Macintosh; Intel Mac OS X 10_15_7) AppleWebKit/537.36 (KHTML, like Gecko) Chrome/89.0.4389.114 Safari/537.36" "-"
10.142.0.102 - - [06/Apr/2021:08:53:25 +0000] "GET /nfs-target-ns.pushkar/readyz?t=1617699205291 HTTP/1.1" 200 23 "https://ui-dev.k8strilio.net/" "Mozilla/5.0 (Macintosh; Intel Mac OS X 10_15_7) AppleWebKit/537.36 (KHTML, like Gecko) Chrome/89.0.4389.114 Safari/537.36" "-"
10.92.1.1 - - [06/Apr/2021:08:53:25 +0000] "OPTIONS /nfs-target-ns.pushkar/readyz?t=1617699205663 HTTP/1.1" 200 23 "https://ui-dev.k8strilio.net/" "Mozilla/5.0 (Macintosh; Intel Mac OS X 10_15_7) AppleWebKit/537.36 (KHTML, like Gecko) Chrome/89.0.4389.114 Safari/537.36" "-"
10.142.0.102 - - [06/Apr/2021:08:53:25 +0000] "OPTIONS /api/v1/policies?page=1&pageSize=12&ordering=-creationTimestamp&type=Retention&namespace=pushkar HTTP/1.1" 200 23 "https://ui-dev.k8strilio.net/" "Mozilla/5.0 (Macintosh; Intel Mac OS X 10_15_7) AppleWebKit/537.36 (KHTML, like Gecko) Chrome/89.0.4389.114 Safari/537.36" "-"
10.92.1.1 - - [06/Apr/2021:08:53:26 +0000] "GET /nfs-target-ns.pushkar/readyz?t=1617699205663 HTTP/1.1" 200 23 "https://ui-dev.k8strilio.net/" "Mozilla/5.0 (Macintosh; Intel Mac OS X 10_15_7) AppleWebKit/537.36 (KHTML, like Gecko) Chrome/89.0.4389.114 Safari/537.36" "-"
10.142.0.102 - - [06/Apr/2021:08:53:26 +0000] "GET /api/v1/policies?page=1&pageSize=12&ordering=-creationTimestamp&type=Retention&namespace=pushkar HTTP/1.1" 200 508 "https://ui-dev.k8strilio.net/" "Mozilla/5.0 (Macintosh; Intel Mac OS X 10_15_7) AppleWebKit/537.36 (KHTML, like Gecko) Chrome/89.0.4389.114 Safari/537.36" "-"
10.92.1.1 - - [06/Apr/2021:08:53:26 +0000] "OPTIONS /api/v1/hooks?page=1&pageSize=12&namespace=pushkar HTTP/1.1" 200 23 "https://ui-dev.k8strilio.net/" "Mozilla/5.0 (Macintosh; Intel Mac OS X 10_15_7) AppleWebKit/537.36 (KHTML, like Gecko) Chrome/89.0.4389.114 Safari/537.36" "-"
10.92.1.1 - - [06/Apr/2021:08:53:26 +0000] "GET /api/v1/hooks?page=1&pageSize=12&namespace=pushkar HTTP/1.1" 200 468 "https://ui-dev.k8strilio.net/" "Mozilla/5.0 (Macintosh; Intel Mac OS X 10_15_7) AppleWebKit/537.36 (KHTML, like Gecko) Chrome/89.0.4389.114 Safari/537.36" "-"
10.92.1.1 - - [06/Apr/2021:08:53:26 +0000] "OPTIONS /api/v1/applicationTooling?namespace=pushkar&pageSize=10000 HTTP/1.1" 200 23 "https://ui-dev.k8strilio.net/" "Mozilla/5.0 (Macintosh; Intel Mac OS X 10_15_7) AppleWebKit/537.36 (KHTML, like Gecko) Chrome/89.0.4389.114 Safari/537.36" "-"
10.142.0.102 - - [06/Apr/2021:08:53:26 +0000] "OPTIONS /api/v1/backupplans/list?backupNamespace=pushkar&page=1&pageSize=12&ordering=-creationTimestamp HTTP/1.1" 200 23 "https://ui-dev.k8strilio.net/" "Mozilla/5.0 (Macintosh; Intel Mac OS X 10_15_7) AppleWebKit/537.36 (KHTML, like Gecko) Chrome/89.0.4389.114 Safari/537.36" "-"
10.92.1.1 - - [06/Apr/2021:08:53:27 +0000] "POST /api/v1/backupplans/list?backupNamespace=pushkar&page=1&pageSize=12&ordering=-creationTimestamp HTTP/1.1" 200 797 "https://ui-dev.k8strilio.net/" "Mozilla/5.0 (Macintosh; Intel Mac OS X 10_15_7) AppleWebKit/537.36 (KHTML, like Gecko) Chrome/89.0.4389.114 Safari/537.36" "-"
10.142.0.102 - - [06/Apr/2021:08:53:27 +0000] "GET /api/v1/applicationTooling?namespace=pushkar&pageSize=10000 HTTP/1.1" 200 729 "https://ui-dev.k8strilio.net/" "Mozilla/5.0 (Macintosh; Intel Mac OS X 10_15_7) AppleWebKit/537.36 (KHTML, like Gecko) Chrome/89.0.4389.114 Safari/537.36" "-"
10.92.1.1 - - [06/Apr/2021:08:53:38 +0000] "POST /api/sockjs/470/4yx0qsla/xhr?t=1617699193470 HTTP/1.1" 200 2 "https://ui-qa-1.k8strilio.net/velero/backups" "Mozilla/5.0 (Macintosh; Intel Mac OS X 10_15_7) AppleWebKit/537.36 (KHTML, like Gecko) Chrome/89.0.4389.114 Safari/537.36" "-"
10.92.1.1 - - [06/Apr/2021:08:53:38 +0000] "POST /api/sockjs/885/thurozpl/xhr?t=1617699193489 HTTP/1.1" 200 2 "https://ui-dev.k8strilio.net/" "Mozilla/5.0 (Macintosh; Intel Mac OS X 10_15_7) AppleWebKit/537.36 (KHTML, like Gecko) Chrome/89.0.4389.114 Safari/537.36" "-"
10.92.1.1 - - [06/Apr/2021:08:54:03 +0000] "POST /api/sockjs/470/4yx0qsla/xhr?t=1617699218761 HTTP/1.1" 200 2 "https://ui-qa-1.k8strilio.net/velero/backups" "Mozilla/5.0 (Macintosh; Intel Mac OS X 10_15_7) AppleWebKit/537.36 (KHTML, like Gecko) Chrome/89.0.4389.114 Safari/537.36" "-"
10.92.1.1 - - [06/Apr/2021:08:54:03 +0000] "POST /api/sockjs/885/thurozpl/xhr?t=1617699218761 HTTP/1.1" 200 2 "https://ui-dev.k8strilio.net/" "Mozilla/5.0 (Macintosh; Intel Mac OS X 10_15_7) AppleWebKit/537.36 (KHTML, like Gecko) Chrome/89.0.4389.114 Safari/537.36" "-"
10.92.1.1 - - [06/Apr/2021:08:54:29 +0000] "POST /api/sockjs/470/4yx0qsla/xhr?t=1617699244021 HTTP/1.1" 200 2 "https://ui-qa-1.k8strilio.net/velero/backups" "Mozilla/5.0 (Macintosh; Intel Mac OS X 10_15_7) AppleWebKit/537.36 (KHTML, like Gecko) Chrome/89.0.4389.114 Safari/537.36" "-"
10.92.1.1 - - [06/Apr/2021:08:54:29 +0000] "POST /api/sockjs/885/thurozpl/xhr?t=1617699244032 HTTP/1.1" 200 2 "https://ui-dev.k8strilio.net/" "Mozilla/5.0 (Macintosh; Intel Mac OS X 10_15_7) AppleWebKit/537.36 (KHTML, like Gecko) Chrome/89.0.4389.114 Safari/537.36" "-"
10.92.1.1 - - [06/Apr/2021:08:54:54 +0000] "POST /api/sockjs/470/4yx0qsla/xhr?t=1617699269276 HTTP/1.1" 200 2 "https://ui-qa-1.k8strilio.net/velero/backups" "Mozilla/5.0 (Macintosh; Intel Mac OS X 10_15_7) AppleWebKit/537.36 (KHTML, like Gecko) Chrome/89.0.4389.114 Safari/537.36" "-"
10.92.1.1 - - [06/Apr/2021:08:54:54 +0000] "POST /api/sockjs/885/thurozpl/xhr?t=1617699269303 HTTP/1.1" 200 2 "https://ui-dev.k8strilio.net/" "Mozilla/5.0 (Macintosh; Intel Mac OS X 10_15_7) AppleWebKit/537.36 (KHTML, like Gecko) Chrome/89.0.4389.114 Safari/537.36" "-"
10.92.1.1 - - [06/Apr/2021:08:55:19 +0000] "POST /api/sockjs/470/4yx0qsla/xhr?t=1617699294533 HTTP/1.1" 200 2 "https://ui-qa-1.k8strilio.net/velero/backups" "Mozilla/5.0 (Macintosh; Intel Mac OS X 10_15_7) AppleWebKit/537.36 (KHTML, like Gecko) Chrome/89.0.4389.114 Safari/537.36" "-"
10.92.1.1 - - [06/Apr/2021:08:55:19 +0000] "POST /api/sockjs/885/thurozpl/xhr?t=1617699294572 HTTP/1.1" 200 2 "https://ui-dev.k8strilio.net/" "Mozilla/5.0 (Macintosh; Intel Mac OS X 10_15_7) AppleWebKit/537.36 (KHTML, like Gecko) Chrome/89.0.4389.114 Safari/537.36" "-"
10.92.1.1 - - [06/Apr/2021:08:55:44 +0000] "POST /api/sockjs/470/4yx0qsla/xhr?t=1617699319792 HTTP/1.1" 200 2 "https://ui-qa-1.k8strilio.net/velero/backups" "Mozilla/5.0 (Macintosh; Intel Mac OS X 10_15_7) AppleWebKit/537.36 (KHTML, like Gecko) Chrome/89.0.4389.114 Safari/537.36" "-"
10.92.1.1 - - [06/Apr/2021:08:55:45 +0000] "POST /api/sockjs/885/thurozpl/xhr?t=1617699319845 HTTP/1.1" 200 2 "https://ui-dev.k8strilio.net/" "Mozilla/5.0 (Macintosh; Intel Mac OS X 10_15_7) AppleWebKit/537.36 (KHTML, like Gecko) Chrome/89.0.4389.114 Safari/537.36" "-"
10.92.1.1 - - [06/Apr/2021:08:56:10 +0000] "POST /api/sockjs/470/4yx0qsla/xhr?t=1617699345120 HTTP/1.1" 200 2 "https://ui-qa-1.k8strilio.net/velero/backups" "Mozilla/5.0 (Macintosh; Intel Mac OS X 10_15_7) AppleWebKit/537.36 (KHTML, like Gecko) Chrome/89.0.4389.114 Safari/537.36" "-"
10.92.1.1 - - [06/Apr/2021:08:56:10 +0000] "POST /api/sockjs/885/thurozpl/xhr?t=1617699345127 HTTP/1.1" 200 2 "https://ui-dev.k8strilio.net/" "Mozilla/5.0 (Macintosh; Intel Mac OS X 10_15_7) AppleWebKit/537.36 (KHTML, like Gecko) Chrome/89.0.4389.114 Safari/537.36" "-"
10.92.1.1 - - [06/Apr/2021:08:56:35 +0000] "POST /api/sockjs/470/4yx0qsla/xhr?t=1617699370380 HTTP/1.1" 200 2 "https://ui-qa-1.k8strilio.net/velero/backups" "Mozilla/5.0 (Macintosh; Intel Mac OS X 10_15_7) AppleWebKit/537.36 (KHTML, like Gecko) Chrome/89.0.4389.114 Safari/537.36" "-"
10.92.1.1 - - [06/Apr/2021:08:56:35 +0000] "POST /api/sockjs/885/thurozpl/xhr?t=1617699370396 HTTP/1.1" 200 2 "https://ui-dev.k8strilio.net/" "Mozilla/5.0 (Macintosh; Intel Mac OS X 10_15_7) AppleWebKit/537.36 (KHTML, like Gecko) Chrome/89.0.4389.114 Safari/537.36" "-"
10.92.1.1 - - [06/Apr/2021:08:57:00 +0000] "POST /api/sockjs/470/4yx0qsla/xhr?t=1617699395637 HTTP/1.1" 200 2 "https://ui-qa-1.k8strilio.net/velero/backups" "Mozilla/5.0 (Macintosh; Intel Mac OS X 10_15_7) AppleWebKit/537.36 (KHTML, like Gecko) Chrome/89.0.4389.114 Safari/537.36" "-"
10.92.1.1 - - [06/Apr/2021:08:57:00 +0000] "POST /api/sockjs/885/thurozpl/xhr?t=1617699395665 HTTP/1.1" 200 2 "https://ui-dev.k8strilio.net/" "Mozilla/5.0 (Macintosh; Intel Mac OS X 10_15_7) AppleWebKit/537.36 (KHTML, like Gecko) Chrome/89.0.4389.114 Safari/537.36" "-"
10.92.1.1 - - [06/Apr/2021:08:57:26 +0000] "POST /api/sockjs/470/4yx0qsla/xhr?t=1617699420897 HTTP/1.1" 200 2 "https://ui-qa-1.k8strilio.net/velero/backups" "Mozilla/5.0 (Macintosh; Intel Mac OS X 10_15_7) AppleWebKit/537.36 (KHTML, like Gecko) Chrome/89.0.4389.114 Safari/537.36" "-"
10.92.1.1 - - [06/Apr/2021:08:57:26 +0000] "POST /api/sockjs/885/thurozpl/xhr?t=1617699420936 HTTP/1.1" 200 2 "https://ui-dev.k8strilio.net/" "Mozilla/5.0 (Macintosh; Intel Mac OS X 10_15_7) AppleWebKit/537.36 (KHTML, like Gecko) Chrome/89.0.4389.114 Safari/537.36" "-"
10.92.1.1 - - [06/Apr/2021:08:57:51 +0000] "POST /api/sockjs/470/4yx0qsla/xhr?t=1617699446161 HTTP/1.1" 200 2 "https://ui-qa-1.k8strilio.net/velero/backups" "Mozilla/5.0 (Macintosh; Intel Mac OS X 10_15_7) AppleWebKit/537.36 (KHTML, like Gecko) Chrome/89.0.4389.114 Safari/537.36" "-"
10.92.1.1 - - [06/Apr/2021:08:57:51 +0000] "POST /api/sockjs/885/thurozpl/xhr?t=1617699446207 HTTP/1.1" 200 2 "https://ui-dev.k8strilio.net/" "Mozilla/5.0 (Macintosh; Intel Mac OS X 10_15_7) AppleWebKit/537.36 (KHTML, like Gecko) Chrome/89.0.4389.114 Safari/537.36" "-"
10.92.1.1 - - [06/Apr/2021:08:58:16 +0000] "POST /api/sockjs/470/4yx0qsla/xhr?t=1617699471420 HTTP/1.1" 200 2 "https://ui-qa-1.k8strilio.net/velero/backups" "Mozilla/5.0 (Macintosh; Intel Mac OS X 10_15_7) AppleWebKit/537.36 (KHTML, like Gecko) Chrome/89.0.4389.114 Safari/537.36" "-"
10.92.1.1 - - [06/Apr/2021:08:58:16 +0000] "POST /api/sockjs/885/thurozpl/xhr?t=1617699471479 HTTP/1.1" 200 2 "https://ui-dev.k8strilio.net/" "Mozilla/5.0 (Macintosh; Intel Mac OS X 10_15_7) AppleWebKit/537.36 (KHTML, like Gecko) Chrome/89.0.4389.114 Safari/537.36" "-"
10.92.1.1 - - [06/Apr/2021:08:58:41 +0000] "POST /api/sockjs/470/4yx0qsla/xhr?t=1617699496676 HTTP/1.1" 200 2 "https://ui-qa-1.k8strilio.net/velero/backups" "Mozilla/5.0 (Macintosh; Intel Mac OS X 10_15_7) AppleWebKit/537.36 (KHTML, like Gecko) Chrome/89.0.4389.114 Safari/537.36" "-"
10.92.1.1 - - [06/Apr/2021:08:58:41 +0000] "POST /api/sockjs/885/thurozpl/xhr?t=1617699496748 HTTP/1.1" 200 2 "https://ui-dev.k8strilio.net/" "Mozilla/5.0 (Macintosh; Intel Mac OS X 10_15_7) AppleWebKit/537.36 (KHTML, like Gecko) Chrome/89.0.4389.114 Safari/537.36" "-"
10.92.1.1 - - [06/Apr/2021:08:59:07 +0000] "POST /api/sockjs/470/4yx0qsla/xhr?t=1617699521936 HTTP/1.1" 200 2 "https://ui-qa-1.k8strilio.net/velero/backups" "Mozilla/5.0 (Macintosh; Intel Mac OS X 10_15_7) AppleWebKit/537.36 (KHTML, like Gecko) Chrome/89.0.4389.114 Safari/537.36" "-"
10.92.1.1 - - [06/Apr/2021:08:59:07 +0000] "POST /api/sockjs/885/thurozpl/xhr?t=1617699522019 HTTP/1.1" 200 2 "https://ui-dev.k8strilio.net/" "Mozilla/5.0 (Macintosh; Intel Mac OS X 10_15_7) AppleWebKit/537.36 (KHTML, like Gecko) Chrome/89.0.4389.114 Safari/537.36" "-"
10.92.1.1 - - [06/Apr/2021:08:59:32 +0000] "POST /api/sockjs/470/4yx0qsla/xhr?t=1617699547257 HTTP/1.1" 200 2 "https://ui-qa-1.k8strilio.net/velero/backups" "Mozilla/5.0 (Macintosh; Intel Mac OS X 10_15_7) AppleWebKit/537.36 (KHTML, like Gecko) Chrome/89.0.4389.114 Safari/537.36" "-"
10.92.1.1 - - [06/Apr/2021:08:59:32 +0000] "POST /api/sockjs/885/thurozpl/xhr?t=1617699547287 HTTP/1.1" 200 2 "https://ui-dev.k8strilio.net/" "Mozilla/5.0 (Macintosh; Intel Mac OS X 10_15_7) AppleWebKit/537.36 (KHTML, like Gecko) Chrome/89.0.4389.114 Safari/537.36" "-"
10.92.1.1 - - [06/Apr/2021:08:59:57 +0000] "POST /api/sockjs/470/4yx0qsla/xhr?t=1617699572516 HTTP/1.1" 200 2 "https://ui-qa-1.k8strilio.net/velero/backups" "Mozilla/5.0 (Macintosh; Intel Mac OS X 10_15_7) AppleWebKit/537.36 (KHTML, like Gecko) Chrome/89.0.4389.114 Safari/537.36" "-"
10.92.1.1 - - [06/Apr/2021:08:59:57 +0000] "POST /api/sockjs/885/thurozpl/xhr?t=1617699572555 HTTP/1.1" 200 2 "https://ui-dev.k8strilio.net/" "Mozilla/5.0 (Macintosh; Intel Mac OS X 10_15_7) AppleWebKit/537.36 (KHTML, like Gecko) Chrome/89.0.4389.114 Safari/537.36" "-"
10.92.1.1 - - [06/Apr/2021:09:00:22 +0000] "POST /api/sockjs/885/thurozpl/xhr?t=1617699597843 HTTP/1.1" 200 2 "https://ui-dev.k8strilio.net/" "Mozilla/5.0 (Macintosh; Intel Mac OS X 10_15_7) AppleWebKit/537.36 (KHTML, like Gecko) Chrome/89.0.4389.114 Safari/537.36" "-"
10.92.1.1 - - [06/Apr/2021:09:00:22 +0000] "POST /api/sockjs/470/4yx0qsla/xhr?t=1617699597843 HTTP/1.1" 200 2 "https://ui-qa-1.k8strilio.net/velero/backups" "Mozilla/5.0 (Macintosh; Intel Mac OS X 10_15_7) AppleWebKit/537.36 (KHTML, like Gecko) Chrome/89.0.4389.114 Safari/537.36" "-"
10.142.0.16 - - [06/Apr/2021:09:00:27 +0000] "GET /api/sockjs/info?t=1617699626092 HTTP/1.1" 200 80 "https://ui-qa-1.k8strilio.net/login" "Mozilla/5.0 (Macintosh; Intel Mac OS X 10_15_7) AppleWebKit/537.36 (KHTML, like Gecko) Chrome/89.0.4389.114 Safari/537.36" "-"
10.142.0.16 - - [06/Apr/2021:09:00:27 +0000] "GET /api/sockjs/884/d4narsep/websocket HTTP/1.1" 400 35 "-" "Mozilla/5.0 (Macintosh; Intel Mac OS X 10_15_7) AppleWebKit/537.36 (KHTML, like Gecko) Chrome/89.0.4389.114 Safari/537.36" "-"
10.142.0.16 - - [06/Apr/2021:09:00:37 +0000] "POST /api/sockjs/884/i3whxyde/xhr_streaming?t=1617699628152 HTTP/1.1" 499 0 "https://ui-qa-1.k8strilio.net/login" "Mozilla/5.0 (Macintosh; Intel Mac OS X 10_15_7) AppleWebKit/537.36 (KHTML, like Gecko) Chrome/89.0.4389.114 Safari/537.36" "-"
10.142.0.102 - - [06/Apr/2021:09:00:47 +0000] "GET /api/sockjs/884/z34uxxrf/htmlfile?c=_jp.alsz3y3 HTTP/1.1" 499 0 "https://ui-qa-1.k8strilio.net/login" "Mozilla/5.0 (Macintosh; Intel Mac OS X 10_15_7) AppleWebKit/537.36 (KHTML, like Gecko) Chrome/89.0.4389.114 Safari/537.36" "-"
10.92.1.1 - - [06/Apr/2021:09:00:48 +0000] "POST /api/sockjs/885/thurozpl/xhr?t=1617699623106 HTTP/1.1" 200 2 "https://ui-dev.k8strilio.net/" "Mozilla/5.0 (Macintosh; Intel Mac OS X 10_15_7) AppleWebKit/537.36 (KHTML, like Gecko) Chrome/89.0.4389.114 Safari/537.36" "-"
10.92.1.1 - - [06/Apr/2021:09:00:48 +0000] "POST /api/sockjs/470/4yx0qsla/xhr?t=1617699623115 HTTP/1.1" 200 2 "https://ui-qa-1.k8strilio.net/velero/backups" "Mozilla/5.0 (Macintosh; Intel Mac OS X 10_15_7) AppleWebKit/537.36 (KHTML, like Gecko) Chrome/89.0.4389.114 Safari/537.36" "-"
10.142.0.102 - - [06/Apr/2021:09:00:50 +0000] "POST /api/sockjs/884/pntpmby3/xhr?t=1617699650242 HTTP/1.1" 200 2 "https://ui-qa-1.k8strilio.net/login" "Mozilla/5.0 (Macintosh; Intel Mac OS X 10_15_7) AppleWebKit/537.36 (KHTML, like Gecko) Chrome/89.0.4389.114 Safari/537.36" "-"
10.142.0.102 - - [06/Apr/2021:09:00:51 +0000] "POST /api/sockjs/884/pntpmby3/xhr_send?t=1617699651064 HTTP/1.1" 204 0 "https://ui-qa-1.k8strilio.net/login" "Mozilla/5.0 (Macintosh; Intel Mac OS X 10_15_7) AppleWebKit/537.36 (KHTML, like Gecko) Chrome/89.0.4389.114 Safari/537.36" "-"
10.92.1.1 - - [06/Apr/2021:09:00:52 +0000] "POST /api/sockjs/884/pntpmby3/xhr_send?t=1617699652251 HTTP/1.1" 204 0 "https://ui-qa-1.k8strilio.net/login" "Mozilla/5.0 (Macintosh; Intel Mac OS X 10_15_7) AppleWebKit/537.36 (KHTML, like Gecko) Chrome/89.0.4389.114 Safari/537.36" "-"
10.92.1.1 - - [06/Apr/2021:09:01:13 +0000] "POST /api/sockjs/885/thurozpl/xhr?t=1617699648365 HTTP/1.1" 200 2 "https://ui-dev.k8strilio.net/" "Mozilla/5.0 (Macintosh; Intel Mac OS X 10_15_7) AppleWebKit/537.36 (KHTML, like Gecko) Chrome/89.0.4389.114 Safari/537.36" "-"
10.92.1.1 - - [06/Apr/2021:09:01:13 +0000] "POST /api/sockjs/470/4yx0qsla/xhr?t=1617699648386 HTTP/1.1" 200 2 "https://ui-qa-1.k8strilio.net/login" "Mozilla/5.0 (Macintosh; Intel Mac OS X 10_15_7) AppleWebKit/537.36 (KHTML, like Gecko) Chrome/89.0.4389.114 Safari/537.36" "-"
10.142.0.102 - - [06/Apr/2021:09:01:16 +0000] "POST /api/sockjs/884/pntpmby3/xhr?t=1617699651065 HTTP/1.1" 200 2 "https://ui-qa-1.k8strilio.net/login" "Mozilla/5.0 (Macintosh; Intel Mac OS X 10_15_7) AppleWebKit/537.36 (KHTML, like Gecko) Chrome/89.0.4389.114 Safari/537.36" "-"
10.92.1.1 - - [06/Apr/2021:09:01:38 +0000] "POST /api/sockjs/885/thurozpl/xhr?t=1617699673624 HTTP/1.1" 200 2 "https://ui-dev.k8strilio.net/" "Mozilla/5.0 (Macintosh; Intel Mac OS X 10_15_7) AppleWebKit/537.36 (KHTML, like Gecko) Chrome/89.0.4389.114 Safari/537.36" "-"
10.92.1.1 - - [06/Apr/2021:09:01:38 +0000] "POST /api/sockjs/470/4yx0qsla/xhr?t=1617699673658 HTTP/1.1" 200 2 "https://ui-qa-1.k8strilio.net/login" "Mozilla/5.0 (Macintosh; Intel Mac OS X 10_15_7) AppleWebKit/537.36 (KHTML, like Gecko) Chrome/89.0.4389.114 Safari/537.36" "-"
10.142.0.102 - - [06/Apr/2021:09:01:41 +0000] "POST /api/sockjs/884/pntpmby3/xhr?t=1617699676606 HTTP/1.1" 200 2 "https://ui-qa-1.k8strilio.net/login" "Mozilla/5.0 (Macintosh; Intel Mac OS X 10_15_7) AppleWebKit/537.36 (KHTML, like Gecko) Chrome/89.0.4389.114 Safari/537.36" "-"
10.92.1.1 - - [06/Apr/2021:09:02:04 +0000] "POST /api/sockjs/885/thurozpl/xhr?t=1617699698911 HTTP/1.1" 200 2 "https://ui-dev.k8strilio.net/" "Mozilla/5.0 (Macintosh; Intel Mac OS X 10_15_7) AppleWebKit/537.36 (KHTML, like Gecko) Chrome/89.0.4389.114 Safari/537.36" "-"
10.92.1.1 - - [06/Apr/2021:09:02:04 +0000] "POST /api/sockjs/470/4yx0qsla/xhr?t=1617699698927 HTTP/1.1" 200 2 "https://ui-qa-1.k8strilio.net/login" "Mozilla/5.0 (Macintosh; Intel Mac OS X 10_15_7) AppleWebKit/537.36 (KHTML, like Gecko) Chrome/89.0.4389.114 Safari/537.36" "-"
10.142.0.102 - - [06/Apr/2021:09:02:07 +0000] "POST /api/sockjs/884/pntpmby3/xhr?t=1617699701879 HTTP/1.1" 200 2 "https://ui-qa-1.k8strilio.net/login" "Mozilla/5.0 (Macintosh; Intel Mac OS X 10_15_7) AppleWebKit/537.36 (KHTML, like Gecko) Chrome/89.0.4389.114 Safari/537.36" "-"
10.92.1.1 - - [06/Apr/2021:09:02:29 +0000] "POST /api/sockjs/885/thurozpl/xhr?t=1617699724168 HTTP/1.1" 200 2 "https://ui-dev.k8strilio.net/" "Mozilla/5.0 (Macintosh; Intel Mac OS X 10_15_7) AppleWebKit/537.36 (KHTML, like Gecko) Chrome/89.0.4389.114 Safari/537.36" "-"
10.92.1.1 - - [06/Apr/2021:09:02:29 +0000] "POST /api/sockjs/470/4yx0qsla/xhr?t=1617699724194 HTTP/1.1" 200 2 "https://ui-qa-1.k8strilio.net/login" "Mozilla/5.0 (Macintosh; Intel Mac OS X 10_15_7) AppleWebKit/537.36 (KHTML, like Gecko) Chrome/89.0.4389.114 Safari/537.36" "-"
10.142.0.102 - - [06/Apr/2021:09:02:32 +0000] "POST /api/sockjs/884/pntpmby3/xhr?t=1617699727175 HTTP/1.1" 200 2 "https://ui-qa-1.k8strilio.net/login" "Mozilla/5.0 (Macintosh; Intel Mac OS X 10_15_7) AppleWebKit/537.36 (KHTML, like Gecko) Chrome/89.0.4389.114 Safari/537.36" "-"
10.92.1.1 - - [06/Apr/2021:09:02:54 +0000] "POST /api/sockjs/470/4yx0qsla/xhr?t=1617699749499 HTTP/1.1" 200 2 "https://ui-qa-1.k8strilio.net/login" "Mozilla/5.0 (Macintosh; Intel Mac OS X 10_15_7) AppleWebKit/537.36 (KHTML, like Gecko) Chrome/89.0.4389.114 Safari/537.36" "-"
10.92.1.1 - - [06/Apr/2021:09:02:54 +0000] "POST /api/sockjs/885/thurozpl/xhr?t=1617699749498 HTTP/1.1" 200 2 "https://ui-dev.k8strilio.net/" "Mozilla/5.0 (Macintosh; Intel Mac OS X 10_15_7) AppleWebKit/537.36 (KHTML, like Gecko) Chrome/89.0.4389.114 Safari/537.36" "-"
10.142.0.102 - - [06/Apr/2021:09:02:57 +0000] "POST /api/sockjs/884/pntpmby3/xhr?t=1617699752456 HTTP/1.1" 200 2 "https://ui-qa-1.k8strilio.net/login" "Mozilla/5.0 (Macintosh; Intel Mac OS X 10_15_7) AppleWebKit/537.36 (KHTML, like Gecko) Chrome/89.0.4389.114 Safari/537.36" "-"
10.92.1.1 - - [06/Apr/2021:09:03:19 +0000] "POST /api/sockjs/470/4yx0qsla/xhr?t=1617699774763 HTTP/1.1" 200 2 "https://ui-qa-1.k8strilio.net/login" "Mozilla/5.0 (Macintosh; Intel Mac OS X 10_15_7) AppleWebKit/537.36 (KHTML, like Gecko) Chrome/89.0.4389.114 Safari/537.36" "-"
10.92.1.1 - - [06/Apr/2021:09:03:19 +0000] "POST /api/sockjs/885/thurozpl/xhr?t=1617699774770 HTTP/1.1" 200 2 "https://ui-dev.k8strilio.net/" "Mozilla/5.0 (Macintosh; Intel Mac OS X 10_15_7) AppleWebKit/537.36 (KHTML, like Gecko) Chrome/89.0.4389.114 Safari/537.36" "-"
10.142.0.102 - - [06/Apr/2021:09:03:22 +0000] "POST /api/sockjs/884/pntpmby3/xhr?t=1617699777764 HTTP/1.1" 200 2 "https://ui-qa-1.k8strilio.net/login" "Mozilla/5.0 (Macintosh; Intel Mac OS X 10_15_7) AppleWebKit/537.36 (KHTML, like Gecko) Chrome/89.0.4389.114 Safari/537.36" "-"
10.92.1.1 - - [06/Apr/2021:09:03:45 +0000] "POST /api/sockjs/470/4yx0qsla/xhr?t=1617699800018 HTTP/1.1" 200 2 "https://ui-qa-1.k8strilio.net/login" "Mozilla/5.0 (Macintosh; Intel Mac OS X 10_15_7) AppleWebKit/537.36 (KHTML, like Gecko) Chrome/89.0.4389.114 Safari/537.36" "-"
10.92.1.1 - - [06/Apr/2021:09:03:45 +0000] "POST /api/sockjs/885/thurozpl/xhr?t=1617699800037 HTTP/1.1" 200 2 "https://ui-dev.k8strilio.net/" "Mozilla/5.0 (Macintosh; Intel Mac OS X 10_15_7) AppleWebKit/537.36 (KHTML, like Gecko) Chrome/89.0.4389.114 Safari/537.36" "-"
10.142.0.102 - - [06/Apr/2021:09:03:48 +0000] "POST /api/sockjs/884/pntpmby3/xhr?t=1617699803047 HTTP/1.1" 200 2 "https://ui-qa-1.k8strilio.net/login" "Mozilla/5.0 (Macintosh; Intel Mac OS X 10_15_7) AppleWebKit/537.36 (KHTML, like Gecko) Chrome/89.0.4389.114 Safari/537.36" "-"
10.92.1.1 - - [06/Apr/2021:09:04:10 +0000] "POST /api/sockjs/885/thurozpl/xhr?t=1617699825369 HTTP/1.1" 200 2 "https://ui-dev.k8strilio.net/" "Mozilla/5.0 (Macintosh; Intel Mac OS X 10_15_7) AppleWebKit/537.36 (KHTML, like Gecko) Chrome/89.0.4389.114 Safari/537.36" "-"
10.92.1.1 - - [06/Apr/2021:09:04:10 +0000] "POST /api/sockjs/470/4yx0qsla/xhr?t=1617699825370 HTTP/1.1" 200 2 "https://ui-qa-1.k8strilio.net/login" "Mozilla/5.0 (Macintosh; Intel Mac OS X 10_15_7) AppleWebKit/537.36 (KHTML, like Gecko) Chrome/89.0.4389.114 Safari/537.36" "-"
10.142.0.102 - - [06/Apr/2021:09:04:13 +0000] "POST /api/sockjs/884/pntpmby3/xhr?t=1617699828353 HTTP/1.1" 200 2 "https://ui-qa-1.k8strilio.net/login" "Mozilla/5.0 (Macintosh; Intel Mac OS X 10_15_7) AppleWebKit/537.36 (KHTML, like Gecko) Chrome/89.0.4389.114 Safari/537.36" "-"
10.92.1.1 - - [06/Apr/2021:09:04:35 +0000] "POST /api/sockjs/470/4yx0qsla/xhr?t=1617699850669 HTTP/1.1" 200 2 "https://ui-qa-1.k8strilio.net/login" "Mozilla/5.0 (Macintosh; Intel Mac OS X 10_15_7) AppleWebKit/537.36 (KHTML, like Gecko) Chrome/89.0.4389.114 Safari/537.36" "-"
