10.92.1.1 - - [06/Apr/2021:06:45:38 +0000] "POST /api/sockjs/350/5uy2fmys/xhr?t=1617691513804 HTTP/1.1" 200 2 "https://ui-qa-1.k8strilio.net/clusters" "Mozilla/5.0 (Macintosh; Intel Mac OS X 10_15_7) AppleWebKit/537.36 (KHTML, like Gecko) Chrome/89.0.4389.114 Safari/537.36" "-"
10.92.1.1 - - [06/Apr/2021:06:46:04 +0000] "POST /api/sockjs/350/5uy2fmys/xhr?t=1617691539062 HTTP/1.1" 200 2 "https://ui-qa-1.k8strilio.net/clusters" "Mozilla/5.0 (Macintosh; Intel Mac OS X 10_15_7) AppleWebKit/537.36 (KHTML, like Gecko) Chrome/89.0.4389.114 Safari/537.36" "-"
10.92.1.1 - - [06/Apr/2021:06:46:12 +0000] "GET / HTTP/1.1" 404 153 "-" "Mozilla/5.0 zgrab/0.x" "-"
10.92.1.1 - - [06/Apr/2021:06:46:29 +0000] "POST /api/sockjs/350/5uy2fmys/xhr?t=1617691564352 HTTP/1.1" 200 2 "https://ui-qa-1.k8strilio.net/clusters" "Mozilla/5.0 (Macintosh; Intel Mac OS X 10_15_7) AppleWebKit/537.36 (KHTML, like Gecko) Chrome/89.0.4389.114 Safari/537.36" "-"
10.92.1.1 - - [06/Apr/2021:06:46:37 +0000] "POST /api/sockjs/350/5uy2fmys/xhr?t=1617691589644 HTTP/1.1" 499 0 "https://ui-qa-1.k8strilio.net/clusters" "Mozilla/5.0 (Macintosh; Intel Mac OS X 10_15_7) AppleWebKit/537.36 (KHTML, like Gecko) Chrome/89.0.4389.114 Safari/537.36" "-"
10.142.0.16 - - [06/Apr/2021:06:46:38 +0000] "GET /api/sockjs/info?t=1617691597520 HTTP/1.1" 200 79 "https://ui-qa-1.k8strilio.net/clusters" "Mozilla/5.0 (Macintosh; Intel Mac OS X 10_15_7) AppleWebKit/537.36 (KHTML, like Gecko) Chrome/89.0.4389.114 Safari/537.36" "-"
10.142.0.102 - - [06/Apr/2021:06:46:39 +0000] "GET /api/sockjs/287/3xlqdbkc/websocket HTTP/1.1" 400 35 "-" "Mozilla/5.0 (Macintosh; Intel Mac OS X 10_15_7) AppleWebKit/537.36 (KHTML, like Gecko) Chrome/89.0.4389.114 Safari/537.36" "-"
10.142.0.16 - - [06/Apr/2021:06:46:46 +0000] "POST /api/sockjs/287/adr3iscp/xhr_streaming?t=1617691599167 HTTP/1.1" 499 0 "https://ui-qa-1.k8strilio.net/clusters" "Mozilla/5.0 (Macintosh; Intel Mac OS X 10_15_7) AppleWebKit/537.36 (KHTML, like Gecko) Chrome/89.0.4389.114 Safari/537.36" "-"
10.142.0.16 - - [06/Apr/2021:06:46:54 +0000] "GET /api/sockjs/287/z2aarunj/htmlfile?c=_jp.a53ckpf HTTP/1.1" 499 0 "https://ui-qa-1.k8strilio.net/clusters" "Mozilla/5.0 (Macintosh; Intel Mac OS X 10_15_7) AppleWebKit/537.36 (KHTML, like Gecko) Chrome/89.0.4389.114 Safari/537.36" "-"
10.92.1.1 - - [06/Apr/2021:06:53:13 +0000] "GET /api/sockjs/287/cuibkifv/jsonp?c=_jp.af2vea1 HTTP/1.1" 200 30 "https://ui-qa-1.k8strilio.net/clusters" "Mozilla/5.0 (Macintosh; Intel Mac OS X 10_15_7) AppleWebKit/537.36 (KHTML, like Gecko) Chrome/89.0.4389.114 Safari/537.36" "-"
10.142.0.16 - - [06/Apr/2021:06:53:14 +0000] "POST /api/sockjs/287/cuibkifv/jsonp_send?i=aqp0uzbxi HTTP/1.1" 200 2 "https://ui-qa-1.k8strilio.net/clusters" "Mozilla/5.0 (Macintosh; Intel Mac OS X 10_15_7) AppleWebKit/537.36 (KHTML, like Gecko) Chrome/89.0.4389.114 Safari/537.36" "-"
10.142.0.16 - - [06/Apr/2021:06:53:15 +0000] "POST /api/sockjs/287/cuibkifv/jsonp_send?i=a42m5zzmu HTTP/1.1" 200 2 "https://ui-qa-1.k8strilio.net/clusters" "Mozilla/5.0 (Macintosh; Intel Mac OS X 10_15_7) AppleWebKit/537.36 (KHTML, like Gecko) Chrome/89.0.4389.114 Safari/537.36" "-"
10.92.1.1 - - [06/Apr/2021:06:53:39 +0000] "GET /api/sockjs/287/cuibkifv/jsonp?c=_jp.ah0rqxy HTTP/1.1" 200 30 "https://ui-qa-1.k8strilio.net/clusters" "Mozilla/5.0 (Macintosh; Intel Mac OS X 10_15_7) AppleWebKit/537.36 (KHTML, like Gecko) Chrome/89.0.4389.114 Safari/537.36" "-"
10.92.1.1 - - [06/Apr/2021:06:53:52 +0000] "GET / HTTP/1.1" 404 555 "-" "Mozilla/5.0 (Windows NT 10.0; WOW64) AppleWebKit/537.36 (KHTML, like Gecko) Chrome/52.0.2743.116 Safari/537.36" "-"
10.142.0.102 - - [06/Apr/2021:06:54:05 +0000] "GET /api/sockjs/287/cuibkifv/jsonp?c=_jp.avmhw0c HTTP/1.1" 200 30 "https://ui-qa-1.k8strilio.net/clusters" "Mozilla/5.0 (Macintosh; Intel Mac OS X 10_15_7) AppleWebKit/537.36 (KHTML, like Gecko) Chrome/89.0.4389.114 Safari/537.36" "-"
10.142.0.102 - - [06/Apr/2021:06:54:30 +0000] "GET /api/sockjs/287/cuibkifv/jsonp?c=_jp.ardqlo1 HTTP/1.1" 200 30 "https://ui-qa-1.k8strilio.net/clusters" "Mozilla/5.0 (Macintosh; Intel Mac OS X 10_15_7) AppleWebKit/537.36 (KHTML, like Gecko) Chrome/89.0.4389.114 Safari/537.36" "-"
10.142.0.102 - - [06/Apr/2021:06:54:55 +0000] "GET /api/sockjs/287/cuibkifv/jsonp?c=_jp.app1tu4 HTTP/1.1" 200 30 "https://ui-qa-1.k8strilio.net/clusters" "Mozilla/5.0 (Macintosh; Intel Mac OS X 10_15_7) AppleWebKit/537.36 (KHTML, like Gecko) Chrome/89.0.4389.114 Safari/537.36" "-"
10.142.0.102 - - [06/Apr/2021:06:55:21 +0000] "GET /api/sockjs/287/cuibkifv/jsonp?c=_jp.a14mzsk HTTP/1.1" 200 30 "https://ui-qa-1.k8strilio.net/clusters" "Mozilla/5.0 (Macintosh; Intel Mac OS X 10_15_7) AppleWebKit/537.36 (KHTML, like Gecko) Chrome/89.0.4389.114 Safari/537.36" "-"
10.142.0.102 - - [06/Apr/2021:06:55:38 +0000] "GET /clusters HTTP/1.1" 206 1734 "-" "Slackbot-LinkExpanding 1.0 (+https://api.slack.com/robots)" "-"
10.142.0.102 - - [06/Apr/2021:06:55:38 +0000] "GET /favicon.ico HTTP/1.1" 200 1734 "-" "Slackbot 1.0 (+https://api.slack.com/robots)" "-"
10.142.0.102 - - [06/Apr/2021:06:55:46 +0000] "GET /api/sockjs/287/cuibkifv/jsonp?c=_jp.anlcxrt HTTP/1.1" 200 30 "https://ui-qa-1.k8strilio.net/clusters" "Mozilla/5.0 (Macintosh; Intel Mac OS X 10_15_7) AppleWebKit/537.36 (KHTML, like Gecko) Chrome/89.0.4389.114 Safari/537.36" "-"
10.142.0.102 - - [06/Apr/2021:06:56:11 +0000] "GET /api/sockjs/287/cuibkifv/jsonp?c=_jp.aar04l4 HTTP/1.1" 200 30 "https://ui-qa-1.k8strilio.net/clusters" "Mozilla/5.0 (Macintosh; Intel Mac OS X 10_15_7) AppleWebKit/537.36 (KHTML, like Gecko) Chrome/89.0.4389.114 Safari/537.36" "-"
10.142.0.102 - - [06/Apr/2021:06:56:36 +0000] "GET /api/sockjs/287/cuibkifv/jsonp?c=_jp.aetritq HTTP/1.1" 200 30 "https://ui-qa-1.k8strilio.net/clusters" "Mozilla/5.0 (Macintosh; Intel Mac OS X 10_15_7) AppleWebKit/537.36 (KHTML, like Gecko) Chrome/89.0.4389.114 Safari/537.36" "-"
10.142.0.102 - - [06/Apr/2021:06:57:02 +0000] "GET /api/sockjs/287/cuibkifv/jsonp?c=_jp.aywn3bd HTTP/1.1" 200 30 "https://ui-qa-1.k8strilio.net/clusters" "Mozilla/5.0 (Macintosh; Intel Mac OS X 10_15_7) AppleWebKit/537.36 (KHTML, like Gecko) Chrome/89.0.4389.114 Safari/537.36" "-"
10.142.0.102 - - [06/Apr/2021:06:57:27 +0000] "GET /api/sockjs/287/cuibkifv/jsonp?c=_jp.a20sr01 HTTP/1.1" 200 30 "https://ui-qa-1.k8strilio.net/clusters" "Mozilla/5.0 (Macintosh; Intel Mac OS X 10_15_7) AppleWebKit/537.36 (KHTML, like Gecko) Chrome/89.0.4389.114 Safari/537.36" "-"
10.142.0.102 - - [06/Apr/2021:06:57:52 +0000] "GET /api/sockjs/287/cuibkifv/jsonp?c=_jp.apy5bax HTTP/1.1" 200 30 "https://ui-qa-1.k8strilio.net/clusters" "Mozilla/5.0 (Macintosh; Intel Mac OS X 10_15_7) AppleWebKit/537.36 (KHTML, like Gecko) Chrome/89.0.4389.114 Safari/537.36" "-"
10.142.0.102 - - [06/Apr/2021:06:58:18 +0000] "GET /api/sockjs/287/cuibkifv/jsonp?c=_jp.aszovau HTTP/1.1" 200 30 "https://ui-qa-1.k8strilio.net/clusters" "Mozilla/5.0 (Macintosh; Intel Mac OS X 10_15_7) AppleWebKit/537.36 (KHTML, like Gecko) Chrome/89.0.4389.114 Safari/537.36" "-"
10.142.0.102 - - [06/Apr/2021:06:58:32 +0000] "OPTIONS /api/v1/login HTTP/1.1" 200 23 "https://ui-dev.k8strilio.net/" "Mozilla/5.0 (Macintosh; Intel Mac OS X 10_15_7) AppleWebKit/537.36 (KHTML, like Gecko) Chrome/89.0.4389.114 Safari/537.36" "-"
10.142.0.102 - - [06/Apr/2021:06:58:34 +0000] "POST /api/v1/login HTTP/1.1" 200 4006 "https://ui-dev.k8strilio.net/" "Mozilla/5.0 (Macintosh; Intel Mac OS X 10_15_7) AppleWebKit/537.36 (KHTML, like Gecko) Chrome/89.0.4389.114 Safari/537.36" "-"
10.142.0.102 - - [06/Apr/2021:06:58:35 +0000] "POST /api/v1/login HTTP/1.1" 200 4009 "https://ui-dev.k8strilio.net/" "Mozilla/5.0 (Macintosh; Intel Mac OS X 10_15_7) AppleWebKit/537.36 (KHTML, like Gecko) Chrome/89.0.4389.114 Safari/537.36" "-"
10.142.0.102 - - [06/Apr/2021:06:58:36 +0000] "OPTIONS /api/v1/token/refresh HTTP/1.1" 200 23 "https://ui-dev.k8strilio.net/" "Mozilla/5.0 (Macintosh; Intel Mac OS X 10_15_7) AppleWebKit/537.36 (KHTML, like Gecko) Chrome/89.0.4389.114 Safari/537.36" "-"
10.142.0.102 - - [06/Apr/2021:06:58:37 +0000] "POST /api/v1/token/refresh HTTP/1.1" 200 1670 "https://ui-dev.k8strilio.net/" "Mozilla/5.0 (Macintosh; Intel Mac OS X 10_15_7) AppleWebKit/537.36 (KHTML, like Gecko) Chrome/89.0.4389.114 Safari/537.36" "-"
10.142.0.102 - - [06/Apr/2021:06:58:39 +0000] "OPTIONS /api/v1/backupplans/list?page=1&pageSize=12&ordering=-creationTimestamp HTTP/1.1" 200 23 "https://ui-dev.k8strilio.net/" "Mozilla/5.0 (Macintosh; Intel Mac OS X 10_15_7) AppleWebKit/537.36 (KHTML, like Gecko) Chrome/89.0.4389.114 Safari/537.36" "-"
10.142.0.102 - - [06/Apr/2021:06:58:39 +0000] "OPTIONS /api/v1/tvkInfo HTTP/1.1" 200 23 "https://ui-dev.k8strilio.net/" "Mozilla/5.0 (Macintosh; Intel Mac OS X 10_15_7) AppleWebKit/537.36 (KHTML, like Gecko) Chrome/89.0.4389.114 Safari/537.36" "-"
10.142.0.102 - - [06/Apr/2021:06:58:39 +0000] "OPTIONS /api/v1/applicationTooling?pageSize=10000 HTTP/1.1" 200 23 "https://ui-dev.k8strilio.net/" "Mozilla/5.0 (Macintosh; Intel Mac OS X 10_15_7) AppleWebKit/537.36 (KHTML, like Gecko) Chrome/89.0.4389.114 Safari/537.36" "-"
10.142.0.102 - - [06/Apr/2021:06:58:39 +0000] "POST /api/v1/backupplans/list?page=1&pageSize=12&ordering=-creationTimestamp HTTP/1.1" 200 86 "https://ui-dev.k8strilio.net/" "Mozilla/5.0 (Macintosh; Intel Mac OS X 10_15_7) AppleWebKit/537.36 (KHTML, like Gecko) Chrome/89.0.4389.114 Safari/537.36" "-"
10.142.0.102 - - [06/Apr/2021:06:58:40 +0000] "GET /api/v1/tvkInfo HTTP/1.1" 200 1502 "https://ui-dev.k8strilio.net/" "Mozilla/5.0 (Macintosh; Intel Mac OS X 10_15_7) AppleWebKit/537.36 (KHTML, like Gecko) Chrome/89.0.4389.114 Safari/537.36" "-"
10.142.0.16 - - [06/Apr/2021:06:58:40 +0000] "OPTIONS /api/v1/applicationTooling?namespace=pushkar&pageSize=10000 HTTP/1.1" 200 23 "https://ui-dev.k8strilio.net/" "Mozilla/5.0 (Macintosh; Intel Mac OS X 10_15_7) AppleWebKit/537.36 (KHTML, like Gecko) Chrome/89.0.4389.114 Safari/537.36" "-"
10.142.0.102 - - [06/Apr/2021:06:58:40 +0000] "OPTIONS /api/v1/backupplans/list?backupNamespace=pushkar&page=1&pageSize=12&ordering=-creationTimestamp HTTP/1.1" 200 23 "https://ui-dev.k8strilio.net/" "Mozilla/5.0 (Macintosh; Intel Mac OS X 10_15_7) AppleWebKit/537.36 (KHTML, like Gecko) Chrome/89.0.4389.114 Safari/537.36" "-"
10.142.0.102 - - [06/Apr/2021:06:58:40 +0000] "GET /api/v1/applicationTooling?pageSize=10000 HTTP/1.1" 200 729 "https://ui-dev.k8strilio.net/" "Mozilla/5.0 (Macintosh; Intel Mac OS X 10_15_7) AppleWebKit/537.36 (KHTML, like Gecko) Chrome/89.0.4389.114 Safari/537.36" "-"
10.142.0.102 - - [06/Apr/2021:06:58:40 +0000] "POST /api/v1/backupplans/list?backupNamespace=pushkar&page=1&pageSize=12&ordering=-creationTimestamp HTTP/1.1" 200 86 "https://ui-dev.k8strilio.net/" "Mozilla/5.0 (Macintosh; Intel Mac OS X 10_15_7) AppleWebKit/537.36 (KHTML, like Gecko) Chrome/89.0.4389.114 Safari/537.36" "-"
10.92.1.1 - - [06/Apr/2021:06:58:40 +0000] "GET /api/sockjs/info?t=1617692320215 HTTP/1.1" 200 79 "https://ui-dev.k8strilio.net/" "Mozilla/5.0 (Macintosh; Intel Mac OS X 10_15_7) AppleWebKit/537.36 (KHTML, like Gecko) Chrome/89.0.4389.114 Safari/537.36" "-"
10.142.0.16 - - [06/Apr/2021:06:58:40 +0000] "GET /api/v1/applicationTooling?namespace=pushkar&pageSize=10000 HTTP/1.1" 200 729 "https://ui-dev.k8strilio.net/" "Mozilla/5.0 (Macintosh; Intel Mac OS X 10_15_7) AppleWebKit/537.36 (KHTML, like Gecko) Chrome/89.0.4389.114 Safari/537.36" "-"
10.142.0.16 - - [06/Apr/2021:06:58:41 +0000] "GET /api/sockjs/954/arc3uiec/websocket HTTP/1.1" 400 35 "-" "Mozilla/5.0 (Macintosh; Intel Mac OS X 10_15_7) AppleWebKit/537.36 (KHTML, like Gecko) Chrome/89.0.4389.114 Safari/537.36" "-"
10.142.0.102 - - [06/Apr/2021:06:58:43 +0000] "GET /api/sockjs/287/cuibkifv/jsonp?c=_jp.a2bq0b2 HTTP/1.1" 200 30 "https://ui-qa-1.k8strilio.net/clusters" "Mozilla/5.0 (Macintosh; Intel Mac OS X 10_15_7) AppleWebKit/537.36 (KHTML, like Gecko) Chrome/89.0.4389.114 Safari/537.36" "-"
10.92.1.1 - - [06/Apr/2021:06:58:47 +0000] "POST /api/sockjs/954/jmalh4as/xhr_streaming?t=1617692321773 HTTP/1.1" 499 0 "https://ui-dev.k8strilio.net/" "Mozilla/5.0 (Macintosh; Intel Mac OS X 10_15_7) AppleWebKit/537.36 (KHTML, like Gecko) Chrome/89.0.4389.114 Safari/537.36" "-"
10.142.0.16 - - [06/Apr/2021:06:58:48 +0000] "GET /api/sockjs/954/dna1xjzz/eventsource HTTP/1.1" 499 0 "https://ui-dev.k8strilio.net/" "Mozilla/5.0 (Macintosh; Intel Mac OS X 10_15_7) AppleWebKit/537.36 (KHTML, like Gecko) Chrome/89.0.4389.114 Safari/537.36" "-"
10.142.0.16 - - [06/Apr/2021:06:58:52 +0000] "POST /api/sockjs/954/3bx3vmx5/xhr?t=1617692332245 HTTP/1.1" 200 2 "https://ui-dev.k8strilio.net/" "Mozilla/5.0 (Macintosh; Intel Mac OS X 10_15_7) AppleWebKit/537.36 (KHTML, like Gecko) Chrome/89.0.4389.114 Safari/537.36" "-"
10.142.0.16 - - [06/Apr/2021:06:58:53 +0000] "POST /api/sockjs/954/3bx3vmx5/xhr_send?t=1617692333186 HTTP/1.1" 204 0 "https://ui-dev.k8strilio.net/" "Mozilla/5.0 (Macintosh; Intel Mac OS X 10_15_7) AppleWebKit/537.36 (KHTML, like Gecko) Chrome/89.0.4389.114 Safari/537.36" "-"
10.92.1.1 - - [06/Apr/2021:06:58:53 +0000] "POST /api/sockjs/954/3bx3vmx5/xhr_send?t=1617692333484 HTTP/1.1" 204 0 "https://ui-dev.k8strilio.net/" "Mozilla/5.0 (Macintosh; Intel Mac OS X 10_15_7) AppleWebKit/537.36 (KHTML, like Gecko) Chrome/89.0.4389.114 Safari/537.36" "-"
10.142.0.102 - - [06/Apr/2021:06:59:08 +0000] "GET /api/sockjs/287/cuibkifv/jsonp?c=_jp.arj0el5 HTTP/1.1" 200 30 "https://ui-qa-1.k8strilio.net/clusters" "Mozilla/5.0 (Macintosh; Intel Mac OS X 10_15_7) AppleWebKit/537.36 (KHTML, like Gecko) Chrome/89.0.4389.114 Safari/537.36" "-"
10.142.0.16 - - [06/Apr/2021:06:59:18 +0000] "POST /api/sockjs/954/3bx3vmx5/xhr?t=1617692333186 HTTP/1.1" 200 2 "https://ui-dev.k8strilio.net/" "Mozilla/5.0 (Macintosh; Intel Mac OS X 10_15_7) AppleWebKit/537.36 (KHTML, like Gecko) Chrome/89.0.4389.114 Safari/537.36" "-"
10.142.0.102 - - [06/Apr/2021:06:59:33 +0000] "GET /api/sockjs/287/cuibkifv/jsonp?c=_jp.aqo340j HTTP/1.1" 200 30 "https://ui-qa-1.k8strilio.net/clusters" "Mozilla/5.0 (Macintosh; Intel Mac OS X 10_15_7) AppleWebKit/537.36 (KHTML, like Gecko) Chrome/89.0.4389.114 Safari/537.36" "-"
10.142.0.16 - - [06/Apr/2021:06:59:43 +0000] "POST /api/sockjs/954/3bx3vmx5/xhr?t=1617692358729 HTTP/1.1" 200 2 "https://ui-dev.k8strilio.net/" "Mozilla/5.0 (Macintosh; Intel Mac OS X 10_15_7) AppleWebKit/537.36 (KHTML, like Gecko) Chrome/89.0.4389.114 Safari/537.36" "-"
10.142.0.102 - - [06/Apr/2021:06:59:59 +0000] "GET /api/sockjs/287/cuibkifv/jsonp?c=_jp.axttcjy HTTP/1.1" 200 30 "https://ui-qa-1.k8strilio.net/clusters" "Mozilla/5.0 (Macintosh; Intel Mac OS X 10_15_7) AppleWebKit/537.36 (KHTML, like Gecko) Chrome/89.0.4389.114 Safari/537.36" "-"
10.142.0.16 - - [06/Apr/2021:07:00:09 +0000] "POST /api/sockjs/954/3bx3vmx5/xhr?t=1617692384000 HTTP/1.1" 200 2 "https://ui-dev.k8strilio.net/" "Mozilla/5.0 (Macintosh; Intel Mac OS X 10_15_7) AppleWebKit/537.36 (KHTML, like Gecko) Chrome/89.0.4389.114 Safari/537.36" "-"
10.142.0.102 - - [06/Apr/2021:07:00:24 +0000] "GET /api/sockjs/287/cuibkifv/jsonp?c=_jp.at1sr1h HTTP/1.1" 200 30 "https://ui-qa-1.k8strilio.net/clusters" "Mozilla/5.0 (Macintosh; Intel Mac OS X 10_15_7) AppleWebKit/537.36 (KHTML, like Gecko) Chrome/89.0.4389.114 Safari/537.36" "-"
10.142.0.16 - - [06/Apr/2021:07:00:34 +0000] "POST /api/sockjs/954/3bx3vmx5/xhr?t=1617692409274 HTTP/1.1" 200 2 "https://ui-dev.k8strilio.net/" "Mozilla/5.0 (Macintosh; Intel Mac OS X 10_15_7) AppleWebKit/537.36 (KHTML, like Gecko) Chrome/89.0.4389.114 Safari/537.36" "-"
10.142.0.102 - - [06/Apr/2021:07:00:49 +0000] "GET /api/sockjs/287/cuibkifv/jsonp?c=_jp.ab4kc2m HTTP/1.1" 200 30 "https://ui-qa-1.k8strilio.net/clusters" "Mozilla/5.0 (Macintosh; Intel Mac OS X 10_15_7) AppleWebKit/537.36 (KHTML, like Gecko) Chrome/89.0.4389.114 Safari/537.36" "-"
10.142.0.16 - - [06/Apr/2021:07:00:59 +0000] "POST /api/sockjs/954/3bx3vmx5/xhr?t=1617692434547 HTTP/1.1" 200 2 "https://ui-dev.k8strilio.net/" "Mozilla/5.0 (Macintosh; Intel Mac OS X 10_15_7) AppleWebKit/537.36 (KHTML, like Gecko) Chrome/89.0.4389.114 Safari/537.36" "-"
10.142.0.102 - - [06/Apr/2021:07:01:14 +0000] "GET /api/sockjs/287/cuibkifv/jsonp?c=_jp.arafiu1 HTTP/1.1" 200 30 "https://ui-qa-1.k8strilio.net/clusters" "Mozilla/5.0 (Macintosh; Intel Mac OS X 10_15_7) AppleWebKit/537.36 (KHTML, like Gecko) Chrome/89.0.4389.114 Safari/537.36" "-"
10.142.0.16 - - [06/Apr/2021:07:01:24 +0000] "POST /api/sockjs/954/3bx3vmx5/xhr?t=1617692459835 HTTP/1.1" 200 2 "https://ui-dev.k8strilio.net/" "Mozilla/5.0 (Macintosh; Intel Mac OS X 10_15_7) AppleWebKit/537.36 (KHTML, like Gecko) Chrome/89.0.4389.114 Safari/537.36" "-"
10.142.0.102 - - [06/Apr/2021:07:01:40 +0000] "GET /api/sockjs/287/cuibkifv/jsonp?c=_jp.as5td4u HTTP/1.1" 200 30 "https://ui-qa-1.k8strilio.net/clusters" "Mozilla/5.0 (Macintosh; Intel Mac OS X 10_15_7) AppleWebKit/537.36 (KHTML, like Gecko) Chrome/89.0.4389.114 Safari/537.36" "-"
10.142.0.16 - - [06/Apr/2021:07:01:50 +0000] "POST /api/sockjs/954/3bx3vmx5/xhr?t=1617692485110 HTTP/1.1" 200 2 "https://ui-dev.k8strilio.net/" "Mozilla/5.0 (Macintosh; Intel Mac OS X 10_15_7) AppleWebKit/537.36 (KHTML, like Gecko) Chrome/89.0.4389.114 Safari/537.36" "-"
10.142.0.102 - - [06/Apr/2021:07:02:05 +0000] "GET /api/sockjs/287/cuibkifv/jsonp?c=_jp.avvgx03 HTTP/1.1" 200 30 "https://ui-qa-1.k8strilio.net/clusters" "Mozilla/5.0 (Macintosh; Intel Mac OS X 10_15_7) AppleWebKit/537.36 (KHTML, like Gecko) Chrome/89.0.4389.114 Safari/537.36" "-"
10.142.0.16 - - [06/Apr/2021:07:02:15 +0000] "POST /api/sockjs/954/3bx3vmx5/xhr?t=1617692510654 HTTP/1.1" 200 2 "https://ui-dev.k8strilio.net/" "Mozilla/5.0 (Macintosh; Intel Mac OS X 10_15_7) AppleWebKit/537.36 (KHTML, like Gecko) Chrome/89.0.4389.114 Safari/537.36" "-"
10.142.0.102 - - [06/Apr/2021:07:02:30 +0000] "GET /api/sockjs/287/cuibkifv/jsonp?c=_jp.akm4jr3 HTTP/1.1" 200 30 "https://ui-qa-1.k8strilio.net/clusters" "Mozilla/5.0 (Macintosh; Intel Mac OS X 10_15_7) AppleWebKit/537.36 (KHTML, like Gecko) Chrome/89.0.4389.114 Safari/537.36" "-"
10.142.0.16 - - [06/Apr/2021:07:02:42 +0000] "POST /api/sockjs/954/3bx3vmx5/xhr?t=1617692537690 HTTP/1.1" 200 2 "https://ui-dev.k8strilio.net/" "Mozilla/5.0 (Macintosh; Intel Mac OS X 10_15_7) AppleWebKit/537.36 (KHTML, like Gecko) Chrome/89.0.4389.114 Safari/537.36" "-"
10.142.0.102 - - [06/Apr/2021:07:02:55 +0000] "GET /api/sockjs/287/cuibkifv/jsonp?c=_jp.amutbkw HTTP/1.1" 200 30 "https://ui-qa-1.k8strilio.net/clusters" "Mozilla/5.0 (Macintosh; Intel Mac OS X 10_15_7) AppleWebKit/537.36 (KHTML, like Gecko) Chrome/89.0.4389.114 Safari/537.36" "-"
10.142.0.16 - - [06/Apr/2021:07:03:09 +0000] "POST /api/sockjs/954/3bx3vmx5/xhr?t=1617692564824 HTTP/1.1" 200 2 "https://ui-dev.k8strilio.net/" "Mozilla/5.0 (Macintosh; Intel Mac OS X 10_15_7) AppleWebKit/537.36 (KHTML, like Gecko) Chrome/89.0.4389.114 Safari/537.36" "-"
10.142.0.102 - - [06/Apr/2021:07:03:21 +0000] "GET /api/sockjs/287/cuibkifv/jsonp?c=_jp.anyzjna HTTP/1.1" 200 30 "https://ui-qa-1.k8strilio.net/clusters" "Mozilla/5.0 (Macintosh; Intel Mac OS X 10_15_7) AppleWebKit/537.36 (KHTML, like Gecko) Chrome/89.0.4389.114 Safari/537.36" "-"
10.142.0.16 - - [06/Apr/2021:07:03:35 +0000] "POST /api/sockjs/954/3bx3vmx5/xhr?t=1617692590101 HTTP/1.1" 200 2 "https://ui-dev.k8strilio.net/" "Mozilla/5.0 (Macintosh; Intel Mac OS X 10_15_7) AppleWebKit/537.36 (KHTML, like Gecko) Chrome/89.0.4389.114 Safari/537.36" "-"
10.142.0.102 - - [06/Apr/2021:07:03:46 +0000] "GET /api/sockjs/287/cuibkifv/jsonp?c=_jp.a4puok5 HTTP/1.1" 200 30 "https://ui-qa-1.k8strilio.net/clusters" "Mozilla/5.0 (Macintosh; Intel Mac OS X 10_15_7) AppleWebKit/537.36 (KHTML, like Gecko) Chrome/89.0.4389.114 Safari/537.36" "-"
10.142.0.16 - - [06/Apr/2021:07:04:02 +0000] "POST /api/sockjs/954/3bx3vmx5/xhr?t=1617692617530 HTTP/1.1" 200 2 "https://ui-dev.k8strilio.net/" "Mozilla/5.0 (Macintosh; Intel Mac OS X 10_15_7) AppleWebKit/537.36 (KHTML, like Gecko) Chrome/89.0.4389.114 Safari/537.36" "-"
10.142.0.102 - - [06/Apr/2021:07:04:11 +0000] "GET /api/sockjs/287/cuibkifv/jsonp?c=_jp.auin15a HTTP/1.1" 200 30 "https://ui-qa-1.k8strilio.net/clusters" "Mozilla/5.0 (Macintosh; Intel Mac OS X 10_15_7) AppleWebKit/537.36 (KHTML, like Gecko) Chrome/89.0.4389.114 Safari/537.36" "-"
10.142.0.16 - - [06/Apr/2021:07:04:30 +0000] "POST /api/sockjs/954/3bx3vmx5/xhr?t=1617692645734 HTTP/1.1" 200 2 "https://ui-dev.k8strilio.net/" "Mozilla/5.0 (Macintosh; Intel Mac OS X 10_15_7) AppleWebKit/537.36 (KHTML, like Gecko) Chrome/89.0.4389.114 Safari/537.36" "-"
10.142.0.102 - - [06/Apr/2021:07:04:37 +0000] "GET /api/sockjs/287/cuibkifv/jsonp?c=_jp.a0nabmi HTTP/1.1" 200 30 "https://ui-qa-1.k8strilio.net/clusters" "Mozilla/5.0 (Macintosh; Intel Mac OS X 10_15_7) AppleWebKit/537.36 (KHTML, like Gecko) Chrome/89.0.4389.114 Safari/537.36" "-"
10.92.1.1 - - [06/Apr/2021:07:04:54 +0000] "OPTIONS /api/v1/tvkInfo HTTP/1.1" 200 23 "https://ui-dev.k8strilio.net/" "Mozilla/5.0 (Macintosh; Intel Mac OS X 10_15_7) AppleWebKit/537.36 (KHTML, like Gecko) Chrome/89.0.4389.114 Safari/537.36" "-"
10.92.1.1 - - [06/Apr/2021:07:04:54 +0000] "OPTIONS /api/v1/applicationTooling?namespace=pushkar&pageSize=10000 HTTP/1.1" 200 23 "https://ui-dev.k8strilio.net/" "Mozilla/5.0 (Macintosh; Intel Mac OS X 10_15_7) AppleWebKit/537.36 (KHTML, like Gecko) Chrome/89.0.4389.114 Safari/537.36" "-"
10.92.1.1 - - [06/Apr/2021:07:04:54 +0000] "OPTIONS /api/v1/applicationLabeled?namespace=pushkar&pageSize=10000 HTTP/1.1" 200 23 "https://ui-dev.k8strilio.net/" "Mozilla/5.0 (Macintosh; Intel Mac OS X 10_15_7) AppleWebKit/537.36 (KHTML, like Gecko) Chrome/89.0.4389.114 Safari/537.36" "-"
10.142.0.16 - - [06/Apr/2021:07:04:54 +0000] "OPTIONS /api/v1/applicationObjects?namespace=pushkar&pageSize=10000 HTTP/1.1" 200 23 "https://ui-dev.k8strilio.net/" "Mozilla/5.0 (Macintosh; Intel Mac OS X 10_15_7) AppleWebKit/537.36 (KHTML, like Gecko) Chrome/89.0.4389.114 Safari/537.36" "-"
10.142.0.102 - - [06/Apr/2021:07:04:54 +0000] "OPTIONS /api/v1/backupplans/list?backupNamespace=pushkar&pageSize=10000 HTTP/1.1" 200 23 "https://ui-dev.k8strilio.net/" "Mozilla/5.0 (Macintosh; Intel Mac OS X 10_15_7) AppleWebKit/537.36 (KHTML, like Gecko) Chrome/89.0.4389.114 Safari/537.36" "-"
10.142.0.16 - - [06/Apr/2021:07:04:54 +0000] "OPTIONS /api/v1/summary?namespace=pushkar&scope=App HTTP/1.1" 200 23 "https://ui-dev.k8strilio.net/" "Mozilla/5.0 (Macintosh; Intel Mac OS X 10_15_7) AppleWebKit/537.36 (KHTML, like Gecko) Chrome/89.0.4389.114 Safari/537.36" "-"
10.92.1.1 - - [06/Apr/2021:07:04:54 +0000] "OPTIONS /api/v1/tvkHealthSummary HTTP/1.1" 200 23 "https://ui-dev.k8strilio.net/" "Mozilla/5.0 (Macintosh; Intel Mac OS X 10_15_7) AppleWebKit/537.36 (KHTML, like Gecko) Chrome/89.0.4389.114 Safari/537.36" "-"
10.92.1.1 - - [06/Apr/2021:07:04:54 +0000] "OPTIONS /api/v1/backups/list?page=1&pageSize=12&backupNamespace=pushkar HTTP/1.1" 200 23 "https://ui-dev.k8strilio.net/" "Mozilla/5.0 (Macintosh; Intel Mac OS X 10_15_7) AppleWebKit/537.36 (KHTML, like Gecko) Chrome/89.0.4389.114 Safari/537.36" "-"
10.92.1.1 - - [06/Apr/2021:07:04:54 +0000] "OPTIONS /api/v1/backupplans/list?backupNamespace=pushkar&page=1&pageSize=12&ordering=-creationTimestamp HTTP/1.1" 200 23 "https://ui-dev.k8strilio.net/" "Mozilla/5.0 (Macintosh; Intel Mac OS X 10_15_7) AppleWebKit/537.36 (KHTML, like Gecko) Chrome/89.0.4389.114 Safari/537.36" "-"
10.142.0.16 - - [06/Apr/2021:07:04:54 +0000] "OPTIONS /api/v1/restores/list?page=1&pageSize=12&ordering=-creationTimestamp&backupNamespace=pushkar&scope=App HTTP/1.1" 200 23 "https://ui-dev.k8strilio.net/" "Mozilla/5.0 (Macintosh; Intel Mac OS X 10_15_7) AppleWebKit/537.36 (KHTML, like Gecko) Chrome/89.0.4389.114 Safari/537.36" "-"
10.142.0.102 - - [06/Apr/2021:07:04:54 +0000] "GET /api/v1/tvkInfo HTTP/1.1" 200 1502 "https://ui-dev.k8strilio.net/" "Mozilla/5.0 (Macintosh; Intel Mac OS X 10_15_7) AppleWebKit/537.36 (KHTML, like Gecko) Chrome/89.0.4389.114 Safari/537.36" "-"
10.142.0.102 - - [06/Apr/2021:07:04:54 +0000] "OPTIONS /api/v1/token/refresh HTTP/1.1" 200 23 "https://ui-dev.k8strilio.net/" "Mozilla/5.0 (Macintosh; Intel Mac OS X 10_15_7) AppleWebKit/537.36 (KHTML, like Gecko) Chrome/89.0.4389.114 Safari/537.36" "-"
10.142.0.16 - - [06/Apr/2021:07:04:55 +0000] "POST /api/v1/summary?namespace=pushkar&scope=App HTTP/1.1" 200 261 "https://ui-dev.k8strilio.net/" "Mozilla/5.0 (Macintosh; Intel Mac OS X 10_15_7) AppleWebKit/537.36 (KHTML, like Gecko) Chrome/89.0.4389.114 Safari/537.36" "-"
10.92.1.1 - - [06/Apr/2021:07:04:55 +0000] "POST /api/v1/backupplans/list?backupNamespace=pushkar&pageSize=10000 HTTP/1.1" 200 86 "https://ui-dev.k8strilio.net/" "Mozilla/5.0 (Macintosh; Intel Mac OS X 10_15_7) AppleWebKit/537.36 (KHTML, like Gecko) Chrome/89.0.4389.114 Safari/537.36" "-"
10.92.1.1 - - [06/Apr/2021:07:04:55 +0000] "POST /api/v1/applicationLabeled?namespace=pushkar&pageSize=10000 HTTP/1.1" 200 18097 "https://ui-dev.k8strilio.net/" "Mozilla/5.0 (Macintosh; Intel Mac OS X 10_15_7) AppleWebKit/537.36 (KHTML, like Gecko) Chrome/89.0.4389.114 Safari/537.36" "-"
10.142.0.102 - - [06/Apr/2021:07:04:55 +0000] "GET /api/v1/tvkHealthSummary HTTP/1.1" 200 178 "https://ui-dev.k8strilio.net/" "Mozilla/5.0 (Macintosh; Intel Mac OS X 10_15_7) AppleWebKit/537.36 (KHTML, like Gecko) Chrome/89.0.4389.114 Safari/537.36" "-"
10.142.0.16 - - [06/Apr/2021:07:04:55 +0000] "GET /api/v1/applicationTooling?namespace=pushkar&pageSize=10000 HTTP/1.1" 200 729 "https://ui-dev.k8strilio.net/" "Mozilla/5.0 (Macintosh; Intel Mac OS X 10_15_7) AppleWebKit/537.36 (KHTML, like Gecko) Chrome/89.0.4389.114 Safari/537.36" "-"
10.92.1.1 - - [06/Apr/2021:07:04:55 +0000] "GET /api/sockjs/info?t=1617692695181 HTTP/1.1" 200 79 "https://ui-dev.k8strilio.net/" "Mozilla/5.0 (Macintosh; Intel Mac OS X 10_15_7) AppleWebKit/537.36 (KHTML, like Gecko) Chrome/89.0.4389.114 Safari/537.36" "-"
10.142.0.16 - - [06/Apr/2021:07:04:56 +0000] "POST /api/v1/token/refresh HTTP/1.1" 200 1665 "https://ui-dev.k8strilio.net/" "Mozilla/5.0 (Macintosh; Intel Mac OS X 10_15_7) AppleWebKit/537.36 (KHTML, like Gecko) Chrome/89.0.4389.114 Safari/537.36" "-"
10.142.0.16 - - [06/Apr/2021:07:04:56 +0000] "POST /api/v1/backups/list?page=1&pageSize=12&backupNamespace=pushkar HTTP/1.1" 200 136 "https://ui-dev.k8strilio.net/" "Mozilla/5.0 (Macintosh; Intel Mac OS X 10_15_7) AppleWebKit/537.36 (KHTML, like Gecko) Chrome/89.0.4389.114 Safari/537.36" "-"
10.142.0.16 - - [06/Apr/2021:07:04:56 +0000] "POST /api/sockjs/954/3bx3vmx5/xhr?t=1617692671009 HTTP/1.1" 200 2 "https://ui-dev.k8strilio.net/" "Mozilla/5.0 (Macintosh; Intel Mac OS X 10_15_7) AppleWebKit/537.36 (KHTML, like Gecko) Chrome/89.0.4389.114 Safari/537.36" "-"
10.92.1.1 - - [06/Apr/2021:07:04:56 +0000] "POST /api/v1/backupplans/list?backupNamespace=pushkar&page=1&pageSize=12&ordering=-creationTimestamp HTTP/1.1" 200 86 "https://ui-dev.k8strilio.net/" "Mozilla/5.0 (Macintosh; Intel Mac OS X 10_15_7) AppleWebKit/537.36 (KHTML, like Gecko) Chrome/89.0.4389.114 Safari/537.36" "-"
10.142.0.102 - - [06/Apr/2021:07:04:56 +0000] "POST /api/v1/restores/list?page=1&pageSize=12&ordering=-creationTimestamp&backupNamespace=pushkar&scope=App HTTP/1.1" 200 135 "https://ui-dev.k8strilio.net/" "Mozilla/5.0 (Macintosh; Intel Mac OS X 10_15_7) AppleWebKit/537.36 (KHTML, like Gecko) Chrome/89.0.4389.114 Safari/537.36" "-"
10.142.0.102 - - [06/Apr/2021:07:04:58 +0000] "GET /api/sockjs/109/r1nymmsz/websocket HTTP/1.1" 400 35 "-" "Mozilla/5.0 (Macintosh; Intel Mac OS X 10_15_7) AppleWebKit/537.36 (KHTML, like Gecko) Chrome/89.0.4389.114 Safari/537.36" "-"
10.92.1.1 - - [06/Apr/2021:07:04:58 +0000] "OPTIONS /api/v1/restores/list?page=1&pageSize=12&ordering=-creationTimestamp&backupNamespace=pushkar&scope=Namespace HTTP/1.1" 200 23 "https://ui-dev.k8strilio.net/" "Mozilla/5.0 (Macintosh; Intel Mac OS X 10_15_7) AppleWebKit/537.36 (KHTML, like Gecko) Chrome/89.0.4389.114 Safari/537.36" "-"
10.142.0.102 - - [06/Apr/2021:07:04:58 +0000] "OPTIONS /api/v1/summary?namespace=pushkar&scope=Namespace HTTP/1.1" 200 23 "https://ui-dev.k8strilio.net/" "Mozilla/5.0 (Macintosh; Intel Mac OS X 10_15_7) AppleWebKit/537.36 (KHTML, like Gecko) Chrome/89.0.4389.114 Safari/537.36" "-"
10.142.0.16 - - [06/Apr/2021:07:04:59 +0000] "POST /api/v1/backups/list?page=1&pageSize=12&backupNamespace=pushkar HTTP/1.1" 200 136 "https://ui-dev.k8strilio.net/" "Mozilla/5.0 (Macintosh; Intel Mac OS X 10_15_7) AppleWebKit/537.36 (KHTML, like Gecko) Chrome/89.0.4389.114 Safari/537.36" "-"
2021/04/06 07:04:59 [warn] 42#42: *4660 an upstream response is buffered to a temporary file /var/cache/nginx/proxy_temp/5/02/0000000025 while reading upstream, client: 10.92.1.1, server: ui-qa-1.k8strilio.net, request: "GET /api/v1/applicationObjects?namespace=pushkar&pageSize=10000 HTTP/1.1", upstream: "http://10.92.1.221:9443/api/v1/applicationObjects?namespace=pushkar&pageSize=10000", host: "ui-qa-1.k8strilio.net", referrer: "https://ui-dev.k8strilio.net/"
10.92.1.1 - - [06/Apr/2021:07:04:59 +0000] "POST /api/v1/restores/list?page=1&pageSize=12&ordering=-creationTimestamp&backupNamespace=pushkar&scope=Namespace HTTP/1.1" 200 135 "https://ui-dev.k8strilio.net/" "Mozilla/5.0 (Macintosh; Intel Mac OS X 10_15_7) AppleWebKit/537.36 (KHTML, like Gecko) Chrome/89.0.4389.114 Safari/537.36" "-"
10.142.0.102 - - [06/Apr/2021:07:04:59 +0000] "POST /api/v1/summary?namespace=pushkar&scope=Namespace HTTP/1.1" 200 261 "https://ui-dev.k8strilio.net/" "Mozilla/5.0 (Macintosh; Intel Mac OS X 10_15_7) AppleWebKit/537.36 (KHTML, like Gecko) Chrome/89.0.4389.114 Safari/537.36" "-"
10.92.1.1 - - [06/Apr/2021:07:04:59 +0000] "GET /api/v1/applicationObjects?namespace=pushkar&pageSize=10000 HTTP/1.1" 200 128202 "https://ui-dev.k8strilio.net/" "Mozilla/5.0 (Macintosh; Intel Mac OS X 10_15_7) AppleWebKit/537.36 (KHTML, like Gecko) Chrome/89.0.4389.114 Safari/537.36" "-"
10.142.0.102 - - [06/Apr/2021:07:05:02 +0000] "GET /api/sockjs/287/cuibkifv/jsonp?c=_jp.axqfe5u HTTP/1.1" 200 30 "https://ui-qa-1.k8strilio.net/clusters" "Mozilla/5.0 (Macintosh; Intel Mac OS X 10_15_7) AppleWebKit/537.36 (KHTML, like Gecko) Chrome/89.0.4389.114 Safari/537.36" "-"
10.142.0.102 - - [06/Apr/2021:07:05:02 +0000] "OPTIONS /api/v1/backupplans/list?backupNamespace=pushkar&page=1&pageSize=12&ordering=-creationTimestamp HTTP/1.1" 200 23 "https://ui-dev.k8strilio.net/" "Mozilla/5.0 (Macintosh; Intel Mac OS X 10_15_7) AppleWebKit/537.36 (KHTML, like Gecko) Chrome/89.0.4389.114 Safari/537.36" "-"
10.92.1.1 - - [06/Apr/2021:07:05:02 +0000] "OPTIONS /api/v1/tvkConfigs HTTP/1.1" 200 23 "https://ui-dev.k8strilio.net/" "Mozilla/5.0 (Macintosh; Intel Mac OS X 10_15_7) AppleWebKit/537.36 (KHTML, like Gecko) Chrome/89.0.4389.114 Safari/537.36" "-"
10.92.1.1 - - [06/Apr/2021:07:05:02 +0000] "OPTIONS /api/v1/applicationTooling?namespace=pushkar&pageSize=10000 HTTP/1.1" 200 23 "https://ui-dev.k8strilio.net/" "Mozilla/5.0 (Macintosh; Intel Mac OS X 10_15_7) AppleWebKit/537.36 (KHTML, like Gecko) Chrome/89.0.4389.114 Safari/537.36" "-"
10.92.1.1 - - [06/Apr/2021:07:05:03 +0000] "POST /api/v1/backupplans/list?backupNamespace=pushkar&page=1&pageSize=12&ordering=-creationTimestamp HTTP/1.1" 200 86 "https://ui-dev.k8strilio.net/" "Mozilla/5.0 (Macintosh; Intel Mac OS X 10_15_7) AppleWebKit/537.36 (KHTML, like Gecko) Chrome/89.0.4389.114 Safari/537.36" "-"
10.92.1.1 - - [06/Apr/2021:07:05:03 +0000] "GET /api/v1/tvkConfigs HTTP/1.1" 200 184 "https://ui-dev.k8strilio.net/" "Mozilla/5.0 (Macintosh; Intel Mac OS X 10_15_7) AppleWebKit/537.36 (KHTML, like Gecko) Chrome/89.0.4389.114 Safari/537.36" "-"
10.142.0.102 - - [06/Apr/2021:07:05:03 +0000] "GET /api/v1/applicationTooling?namespace=pushkar&pageSize=10000 HTTP/1.1" 200 729 "https://ui-dev.k8strilio.net/" "Mozilla/5.0 (Macintosh; Intel Mac OS X 10_15_7) AppleWebKit/537.36 (KHTML, like Gecko) Chrome/89.0.4389.114 Safari/537.36" "-"
10.142.0.16 - - [06/Apr/2021:07:05:08 +0000] "POST /api/v1/token/refresh HTTP/1.1" 200 1663 "https://ui-qa-1.k8strilio.net/clusters" "Mozilla/5.0 (Macintosh; Intel Mac OS X 10_15_7) AppleWebKit/537.36 (KHTML, like Gecko) Chrome/89.0.4389.114 Safari/537.36" "-"
10.92.1.1 - - [06/Apr/2021:07:05:14 +0000] "POST /api/sockjs/109/rohfr40m/xhr_streaming?t=1617692699911 HTTP/1.1" 499 0 "https://ui-dev.k8strilio.net/" "Mozilla/5.0 (Macintosh; Intel Mac OS X 10_15_7) AppleWebKit/537.36 (KHTML, like Gecko) Chrome/89.0.4389.114 Safari/537.36" "-"
10.142.0.102 - - [06/Apr/2021:07:05:16 +0000] "GET /api/sockjs/109/ymnkuy0j/eventsource HTTP/1.1" 499 0 "https://ui-dev.k8strilio.net/" "Mozilla/5.0 (Macintosh; Intel Mac OS X 10_15_7) AppleWebKit/537.36 (KHTML, like Gecko) Chrome/89.0.4389.114 Safari/537.36" "-"
10.142.0.16 - - [06/Apr/2021:07:05:20 +0000] "POST /api/sockjs/109/vxzrvdtv/xhr?t=1617692720729 HTTP/1.1" 200 2 "https://ui-dev.k8strilio.net/" "Mozilla/5.0 (Macintosh; Intel Mac OS X 10_15_7) AppleWebKit/537.36 (KHTML, like Gecko) Chrome/89.0.4389.114 Safari/537.36" "-"
10.142.0.16 - - [06/Apr/2021:07:05:21 +0000] "POST /api/sockjs/109/vxzrvdtv/xhr_send?t=1617692721009 HTTP/1.1" 204 0 "https://ui-dev.k8strilio.net/" "Mozilla/5.0 (Macintosh; Intel Mac OS X 10_15_7) AppleWebKit/537.36 (KHTML, like Gecko) Chrome/89.0.4389.114 Safari/537.36" "-"
10.142.0.16 - - [06/Apr/2021:07:05:21 +0000] "POST /api/sockjs/109/vxzrvdtv/xhr_send?t=1617692721297 HTTP/1.1" 204 0 "https://ui-dev.k8strilio.net/" "Mozilla/5.0 (Macintosh; Intel Mac OS X 10_15_7) AppleWebKit/537.36 (KHTML, like Gecko) Chrome/89.0.4389.114 Safari/537.36" "-"
10.142.0.16 - - [06/Apr/2021:07:05:23 +0000] "POST /api/sockjs/954/3bx3vmx5/xhr?t=1617692698769 HTTP/1.1" 200 2 "https://ui-dev.k8strilio.net/" "Mozilla/5.0 (Macintosh; Intel Mac OS X 10_15_7) AppleWebKit/537.36 (KHTML, like Gecko) Chrome/89.0.4389.114 Safari/537.36" "-"
10.92.1.1 - - [06/Apr/2021:07:05:23 +0000] "OPTIONS /api/v1/tvkInfo HTTP/1.1" 200 23 "https://ui-dev.k8strilio.net/" "Mozilla/5.0 (Macintosh; Intel Mac OS X 10_15_7) AppleWebKit/537.36 (KHTML, like Gecko) Chrome/89.0.4389.114 Safari/537.36" "-"
10.92.1.1 - - [06/Apr/2021:07:05:23 +0000] "OPTIONS /api/v1/backupplans/list?backupNamespace=pushkar&page=1&pageSize=12&ordering=-creationTimestamp HTTP/1.1" 200 23 "https://ui-dev.k8strilio.net/" "Mozilla/5.0 (Macintosh; Intel Mac OS X 10_15_7) AppleWebKit/537.36 (KHTML, like Gecko) Chrome/89.0.4389.114 Safari/537.36" "-"
10.142.0.16 - - [06/Apr/2021:07:05:23 +0000] "OPTIONS /api/v1/applicationTooling?namespace=pushkar&pageSize=10000 HTTP/1.1" 200 23 "https://ui-dev.k8strilio.net/" "Mozilla/5.0 (Macintosh; Intel Mac OS X 10_15_7) AppleWebKit/537.36 (KHTML, like Gecko) Chrome/89.0.4389.114 Safari/537.36" "-"
10.92.1.1 - - [06/Apr/2021:07:05:24 +0000] "GET /api/v1/tvkInfo HTTP/1.1" 200 1502 "https://ui-dev.k8strilio.net/" "Mozilla/5.0 (Macintosh; Intel Mac OS X 10_15_7) AppleWebKit/537.36 (KHTML, like Gecko) Chrome/89.0.4389.114 Safari/537.36" "-"
10.92.1.1 - - [06/Apr/2021:07:05:24 +0000] "POST /api/v1/backupplans/list?backupNamespace=pushkar&page=1&pageSize=12&ordering=-creationTimestamp HTTP/1.1" 200 86 "https://ui-dev.k8strilio.net/" "Mozilla/5.0 (Macintosh; Intel Mac OS X 10_15_7) AppleWebKit/537.36 (KHTML, like Gecko) Chrome/89.0.4389.114 Safari/537.36" "-"
10.142.0.16 - - [06/Apr/2021:07:05:24 +0000] "GET /api/sockjs/info?t=1617692724716 HTTP/1.1" 200 79 "https://ui-dev.k8strilio.net/" "Mozilla/5.0 (Macintosh; Intel Mac OS X 10_15_7) AppleWebKit/537.36 (KHTML, like Gecko) Chrome/89.0.4389.114 Safari/537.36" "-"
10.142.0.16 - - [06/Apr/2021:07:05:24 +0000] "GET /api/v1/applicationTooling?namespace=pushkar&pageSize=10000 HTTP/1.1" 200 729 "https://ui-dev.k8strilio.net/" "Mozilla/5.0 (Macintosh; Intel Mac OS X 10_15_7) AppleWebKit/537.36 (KHTML, like Gecko) Chrome/89.0.4389.114 Safari/537.36" "-"
10.92.1.1 - - [06/Apr/2021:07:05:25 +0000] "POST /api/v1/backupplans/list?backupNamespace=pushkar&page=1&pageSize=12&ordering=-creationTimestamp HTTP/1.1" 200 86 "https://ui-dev.k8strilio.net/" "Mozilla/5.0 (Macintosh; Intel Mac OS X 10_15_7) AppleWebKit/537.36 (KHTML, like Gecko) Chrome/89.0.4389.114 Safari/537.36" "-"
10.92.1.1 - - [06/Apr/2021:07:05:25 +0000] "GET /api/v1/applicationTooling?namespace=pushkar&pageSize=10000 HTTP/1.1" 200 729 "https://ui-dev.k8strilio.net/" "Mozilla/5.0 (Macintosh; Intel Mac OS X 10_15_7) AppleWebKit/537.36 (KHTML, like Gecko) Chrome/89.0.4389.114 Safari/537.36" "-"
10.92.1.1 - - [06/Apr/2021:07:05:25 +0000] "GET /api/sockjs/617/v2miswhw/websocket HTTP/1.1" 400 35 "-" "Mozilla/5.0 (Macintosh; Intel Mac OS X 10_15_7) AppleWebKit/537.36 (KHTML, like Gecko) Chrome/89.0.4389.114 Safari/537.36" "-"
10.92.1.1 - - [06/Apr/2021:07:05:26 +0000] "OPTIONS /api/v1/hooks?page=1&pageSize=12&namespace=pushkar HTTP/1.1" 200 23 "https://ui-dev.k8strilio.net/" "Mozilla/5.0 (Macintosh; Intel Mac OS X 10_15_7) AppleWebKit/537.36 (KHTML, like Gecko) Chrome/89.0.4389.114 Safari/537.36" "-"
10.92.1.1 - - [06/Apr/2021:07:05:26 +0000] "GET /api/v1/hooks?page=1&pageSize=12&namespace=pushkar HTTP/1.1" 200 86 "https://ui-dev.k8strilio.net/" "Mozilla/5.0 (Macintosh; Intel Mac OS X 10_15_7) AppleWebKit/537.36 (KHTML, like Gecko) Chrome/89.0.4389.114 Safari/537.36" "-"
10.142.0.16 - - [06/Apr/2021:07:05:27 +0000] "POST /api/sockjs/617/vohthevb/xhr_streaming?t=1617692725771 HTTP/1.1" 499 0 "https://ui-dev.k8strilio.net/" "Mozilla/5.0 (Macintosh; Intel Mac OS X 10_15_7) AppleWebKit/537.36 (KHTML, like Gecko) Chrome/89.0.4389.114 Safari/537.36" "-"
10.92.1.1 - - [06/Apr/2021:07:05:27 +0000] "OPTIONS /api/v1/policies?page=1&pageSize=12&ordering=-creationTimestamp&type=Retention&namespace=pushkar HTTP/1.1" 200 23 "https://ui-dev.k8strilio.net/" "Mozilla/5.0 (Macintosh; Intel Mac OS X 10_15_7) AppleWebKit/537.36 (KHTML, like Gecko) Chrome/89.0.4389.114 Safari/537.36" "-"
10.142.0.102 - - [06/Apr/2021:07:05:27 +0000] "GET /api/sockjs/287/cuibkifv/jsonp?c=_jp.apv4lpu HTTP/1.1" 200 30 "https://ui-qa-1.k8strilio.net/clusters" "Mozilla/5.0 (Macintosh; Intel Mac OS X 10_15_7) AppleWebKit/537.36 (KHTML, like Gecko) Chrome/89.0.4389.114 Safari/537.36" "-"
10.92.1.1 - - [06/Apr/2021:07:05:27 +0000] "GET /api/v1/policies?page=1&pageSize=12&ordering=-creationTimestamp&type=Retention&namespace=pushkar HTTP/1.1" 200 86 "https://ui-dev.k8strilio.net/" "Mozilla/5.0 (Macintosh; Intel Mac OS X 10_15_7) AppleWebKit/537.36 (KHTML, like Gecko) Chrome/89.0.4389.114 Safari/537.36" "-"
10.92.1.1 - - [06/Apr/2021:07:05:28 +0000] "GET /api/sockjs/617/ghhlb0dg/eventsource HTTP/1.1" 499 0 "https://ui-dev.k8strilio.net/" "Mozilla/5.0 (Macintosh; Intel Mac OS X 10_15_7) AppleWebKit/537.36 (KHTML, like Gecko) Chrome/89.0.4389.114 Safari/537.36" "-"
10.92.1.1 - - [06/Apr/2021:07:05:28 +0000] "OPTIONS /api/v1/targets?pageSize=12&page=1&namespace=pushkar&ordering=-creationTimestamp HTTP/1.1" 200 23 "https://ui-dev.k8strilio.net/" "Mozilla/5.0 (Macintosh; Intel Mac OS X 10_15_7) AppleWebKit/537.36 (KHTML, like Gecko) Chrome/89.0.4389.114 Safari/537.36" "-"
10.92.1.1 - - [06/Apr/2021:07:05:28 +0000] "GET /api/v1/targets?pageSize=12&page=1&namespace=pushkar&ordering=-creationTimestamp HTTP/1.1" 200 105 "https://ui-dev.k8strilio.net/" "Mozilla/5.0 (Macintosh; Intel Mac OS X 10_15_7) AppleWebKit/537.36 (KHTML, like Gecko) Chrome/89.0.4389.114 Safari/537.36" "-"
10.92.1.1 - - [06/Apr/2021:07:05:29 +0000] "OPTIONS /api/v1/drplans?page=1&pageSize=12&ordering=-creationTimestamp HTTP/1.1" 200 23 "https://ui-dev.k8strilio.net/" "Mozilla/5.0 (Macintosh; Intel Mac OS X 10_15_7) AppleWebKit/537.36 (KHTML, like Gecko) Chrome/89.0.4389.114 Safari/537.36" "-"
10.92.1.1 - - [06/Apr/2021:07:05:29 +0000] "GET /api/v1/drplans?page=1&pageSize=12&ordering=-creationTimestamp HTTP/1.1" 200 86 "https://ui-dev.k8strilio.net/" "Mozilla/5.0 (Macintosh; Intel Mac OS X 10_15_7) AppleWebKit/537.36 (KHTML, like Gecko) Chrome/89.0.4389.114 Safari/537.36" "-"
10.92.1.1 - - [06/Apr/2021:07:05:30 +0000] "OPTIONS /api/v1/backupplans/list?backupNamespace=pushkar&page=1&pageSize=12&ordering=-creationTimestamp HTTP/1.1" 200 23 "https://ui-dev.k8strilio.net/" "Mozilla/5.0 (Macintosh; Intel Mac OS X 10_15_7) AppleWebKit/537.36 (KHTML, like Gecko) Chrome/89.0.4389.114 Safari/537.36" "-"
10.142.0.16 - - [06/Apr/2021:07:05:30 +0000] "OPTIONS /api/v1/applicationTooling?namespace=pushkar&pageSize=10000 HTTP/1.1" 200 23 "https://ui-dev.k8strilio.net/" "Mozilla/5.0 (Macintosh; Intel Mac OS X 10_15_7) AppleWebKit/537.36 (KHTML, like Gecko) Chrome/89.0.4389.114 Safari/537.36" "-"
10.92.1.1 - - [06/Apr/2021:07:05:31 +0000] "POST /api/v1/backupplans/list?backupNamespace=pushkar&page=1&pageSize=12&ordering=-creationTimestamp HTTP/1.1" 200 86 "https://ui-dev.k8strilio.net/" "Mozilla/5.0 (Macintosh; Intel Mac OS X 10_15_7) AppleWebKit/537.36 (KHTML, like Gecko) Chrome/89.0.4389.114 Safari/537.36" "-"
10.92.1.1 - - [06/Apr/2021:07:05:31 +0000] "POST /api/sockjs/617/m4jmtwg0/xhr?t=1617692731437 HTTP/1.1" 200 2 "https://ui-dev.k8strilio.net/" "Mozilla/5.0 (Macintosh; Intel Mac OS X 10_15_7) AppleWebKit/537.36 (KHTML, like Gecko) Chrome/89.0.4389.114 Safari/537.36" "-"
10.142.0.16 - - [06/Apr/2021:07:05:31 +0000] "GET /api/v1/applicationTooling?namespace=pushkar&pageSize=10000 HTTP/1.1" 200 729 "https://ui-dev.k8strilio.net/" "Mozilla/5.0 (Macintosh; Intel Mac OS X 10_15_7) AppleWebKit/537.36 (KHTML, like Gecko) Chrome/89.0.4389.114 Safari/537.36" "-"
10.92.1.1 - - [06/Apr/2021:07:05:31 +0000] "POST /api/sockjs/617/m4jmtwg0/xhr_send?t=1617692731785 HTTP/1.1" 204 0 "https://ui-dev.k8strilio.net/" "Mozilla/5.0 (Macintosh; Intel Mac OS X 10_15_7) AppleWebKit/537.36 (KHTML, like Gecko) Chrome/89.0.4389.114 Safari/537.36" "-"
10.142.0.16 - - [06/Apr/2021:07:05:32 +0000] "POST /api/sockjs/617/m4jmtwg0/xhr_send?t=1617692732088 HTTP/1.1" 204 0 "https://ui-dev.k8strilio.net/" "Mozilla/5.0 (Macintosh; Intel Mac OS X 10_15_7) AppleWebKit/537.36 (KHTML, like Gecko) Chrome/89.0.4389.114 Safari/537.36" "-"
10.142.0.16 - - [06/Apr/2021:07:05:46 +0000] "POST /api/sockjs/109/vxzrvdtv/xhr?t=1617692721010 HTTP/1.1" 200 2 "https://ui-dev.k8strilio.net/" "Mozilla/5.0 (Macintosh; Intel Mac OS X 10_15_7) AppleWebKit/537.36 (KHTML, like Gecko) Chrome/89.0.4389.114 Safari/537.36" "-"
10.142.0.16 - - [06/Apr/2021:07:05:49 +0000] "POST /api/sockjs/954/3bx3vmx5/xhr?t=1617692724102 HTTP/1.1" 200 2 "https://ui-dev.k8strilio.net/" "Mozilla/5.0 (Macintosh; Intel Mac OS X 10_15_7) AppleWebKit/537.36 (KHTML, like Gecko) Chrome/89.0.4389.114 Safari/537.36" "-"
10.142.0.102 - - [06/Apr/2021:07:05:52 +0000] "GET /api/sockjs/287/cuibkifv/jsonp?c=_jp.a35lgtx HTTP/1.1" 200 30 "https://ui-qa-1.k8strilio.net/clusters" "Mozilla/5.0 (Macintosh; Intel Mac OS X 10_15_7) AppleWebKit/537.36 (KHTML, like Gecko) Chrome/89.0.4389.114 Safari/537.36" "-"
10.92.1.1 - - [06/Apr/2021:07:05:57 +0000] "POST /api/sockjs/617/m4jmtwg0/xhr?t=1617692731786 HTTP/1.1" 200 2 "https://ui-dev.k8strilio.net/" "Mozilla/5.0 (Macintosh; Intel Mac OS X 10_15_7) AppleWebKit/537.36 (KHTML, like Gecko) Chrome/89.0.4389.114 Safari/537.36" "-"
10.142.0.16 - - [06/Apr/2021:07:06:11 +0000] "POST /api/sockjs/109/vxzrvdtv/xhr?t=1617692746592 HTTP/1.1" 200 2 "https://ui-dev.k8strilio.net/" "Mozilla/5.0 (Macintosh; Intel Mac OS X 10_15_7) AppleWebKit/537.36 (KHTML, like Gecko) Chrome/89.0.4389.114 Safari/537.36" "-"
10.142.0.16 - - [06/Apr/2021:07:06:14 +0000] "POST /api/sockjs/954/3bx3vmx5/xhr?t=1617692749369 HTTP/1.1" 200 2 "https://ui-dev.k8strilio.net/" "Mozilla/5.0 (Macintosh; Intel Mac OS X 10_15_7) AppleWebKit/537.36 (KHTML, like Gecko) Chrome/89.0.4389.114 Safari/537.36" "-"
10.142.0.102 - - [06/Apr/2021:07:06:18 +0000] "GET /api/sockjs/287/cuibkifv/jsonp?c=_jp.a5glwkf HTTP/1.1" 200 30 "https://ui-qa-1.k8strilio.net/clusters" "Mozilla/5.0 (Macintosh; Intel Mac OS X 10_15_7) AppleWebKit/537.36 (KHTML, like Gecko) Chrome/89.0.4389.114 Safari/537.36" "-"
10.92.1.1 - - [06/Apr/2021:07:06:22 +0000] "POST /api/sockjs/617/m4jmtwg0/xhr?t=1617692757327 HTTP/1.1" 200 2 "https://ui-dev.k8strilio.net/" "Mozilla/5.0 (Macintosh; Intel Mac OS X 10_15_7) AppleWebKit/537.36 (KHTML, like Gecko) Chrome/89.0.4389.114 Safari/537.36" "-"
10.142.0.16 - - [06/Apr/2021:07:06:36 +0000] "POST /api/sockjs/109/vxzrvdtv/xhr?t=1617692771854 HTTP/1.1" 200 2 "https://ui-dev.k8strilio.net/" "Mozilla/5.0 (Macintosh; Intel Mac OS X 10_15_7) AppleWebKit/537.36 (KHTML, like Gecko) Chrome/89.0.4389.114 Safari/537.36" "-"
10.142.0.16 - - [06/Apr/2021:07:06:39 +0000] "POST /api/sockjs/954/3bx3vmx5/xhr?t=1617692774733 HTTP/1.1" 200 2 "https://ui-dev.k8strilio.net/" "Mozilla/5.0 (Macintosh; Intel Mac OS X 10_15_7) AppleWebKit/537.36 (KHTML, like Gecko) Chrome/89.0.4389.114 Safari/537.36" "-"
10.142.0.102 - - [06/Apr/2021:07:06:43 +0000] "GET /api/sockjs/287/cuibkifv/jsonp?c=_jp.adrx51j HTTP/1.1" 200 30 "https://ui-qa-1.k8strilio.net/clusters" "Mozilla/5.0 (Macintosh; Intel Mac OS X 10_15_7) AppleWebKit/537.36 (KHTML, like Gecko) Chrome/89.0.4389.114 Safari/537.36" "-"
10.92.1.1 - - [06/Apr/2021:07:06:47 +0000] "POST /api/sockjs/617/m4jmtwg0/xhr?t=1617692782602 HTTP/1.1" 200 2 "https://ui-dev.k8strilio.net/" "Mozilla/5.0 (Macintosh; Intel Mac OS X 10_15_7) AppleWebKit/537.36 (KHTML, like Gecko) Chrome/89.0.4389.114 Safari/537.36" "-"
10.142.0.16 - - [06/Apr/2021:07:07:02 +0000] "POST /api/sockjs/109/vxzrvdtv/xhr?t=1617692797116 HTTP/1.1" 200 2 "https://ui-dev.k8strilio.net/" "Mozilla/5.0 (Macintosh; Intel Mac OS X 10_15_7) AppleWebKit/537.36 (KHTML, like Gecko) Chrome/89.0.4389.114 Safari/537.36" "-"
10.142.0.16 - - [06/Apr/2021:07:07:05 +0000] "POST /api/sockjs/954/3bx3vmx5/xhr?t=1617692800011 HTTP/1.1" 200 2 "https://ui-dev.k8strilio.net/" "Mozilla/5.0 (Macintosh; Intel Mac OS X 10_15_7) AppleWebKit/537.36 (KHTML, like Gecko) Chrome/89.0.4389.114 Safari/537.36" "-"
10.142.0.102 - - [06/Apr/2021:07:07:08 +0000] "GET /api/sockjs/287/cuibkifv/jsonp?c=_jp.ase4t0s HTTP/1.1" 200 30 "https://ui-qa-1.k8strilio.net/clusters" "Mozilla/5.0 (Macintosh; Intel Mac OS X 10_15_7) AppleWebKit/537.36 (KHTML, like Gecko) Chrome/89.0.4389.114 Safari/537.36" "-"
10.92.1.1 - - [06/Apr/2021:07:07:13 +0000] "POST /api/sockjs/617/m4jmtwg0/xhr?t=1617692807892 HTTP/1.1" 200 2 "https://ui-dev.k8strilio.net/" "Mozilla/5.0 (Macintosh; Intel Mac OS X 10_15_7) AppleWebKit/537.36 (KHTML, like Gecko) Chrome/89.0.4389.114 Safari/537.36" "-"
10.142.0.16 - - [06/Apr/2021:07:07:27 +0000] "POST /api/sockjs/109/vxzrvdtv/xhr?t=1617692822451 HTTP/1.1" 200 2 "https://ui-dev.k8strilio.net/" "Mozilla/5.0 (Macintosh; Intel Mac OS X 10_15_7) AppleWebKit/537.36 (KHTML, like Gecko) Chrome/89.0.4389.114 Safari/537.36" "-"
10.142.0.16 - - [06/Apr/2021:07:07:30 +0000] "POST /api/sockjs/954/3bx3vmx5/xhr?t=1617692825298 HTTP/1.1" 200 2 "https://ui-dev.k8strilio.net/" "Mozilla/5.0 (Macintosh; Intel Mac OS X 10_15_7) AppleWebKit/537.36 (KHTML, like Gecko) Chrome/89.0.4389.114 Safari/537.36" "-"
10.142.0.102 - - [06/Apr/2021:07:07:34 +0000] "GET /api/sockjs/287/cuibkifv/jsonp?c=_jp.aymd51o HTTP/1.1" 200 30 "https://ui-qa-1.k8strilio.net/clusters" "Mozilla/5.0 (Macintosh; Intel Mac OS X 10_15_7) AppleWebKit/537.36 (KHTML, like Gecko) Chrome/89.0.4389.114 Safari/537.36" "-"
10.92.1.1 - - [06/Apr/2021:07:07:38 +0000] "POST /api/sockjs/617/m4jmtwg0/xhr?t=1617692833170 HTTP/1.1" 200 2 "https://ui-dev.k8strilio.net/" "Mozilla/5.0 (Macintosh; Intel Mac OS X 10_15_7) AppleWebKit/537.36 (KHTML, like Gecko) Chrome/89.0.4389.114 Safari/537.36" "-"
10.142.0.16 - - [06/Apr/2021:07:07:52 +0000] "POST /api/sockjs/109/vxzrvdtv/xhr?t=1617692847715 HTTP/1.1" 200 2 "https://ui-dev.k8strilio.net/" "Mozilla/5.0 (Macintosh; Intel Mac OS X 10_15_7) AppleWebKit/537.36 (KHTML, like Gecko) Chrome/89.0.4389.114 Safari/537.36" "-"
10.142.0.16 - - [06/Apr/2021:07:07:55 +0000] "POST /api/sockjs/954/3bx3vmx5/xhr?t=1617692850612 HTTP/1.1" 200 2 "https://ui-dev.k8strilio.net/" "Mozilla/5.0 (Macintosh; Intel Mac OS X 10_15_7) AppleWebKit/537.36 (KHTML, like Gecko) Chrome/89.0.4389.114 Safari/537.36" "-"
10.142.0.102 - - [06/Apr/2021:07:07:59 +0000] "GET /api/sockjs/287/cuibkifv/jsonp?c=_jp.afdbzbo HTTP/1.1" 200 30 "https://ui-qa-1.k8strilio.net/clusters" "Mozilla/5.0 (Macintosh; Intel Mac OS X 10_15_7) AppleWebKit/537.36 (KHTML, like Gecko) Chrome/89.0.4389.114 Safari/537.36" "-"
10.92.1.1 - - [06/Apr/2021:07:08:03 +0000] "POST /api/sockjs/617/m4jmtwg0/xhr?t=1617692858443 HTTP/1.1" 200 2 "https://ui-dev.k8strilio.net/" "Mozilla/5.0 (Macintosh; Intel Mac OS X 10_15_7) AppleWebKit/537.36 (KHTML, like Gecko) Chrome/89.0.4389.114 Safari/537.36" "-"
10.142.0.16 - - [06/Apr/2021:07:08:18 +0000] "POST /api/sockjs/109/vxzrvdtv/xhr?t=1617692873037 HTTP/1.1" 200 2 "https://ui-dev.k8strilio.net/" "Mozilla/5.0 (Macintosh; Intel Mac OS X 10_15_7) AppleWebKit/537.36 (KHTML, like Gecko) Chrome/89.0.4389.114 Safari/537.36" "-"
10.142.0.16 - - [06/Apr/2021:07:08:21 +0000] "POST /api/sockjs/954/3bx3vmx5/xhr?t=1617692875886 HTTP/1.1" 200 2 "https://ui-dev.k8strilio.net/" "Mozilla/5.0 (Macintosh; Intel Mac OS X 10_15_7) AppleWebKit/537.36 (KHTML, like Gecko) Chrome/89.0.4389.114 Safari/537.36" "-"
10.142.0.102 - - [06/Apr/2021:07:08:24 +0000] "GET /api/sockjs/287/cuibkifv/jsonp?c=_jp.a4nnpu3 HTTP/1.1" 200 30 "https://ui-qa-1.k8strilio.net/clusters" "Mozilla/5.0 (Macintosh; Intel Mac OS X 10_15_7) AppleWebKit/537.36 (KHTML, like Gecko) Chrome/89.0.4389.114 Safari/537.36" "-"
10.92.1.1 - - [06/Apr/2021:07:08:28 +0000] "POST /api/sockjs/617/m4jmtwg0/xhr?t=1617692883715 HTTP/1.1" 200 2 "https://ui-dev.k8strilio.net/" "Mozilla/5.0 (Macintosh; Intel Mac OS X 10_15_7) AppleWebKit/537.36 (KHTML, like Gecko) Chrome/89.0.4389.114 Safari/537.36" "-"
10.142.0.16 - - [06/Apr/2021:07:08:43 +0000] "POST /api/sockjs/109/vxzrvdtv/xhr?t=1617692898330 HTTP/1.1" 200 2 "https://ui-dev.k8strilio.net/" "Mozilla/5.0 (Macintosh; Intel Mac OS X 10_15_7) AppleWebKit/537.36 (KHTML, like Gecko) Chrome/89.0.4389.114 Safari/537.36" "-"
10.142.0.16 - - [06/Apr/2021:07:08:46 +0000] "POST /api/sockjs/954/3bx3vmx5/xhr?t=1617692901159 HTTP/1.1" 200 2 "https://ui-dev.k8strilio.net/" "Mozilla/5.0 (Macintosh; Intel Mac OS X 10_15_7) AppleWebKit/537.36 (KHTML, like Gecko) Chrome/89.0.4389.114 Safari/537.36" "-"
