10.142.0.16 - - [06/Apr/2021:08:38:21 +0000] "POST /api/v1/restores/list?page=1&pageSize=12&ordering=-creationTimestamp&backupNamespace=pushkar&scope=Namespace HTTP/1.1" 200 135 "https://ui-dev.k8strilio.net/" "Mozilla/5.0 (Macintosh; Intel Mac OS X 10_15_7) AppleWebKit/537.36 (KHTML, like Gecko) Chrome/89.0.4389.114 Safari/537.36" "-"
10.142.0.102 - - [06/Apr/2021:08:38:21 +0000] "GET /api/v1/tvkHealthSummary HTTP/1.1" 200 175 "https://ui-dev.k8strilio.net/" "Mozilla/5.0 (Macintosh; Intel Mac OS X 10_15_7) AppleWebKit/537.36 (KHTML, like Gecko) Chrome/89.0.4389.114 Safari/537.36" "-"
10.142.0.16 - - [06/Apr/2021:08:38:21 +0000] "POST /api/v1/backups/list?page=1&pageSize=12&ordering=-creationTimestamp&backupNamespace=pushkar&scope=Namespace&timeRangeField=Hour&timeRangeValue=24 HTTP/1.1" 200 136 "https://ui-dev.k8strilio.net/" "Mozilla/5.0 (Macintosh; Intel Mac OS X 10_15_7) AppleWebKit/537.36 (KHTML, like Gecko) Chrome/89.0.4389.114 Safari/537.36" "-"
10.142.0.102 - - [06/Apr/2021:08:38:21 +0000] "POST /api/v1/backupplans/list?backupNamespace=pushkar&page=1&pageSize=12&ordering=-creationTimestamp&timeRangeField=Hour&timeRangeValue=24 HTTP/1.1" 200 86 "https://ui-dev.k8strilio.net/" "Mozilla/5.0 (Macintosh; Intel Mac OS X 10_15_7) AppleWebKit/537.36 (KHTML, like Gecko) Chrome/89.0.4389.114 Safari/537.36" "-"
10.142.0.16 - - [06/Apr/2021:08:38:21 +0000] "GET /api/v1/targets?pageSize=12&page=1&ordering=-creationTimestamp HTTP/1.1" 200 105 "https://ui-dev.k8strilio.net/" "Mozilla/5.0 (Macintosh; Intel Mac OS X 10_15_7) AppleWebKit/537.36 (KHTML, like Gecko) Chrome/89.0.4389.114 Safari/537.36" "-"
10.142.0.16 - - [06/Apr/2021:08:38:21 +0000] "GET /api/v1/tvkInfo HTTP/1.1" 200 1502 "https://ui-dev.k8strilio.net/" "Mozilla/5.0 (Macintosh; Intel Mac OS X 10_15_7) AppleWebKit/537.36 (KHTML, like Gecko) Chrome/89.0.4389.114 Safari/537.36" "-"
10.142.0.102 - - [06/Apr/2021:08:38:22 +0000] "GET /api/v1/tvkConfigs HTTP/1.1" 200 2287 "https://ui-dev.k8strilio.net/" "Mozilla/5.0 (Macintosh; Intel Mac OS X 10_15_7) AppleWebKit/537.36 (KHTML, like Gecko) Chrome/89.0.4389.114 Safari/537.36" "-"
2021/04/06 08:38:23 [warn] 42#42: *5370 an upstream response is buffered to a temporary file /var/cache/nginx/proxy_temp/5/03/0000000035 while reading upstream, client: 10.142.0.102, server: ui-qa-1.k8strilio.net, request: "GET /api/v1/applicationObjects?namespace=pushkar&pageSize=10000 HTTP/1.1", upstream: "http://10.92.1.221:9443/api/v1/applicationObjects?namespace=pushkar&pageSize=10000", host: "ui-qa-1.k8strilio.net", referrer: "https://ui-dev.k8strilio.net/"
10.142.0.102 - - [06/Apr/2021:08:38:24 +0000] "GET /api/v1/applicationObjects?namespace=pushkar&pageSize=10000 HTTP/1.1" 200 127395 "https://ui-dev.k8strilio.net/" "Mozilla/5.0 (Macintosh; Intel Mac OS X 10_15_7) AppleWebKit/537.36 (KHTML, like Gecko) Chrome/89.0.4389.114 Safari/537.36" "-"
10.92.1.1 - - [06/Apr/2021:08:38:25 +0000] "POST /api/sockjs/115/f4ndux11/xhr?t=1617698280324 HTTP/1.1" 200 2 "https://ui-dev.k8strilio.net/" "Mozilla/5.0 (Macintosh; Intel Mac OS X 10_15_7) AppleWebKit/537.36 (KHTML, like Gecko) Chrome/89.0.4389.114 Safari/537.36" "-"
10.142.0.102 - - [06/Apr/2021:08:38:29 +0000] "GET /api/sockjs/676/txzdwoj4/jsonp?c=_jp.agwv11x HTTP/1.1" 200 30 "https://ui-qa-1.k8strilio.net/velero/backups" "Mozilla/5.0 (Macintosh; Intel Mac OS X 10_15_7) AppleWebKit/537.36 (KHTML, like Gecko) Chrome/89.0.4389.114 Safari/537.36" "-"
10.92.1.1 - - [06/Apr/2021:08:38:41 +0000] "POST /api/sockjs/470/4yx0qsla/xhr?t=1617698296856 HTTP/1.1" 200 2 "https://ui-qa-1.k8strilio.net/velero/backups" "Mozilla/5.0 (Macintosh; Intel Mac OS X 10_15_7) AppleWebKit/537.36 (KHTML, like Gecko) Chrome/89.0.4389.114 Safari/537.36" "-"
10.92.1.1 - - [06/Apr/2021:08:38:50 +0000] "POST /api/sockjs/115/f4ndux11/xhr?t=1617698305597 HTTP/1.1" 200 2 "https://ui-dev.k8strilio.net/" "Mozilla/5.0 (Macintosh; Intel Mac OS X 10_15_7) AppleWebKit/537.36 (KHTML, like Gecko) Chrome/89.0.4389.114 Safari/537.36" "-"
10.92.1.1 - - [06/Apr/2021:08:39:07 +0000] "POST /api/sockjs/470/4yx0qsla/xhr?t=1617698322126 HTTP/1.1" 200 2 "https://ui-qa-1.k8strilio.net/velero/backups" "Mozilla/5.0 (Macintosh; Intel Mac OS X 10_15_7) AppleWebKit/537.36 (KHTML, like Gecko) Chrome/89.0.4389.114 Safari/537.36" "-"
10.92.1.1 - - [06/Apr/2021:08:39:15 +0000] "POST /api/sockjs/115/f4ndux11/xhr?t=1617698330866 HTTP/1.1" 200 2 "https://ui-dev.k8strilio.net/" "Mozilla/5.0 (Macintosh; Intel Mac OS X 10_15_7) AppleWebKit/537.36 (KHTML, like Gecko) Chrome/89.0.4389.114 Safari/537.36" "-"
10.92.1.1 - - [06/Apr/2021:08:39:32 +0000] "POST /api/sockjs/470/4yx0qsla/xhr?t=1617698347399 HTTP/1.1" 200 2 "https://ui-qa-1.k8strilio.net/velero/backups" "Mozilla/5.0 (Macintosh; Intel Mac OS X 10_15_7) AppleWebKit/537.36 (KHTML, like Gecko) Chrome/89.0.4389.114 Safari/537.36" "-"
10.92.1.1 - - [06/Apr/2021:08:39:41 +0000] "POST /api/sockjs/115/f4ndux11/xhr?t=1617698356130 HTTP/1.1" 200 2 "https://ui-dev.k8strilio.net/" "Mozilla/5.0 (Macintosh; Intel Mac OS X 10_15_7) AppleWebKit/537.36 (KHTML, like Gecko) Chrome/89.0.4389.114 Safari/537.36" "-"
10.92.1.1 - - [06/Apr/2021:08:39:57 +0000] "POST /api/sockjs/470/4yx0qsla/xhr?t=1617698372687 HTTP/1.1" 200 2 "https://ui-qa-1.k8strilio.net/velero/backups" "Mozilla/5.0 (Macintosh; Intel Mac OS X 10_15_7) AppleWebKit/537.36 (KHTML, like Gecko) Chrome/89.0.4389.114 Safari/537.36" "-"
10.92.1.1 - - [06/Apr/2021:08:40:06 +0000] "POST /api/sockjs/115/f4ndux11/xhr?t=1617698381398 HTTP/1.1" 200 2 "https://ui-dev.k8strilio.net/" "Mozilla/5.0 (Macintosh; Intel Mac OS X 10_15_7) AppleWebKit/537.36 (KHTML, like Gecko) Chrome/89.0.4389.114 Safari/537.36" "-"
10.92.1.1 - - [06/Apr/2021:08:40:23 +0000] "POST /api/sockjs/470/4yx0qsla/xhr?t=1617698398026 HTTP/1.1" 200 2 "https://ui-qa-1.k8strilio.net/velero/backups" "Mozilla/5.0 (Macintosh; Intel Mac OS X 10_15_7) AppleWebKit/537.36 (KHTML, like Gecko) Chrome/89.0.4389.114 Safari/537.36" "-"
10.92.1.1 - - [06/Apr/2021:08:40:31 +0000] "POST /api/sockjs/115/f4ndux11/xhr?t=1617698406668 HTTP/1.1" 200 2 "https://ui-dev.k8strilio.net/" "Mozilla/5.0 (Macintosh; Intel Mac OS X 10_15_7) AppleWebKit/537.36 (KHTML, like Gecko) Chrome/89.0.4389.114 Safari/537.36" "-"
10.142.0.16 - - [06/Apr/2021:08:40:35 +0000] "GET / HTTP/1.1" 404 153 "-" "-" "-"
10.92.1.1 - - [06/Apr/2021:08:40:46 +0000] "OPTIONS /api/v1/tvkConfigs HTTP/1.1" 200 23 "https://ui-dev.k8strilio.net/" "Mozilla/5.0 (Macintosh; Intel Mac OS X 10_15_7) AppleWebKit/537.36 (KHTML, like Gecko) Chrome/89.0.4389.114 Safari/537.36" "-"
10.92.1.1 - - [06/Apr/2021:08:40:46 +0000] "OPTIONS /api/v1/backupplans/list?backupNamespace=pushkar&page=1&pageSize=12&ordering=-creationTimestamp HTTP/1.1" 200 23 "https://ui-dev.k8strilio.net/" "Mozilla/5.0 (Macintosh; Intel Mac OS X 10_15_7) AppleWebKit/537.36 (KHTML, like Gecko) Chrome/89.0.4389.114 Safari/537.36" "-"
10.142.0.16 - - [06/Apr/2021:08:40:46 +0000] "OPTIONS /api/v1/applicationTooling?namespace=pushkar&pageSize=10000 HTTP/1.1" 200 23 "https://ui-dev.k8strilio.net/" "Mozilla/5.0 (Macintosh; Intel Mac OS X 10_15_7) AppleWebKit/537.36 (KHTML, like Gecko) Chrome/89.0.4389.114 Safari/537.36" "-"
10.142.0.102 - - [06/Apr/2021:08:40:46 +0000] "OPTIONS /api/v1/applicationTooling?namespace=pushkar&pageSize=10000 HTTP/1.1" 200 23 "https://ui-dev.k8strilio.net/" "Mozilla/5.0 (Macintosh; Intel Mac OS X 10_15_7) AppleWebKit/537.36 (KHTML, like Gecko) Chrome/89.0.4389.114 Safari/537.36" "-"
10.92.1.1 - - [06/Apr/2021:08:40:46 +0000] "OPTIONS /api/v1/applicationLabeled?namespace=pushkar&pageSize=10000 HTTP/1.1" 200 23 "https://ui-dev.k8strilio.net/" "Mozilla/5.0 (Macintosh; Intel Mac OS X 10_15_7) AppleWebKit/537.36 (KHTML, like Gecko) Chrome/89.0.4389.114 Safari/537.36" "-"
10.92.1.1 - - [06/Apr/2021:08:40:46 +0000] "OPTIONS /api/v1/applicationObjects?namespace=pushkar&pageSize=10000 HTTP/1.1" 200 23 "https://ui-dev.k8strilio.net/" "Mozilla/5.0 (Macintosh; Intel Mac OS X 10_15_7) AppleWebKit/537.36 (KHTML, like Gecko) Chrome/89.0.4389.114 Safari/537.36" "-"
10.142.0.16 - - [06/Apr/2021:08:40:46 +0000] "OPTIONS /api/v1/backupplans/list?backupNamespace=pushkar&pageSize=10000 HTTP/1.1" 200 23 "https://ui-dev.k8strilio.net/" "Mozilla/5.0 (Macintosh; Intel Mac OS X 10_15_7) AppleWebKit/537.36 (KHTML, like Gecko) Chrome/89.0.4389.114 Safari/537.36" "-"
10.142.0.102 - - [06/Apr/2021:08:40:47 +0000] "OPTIONS /api/v1/summary?namespace=pushkar&scope=Namespace HTTP/1.1" 200 23 "https://ui-dev.k8strilio.net/" "Mozilla/5.0 (Macintosh; Intel Mac OS X 10_15_7) AppleWebKit/537.36 (KHTML, like Gecko) Chrome/89.0.4389.114 Safari/537.36" "-"
10.92.1.1 - - [06/Apr/2021:08:40:47 +0000] "OPTIONS /api/v1/tvkHealthSummary HTTP/1.1" 200 23 "https://ui-dev.k8strilio.net/" "Mozilla/5.0 (Macintosh; Intel Mac OS X 10_15_7) AppleWebKit/537.36 (KHTML, like Gecko) Chrome/89.0.4389.114 Safari/537.36" "-"
10.92.1.1 - - [06/Apr/2021:08:40:47 +0000] "OPTIONS /api/v1/backups/list?page=1&pageSize=12&backupNamespace=pushkar HTTP/1.1" 200 23 "https://ui-dev.k8strilio.net/" "Mozilla/5.0 (Macintosh; Intel Mac OS X 10_15_7) AppleWebKit/537.36 (KHTML, like Gecko) Chrome/89.0.4389.114 Safari/537.36" "-"
10.142.0.16 - - [06/Apr/2021:08:40:47 +0000] "OPTIONS /api/v1/backupplans/list?backupNamespace=pushkar&page=1&pageSize=12&ordering=-creationTimestamp HTTP/1.1" 200 23 "https://ui-dev.k8strilio.net/" "Mozilla/5.0 (Macintosh; Intel Mac OS X 10_15_7) AppleWebKit/537.36 (KHTML, like Gecko) Chrome/89.0.4389.114 Safari/537.36" "-"
10.92.1.1 - - [06/Apr/2021:08:40:47 +0000] "OPTIONS /api/v1/restores/list?page=1&pageSize=12&ordering=-creationTimestamp&backupNamespace=pushkar&scope=Namespace HTTP/1.1" 200 23 "https://ui-dev.k8strilio.net/" "Mozilla/5.0 (Macintosh; Intel Mac OS X 10_15_7) AppleWebKit/537.36 (KHTML, like Gecko) Chrome/89.0.4389.114 Safari/537.36" "-"
10.142.0.102 - - [06/Apr/2021:08:40:47 +0000] "OPTIONS /api/v1/targets?pageSize=12&page=1&ordering=-creationTimestamp HTTP/1.1" 200 23 "https://ui-dev.k8strilio.net/" "Mozilla/5.0 (Macintosh; Intel Mac OS X 10_15_7) AppleWebKit/537.36 (KHTML, like Gecko) Chrome/89.0.4389.114 Safari/537.36" "-"
10.92.1.1 - - [06/Apr/2021:08:40:47 +0000] "OPTIONS /api/v1/backups/list?page=1&pageSize=12&ordering=-creationTimestamp&backupNamespace=pushkar&scope=Namespace&timeRangeField=Hour&timeRangeValue=24 HTTP/1.1" 200 23 "https://ui-dev.k8strilio.net/" "Mozilla/5.0 (Macintosh; Intel Mac OS X 10_15_7) AppleWebKit/537.36 (KHTML, like Gecko) Chrome/89.0.4389.114 Safari/537.36" "-"
10.142.0.102 - - [06/Apr/2021:08:40:47 +0000] "OPTIONS /api/v1/backupplans/list?backupNamespace=pushkar&page=1&pageSize=12&ordering=-creationTimestamp&timeRangeField=Hour&timeRangeValue=24 HTTP/1.1" 200 23 "https://ui-dev.k8strilio.net/" "Mozilla/5.0 (Macintosh; Intel Mac OS X 10_15_7) AppleWebKit/537.36 (KHTML, like Gecko) Chrome/89.0.4389.114 Safari/537.36" "-"
10.92.1.1 - - [06/Apr/2021:08:40:47 +0000] "OPTIONS /api/v1/tvkInfo HTTP/1.1" 200 23 "https://ui-dev.k8strilio.net/" "Mozilla/5.0 (Macintosh; Intel Mac OS X 10_15_7) AppleWebKit/537.36 (KHTML, like Gecko) Chrome/89.0.4389.114 Safari/537.36" "-"
10.142.0.16 - - [06/Apr/2021:08:40:47 +0000] "OPTIONS /api/v1/tvkConfigs HTTP/1.1" 200 23 "https://ui-dev.k8strilio.net/" "Mozilla/5.0 (Macintosh; Intel Mac OS X 10_15_7) AppleWebKit/537.36 (KHTML, like Gecko) Chrome/89.0.4389.114 Safari/537.36" "-"
10.92.1.1 - - [06/Apr/2021:08:40:47 +0000] "GET /api/v1/tvkConfigs HTTP/1.1" 200 2287 "https://ui-dev.k8strilio.net/" "Mozilla/5.0 (Macintosh; Intel Mac OS X 10_15_7) AppleWebKit/537.36 (KHTML, like Gecko) Chrome/89.0.4389.114 Safari/537.36" "-"
10.142.0.102 - - [06/Apr/2021:08:40:47 +0000] "POST /api/v1/backupplans/list?backupNamespace=pushkar&page=1&pageSize=12&ordering=-creationTimestamp HTTP/1.1" 200 86 "https://ui-dev.k8strilio.net/" "Mozilla/5.0 (Macintosh; Intel Mac OS X 10_15_7) AppleWebKit/537.36 (KHTML, like Gecko) Chrome/89.0.4389.114 Safari/537.36" "-"
10.142.0.16 - - [06/Apr/2021:08:40:48 +0000] "POST /api/v1/backupplans/list?backupNamespace=pushkar&pageSize=10000 HTTP/1.1" 200 86 "https://ui-dev.k8strilio.net/" "Mozilla/5.0 (Macintosh; Intel Mac OS X 10_15_7) AppleWebKit/537.36 (KHTML, like Gecko) Chrome/89.0.4389.114 Safari/537.36" "-"
10.92.1.1 - - [06/Apr/2021:08:40:48 +0000] "POST /api/sockjs/470/4yx0qsla/xhr?t=1617698423298 HTTP/1.1" 200 2 "https://ui-qa-1.k8strilio.net/velero/backups" "Mozilla/5.0 (Macintosh; Intel Mac OS X 10_15_7) AppleWebKit/537.36 (KHTML, like Gecko) Chrome/89.0.4389.114 Safari/537.36" "-"
10.142.0.102 - - [06/Apr/2021:08:40:48 +0000] "POST /api/v1/applicationLabeled?namespace=pushkar&pageSize=10000 HTTP/1.1" 200 17614 "https://ui-dev.k8strilio.net/" "Mozilla/5.0 (Macintosh; Intel Mac OS X 10_15_7) AppleWebKit/537.36 (KHTML, like Gecko) Chrome/89.0.4389.114 Safari/537.36" "-"
10.142.0.102 - - [06/Apr/2021:08:40:48 +0000] "GET /api/v1/tvkHealthSummary HTTP/1.1" 200 182 "https://ui-dev.k8strilio.net/" "Mozilla/5.0 (Macintosh; Intel Mac OS X 10_15_7) AppleWebKit/537.36 (KHTML, like Gecko) Chrome/89.0.4389.114 Safari/537.36" "-"
10.92.1.1 - - [06/Apr/2021:08:40:48 +0000] "POST /api/v1/summary?namespace=pushkar&scope=Namespace HTTP/1.1" 200 261 "https://ui-dev.k8strilio.net/" "Mozilla/5.0 (Macintosh; Intel Mac OS X 10_15_7) AppleWebKit/537.36 (KHTML, like Gecko) Chrome/89.0.4389.114 Safari/537.36" "-"
10.142.0.16 - - [06/Apr/2021:08:40:48 +0000] "POST /api/v1/backups/list?page=1&pageSize=12&backupNamespace=pushkar HTTP/1.1" 200 136 "https://ui-dev.k8strilio.net/" "Mozilla/5.0 (Macintosh; Intel Mac OS X 10_15_7) AppleWebKit/537.36 (KHTML, like Gecko) Chrome/89.0.4389.114 Safari/537.36" "-"
10.92.1.1 - - [06/Apr/2021:08:40:48 +0000] "GET /api/v1/applicationTooling?namespace=pushkar&pageSize=10000 HTTP/1.1" 200 729 "https://ui-dev.k8strilio.net/" "Mozilla/5.0 (Macintosh; Intel Mac OS X 10_15_7) AppleWebKit/537.36 (KHTML, like Gecko) Chrome/89.0.4389.114 Safari/537.36" "-"
10.142.0.102 - - [06/Apr/2021:08:40:49 +0000] "POST /api/v1/backupplans/list?backupNamespace=pushkar&page=1&pageSize=12&ordering=-creationTimestamp HTTP/1.1" 200 86 "https://ui-dev.k8strilio.net/" "Mozilla/5.0 (Macintosh; Intel Mac OS X 10_15_7) AppleWebKit/537.36 (KHTML, like Gecko) Chrome/89.0.4389.114 Safari/537.36" "-"
10.142.0.102 - - [06/Apr/2021:08:40:49 +0000] "POST /api/v1/restores/list?page=1&pageSize=12&ordering=-creationTimestamp&backupNamespace=pushkar&scope=Namespace HTTP/1.1" 200 135 "https://ui-dev.k8strilio.net/" "Mozilla/5.0 (Macintosh; Intel Mac OS X 10_15_7) AppleWebKit/537.36 (KHTML, like Gecko) Chrome/89.0.4389.114 Safari/537.36" "-"
10.92.1.1 - - [06/Apr/2021:08:40:49 +0000] "GET /api/v1/targets?pageSize=12&page=1&ordering=-creationTimestamp HTTP/1.1" 200 105 "https://ui-dev.k8strilio.net/" "Mozilla/5.0 (Macintosh; Intel Mac OS X 10_15_7) AppleWebKit/537.36 (KHTML, like Gecko) Chrome/89.0.4389.114 Safari/537.36" "-"
10.142.0.16 - - [06/Apr/2021:08:40:49 +0000] "POST /api/v1/backupplans/list?backupNamespace=pushkar&page=1&pageSize=12&ordering=-creationTimestamp&timeRangeField=Hour&timeRangeValue=24 HTTP/1.1" 200 86 "https://ui-dev.k8strilio.net/" "Mozilla/5.0 (Macintosh; Intel Mac OS X 10_15_7) AppleWebKit/537.36 (KHTML, like Gecko) Chrome/89.0.4389.114 Safari/537.36" "-"
10.142.0.102 - - [06/Apr/2021:08:40:49 +0000] "GET /api/v1/tvkInfo HTTP/1.1" 200 1502 "https://ui-dev.k8strilio.net/" "Mozilla/5.0 (Macintosh; Intel Mac OS X 10_15_7) AppleWebKit/537.36 (KHTML, like Gecko) Chrome/89.0.4389.114 Safari/537.36" "-"
10.92.1.1 - - [06/Apr/2021:08:40:49 +0000] "POST /api/v1/backups/list?page=1&pageSize=12&ordering=-creationTimestamp&backupNamespace=pushkar&scope=Namespace&timeRangeField=Hour&timeRangeValue=24 HTTP/1.1" 200 136 "https://ui-dev.k8strilio.net/" "Mozilla/5.0 (Macintosh; Intel Mac OS X 10_15_7) AppleWebKit/537.36 (KHTML, like Gecko) Chrome/89.0.4389.114 Safari/537.36" "-"
10.142.0.102 - - [06/Apr/2021:08:40:50 +0000] "GET /api/v1/tvkConfigs HTTP/1.1" 200 2287 "https://ui-dev.k8strilio.net/" "Mozilla/5.0 (Macintosh; Intel Mac OS X 10_15_7) AppleWebKit/537.36 (KHTML, like Gecko) Chrome/89.0.4389.114 Safari/537.36" "-"
10.92.1.1 - - [06/Apr/2021:08:40:50 +0000] "GET /api/v1/applicationTooling?namespace=pushkar&pageSize=10000 HTTP/1.1" 200 729 "https://ui-dev.k8strilio.net/" "Mozilla/5.0 (Macintosh; Intel Mac OS X 10_15_7) AppleWebKit/537.36 (KHTML, like Gecko) Chrome/89.0.4389.114 Safari/537.36" "-"
2021/04/06 08:40:52 [warn] 42#42: *5411 an upstream response is buffered to a temporary file /var/cache/nginx/proxy_temp/6/03/0000000036 while reading upstream, client: 10.92.1.1, server: ui-qa-1.k8strilio.net, request: "GET /api/v1/applicationObjects?namespace=pushkar&pageSize=10000 HTTP/1.1", upstream: "http://10.92.1.221:9443/api/v1/applicationObjects?namespace=pushkar&pageSize=10000", host: "ui-qa-1.k8strilio.net", referrer: "https://ui-dev.k8strilio.net/"
10.92.1.1 - - [06/Apr/2021:08:40:53 +0000] "GET /api/v1/applicationObjects?namespace=pushkar&pageSize=10000 HTTP/1.1" 200 127659 "https://ui-dev.k8strilio.net/" "Mozilla/5.0 (Macintosh; Intel Mac OS X 10_15_7) AppleWebKit/537.36 (KHTML, like Gecko) Chrome/89.0.4389.114 Safari/537.36" "-"
10.92.1.1 - - [06/Apr/2021:08:40:57 +0000] "POST /api/sockjs/115/f4ndux11/xhr?t=1617698431939 HTTP/1.1" 200 2 "https://ui-dev.k8strilio.net/" "Mozilla/5.0 (Macintosh; Intel Mac OS X 10_15_7) AppleWebKit/537.36 (KHTML, like Gecko) Chrome/89.0.4389.114 Safari/537.36" "-"
10.92.1.1 - - [06/Apr/2021:08:41:12 +0000] "OPTIONS /api/v1/tvkInfo HTTP/1.1" 200 23 "https://ui-dev.k8strilio.net/" "Mozilla/5.0 (Macintosh; Intel Mac OS X 10_15_7) AppleWebKit/537.36 (KHTML, like Gecko) Chrome/89.0.4389.114 Safari/537.36" "-"
10.92.1.1 - - [06/Apr/2021:08:41:12 +0000] "OPTIONS /api/v1/integrations/backups?type=Velero&page=1&pageSize=12&ordering=-expirationTimestamp&namespace=pushkar&timeRangeField=Month&timeRangeValue=1 HTTP/1.1" 200 23 "https://ui-dev.k8strilio.net/" "Mozilla/5.0 (Macintosh; Intel Mac OS X 10_15_7) AppleWebKit/537.36 (KHTML, like Gecko) Chrome/89.0.4389.114 Safari/537.36" "-"
10.92.1.1 - - [06/Apr/2021:08:41:13 +0000] "GET /api/v1/tvkInfo HTTP/1.1" 200 1502 "https://ui-dev.k8strilio.net/" "Mozilla/5.0 (Macintosh; Intel Mac OS X 10_15_7) AppleWebKit/537.36 (KHTML, like Gecko) Chrome/89.0.4389.114 Safari/537.36" "-"
10.92.1.1 - - [06/Apr/2021:08:41:13 +0000] "GET /api/v1/integrations/backups?type=Velero&page=1&pageSize=12&ordering=-expirationTimestamp&namespace=pushkar&timeRangeField=Month&timeRangeValue=1 HTTP/1.1" 200 110 "https://ui-dev.k8strilio.net/" "Mozilla/5.0 (Macintosh; Intel Mac OS X 10_15_7) AppleWebKit/537.36 (KHTML, like Gecko) Chrome/89.0.4389.114 Safari/537.36" "-"
10.92.1.1 - - [06/Apr/2021:08:41:13 +0000] "POST /api/sockjs/470/4yx0qsla/xhr?t=1617698448569 HTTP/1.1" 200 2 "https://ui-qa-1.k8strilio.net/velero/backups" "Mozilla/5.0 (Macintosh; Intel Mac OS X 10_15_7) AppleWebKit/537.36 (KHTML, like Gecko) Chrome/89.0.4389.114 Safari/537.36" "-"
10.92.1.1 - - [06/Apr/2021:08:41:13 +0000] "GET /api/sockjs/info?t=1617698473404 HTTP/1.1" 200 80 "https://ui-dev.k8strilio.net/" "Mozilla/5.0 (Macintosh; Intel Mac OS X 10_15_7) AppleWebKit/537.36 (KHTML, like Gecko) Chrome/89.0.4389.114 Safari/537.36" "-"
10.92.1.1 - - [06/Apr/2021:08:41:14 +0000] "GET /api/sockjs/427/biqqip4w/websocket HTTP/1.1" 400 35 "-" "Mozilla/5.0 (Macintosh; Intel Mac OS X 10_15_7) AppleWebKit/537.36 (KHTML, like Gecko) Chrome/89.0.4389.114 Safari/537.36" "-"
10.92.1.1 - - [06/Apr/2021:08:41:20 +0000] "POST /api/sockjs/427/oeu1ltxa/xhr_streaming?t=1617698474880 HTTP/1.1" 499 0 "https://ui-dev.k8strilio.net/" "Mozilla/5.0 (Macintosh; Intel Mac OS X 10_15_7) AppleWebKit/537.36 (KHTML, like Gecko) Chrome/89.0.4389.114 Safari/537.36" "-"
10.92.1.1 - - [06/Apr/2021:08:41:21 +0000] "GET /api/sockjs/427/fiwztzqm/eventsource HTTP/1.1" 499 0 "https://ui-dev.k8strilio.net/" "Mozilla/5.0 (Macintosh; Intel Mac OS X 10_15_7) AppleWebKit/537.36 (KHTML, like Gecko) Chrome/89.0.4389.114 Safari/537.36" "-"
10.92.1.1 - - [06/Apr/2021:08:41:22 +0000] "POST /api/sockjs/115/f4ndux11/xhr?t=1617698457270 HTTP/1.1" 200 2 "https://ui-dev.k8strilio.net/" "Mozilla/5.0 (Macintosh; Intel Mac OS X 10_15_7) AppleWebKit/537.36 (KHTML, like Gecko) Chrome/89.0.4389.114 Safari/537.36" "-"
10.142.0.16 - - [06/Apr/2021:08:41:25 +0000] "POST /api/sockjs/427/xfgwdla5/xhr?t=1617698485070 HTTP/1.1" 200 2 "https://ui-dev.k8strilio.net/" "Mozilla/5.0 (Macintosh; Intel Mac OS X 10_15_7) AppleWebKit/537.36 (KHTML, like Gecko) Chrome/89.0.4389.114 Safari/537.36" "-"
10.142.0.16 - - [06/Apr/2021:08:41:25 +0000] "POST /api/sockjs/427/xfgwdla5/xhr_send?t=1617698485351 HTTP/1.1" 204 0 "https://ui-dev.k8strilio.net/" "Mozilla/5.0 (Macintosh; Intel Mac OS X 10_15_7) AppleWebKit/537.36 (KHTML, like Gecko) Chrome/89.0.4389.114 Safari/537.36" "-"
10.142.0.102 - - [06/Apr/2021:08:41:26 +0000] "POST /api/sockjs/427/xfgwdla5/xhr_send?t=1617698485639 HTTP/1.1" 204 0 "https://ui-dev.k8strilio.net/" "Mozilla/5.0 (Macintosh; Intel Mac OS X 10_15_7) AppleWebKit/537.36 (KHTML, like Gecko) Chrome/89.0.4389.114 Safari/537.36" "-"
10.142.0.102 - - [06/Apr/2021:08:41:39 +0000] "POST /api/sockjs/470/4yx0qsla/xhr?t=1617698473877 HTTP/1.1" 200 2 "https://ui-qa-1.k8strilio.net/velero/backups" "Mozilla/5.0 (Macintosh; Intel Mac OS X 10_15_7) AppleWebKit/537.36 (KHTML, like Gecko) Chrome/89.0.4389.114 Safari/537.36" "-"
10.92.1.1 - - [06/Apr/2021:08:41:47 +0000] "POST /api/sockjs/115/f4ndux11/xhr?t=1617698482535 HTTP/1.1" 200 2 "https://ui-dev.k8strilio.net/" "Mozilla/5.0 (Macintosh; Intel Mac OS X 10_15_7) AppleWebKit/537.36 (KHTML, like Gecko) Chrome/89.0.4389.114 Safari/537.36" "-"
10.142.0.16 - - [06/Apr/2021:08:41:50 +0000] "POST /api/sockjs/427/xfgwdla5/xhr?t=1617698485351 HTTP/1.1" 200 2 "https://ui-dev.k8strilio.net/" "Mozilla/5.0 (Macintosh; Intel Mac OS X 10_15_7) AppleWebKit/537.36 (KHTML, like Gecko) Chrome/89.0.4389.114 Safari/537.36" "-"
10.142.0.102 - - [06/Apr/2021:08:42:04 +0000] "POST /api/sockjs/470/4yx0qsla/xhr?t=1617698499160 HTTP/1.1" 200 2 "https://ui-qa-1.k8strilio.net/velero/backups" "Mozilla/5.0 (Macintosh; Intel Mac OS X 10_15_7) AppleWebKit/537.36 (KHTML, like Gecko) Chrome/89.0.4389.114 Safari/537.36" "-"
10.92.1.1 - - [06/Apr/2021:08:42:12 +0000] "POST /api/sockjs/115/f4ndux11/xhr?t=1617698507802 HTTP/1.1" 200 2 "https://ui-dev.k8strilio.net/" "Mozilla/5.0 (Macintosh; Intel Mac OS X 10_15_7) AppleWebKit/537.36 (KHTML, like Gecko) Chrome/89.0.4389.114 Safari/537.36" "-"
10.142.0.16 - - [06/Apr/2021:08:42:16 +0000] "POST /api/sockjs/427/xfgwdla5/xhr?t=1617698510868 HTTP/1.1" 200 2 "https://ui-dev.k8strilio.net/" "Mozilla/5.0 (Macintosh; Intel Mac OS X 10_15_7) AppleWebKit/537.36 (KHTML, like Gecko) Chrome/89.0.4389.114 Safari/537.36" "-"
10.142.0.102 - - [06/Apr/2021:08:42:29 +0000] "POST /api/sockjs/470/4yx0qsla/xhr?t=1617698524422 HTTP/1.1" 200 2 "https://ui-qa-1.k8strilio.net/velero/backups" "Mozilla/5.0 (Macintosh; Intel Mac OS X 10_15_7) AppleWebKit/537.36 (KHTML, like Gecko) Chrome/89.0.4389.114 Safari/537.36" "-"
10.92.1.1 - - [06/Apr/2021:08:42:37 +0000] "OPTIONS /api/v1/login HTTP/1.1" 200 23 "https://ui-dev.k8strilio.net/" "Mozilla/5.0 (Macintosh; Intel Mac OS X 10_15_7) AppleWebKit/537.36 (KHTML, like Gecko) Chrome/89.0.4389.114 Safari/537.36" "-"
10.92.1.1 - - [06/Apr/2021:08:42:38 +0000] "POST /api/v1/login HTTP/1.1" 200 5553 "https://ui-dev.k8strilio.net/" "Mozilla/5.0 (Macintosh; Intel Mac OS X 10_15_7) AppleWebKit/537.36 (KHTML, like Gecko) Chrome/89.0.4389.114 Safari/537.36" "-"
10.92.1.1 - - [06/Apr/2021:08:42:38 +0000] "POST /api/sockjs/115/f4ndux11/xhr?t=1617698533072 HTTP/1.1" 200 2 "https://ui-dev.k8strilio.net/" "Mozilla/5.0 (Macintosh; Intel Mac OS X 10_15_7) AppleWebKit/537.36 (KHTML, like Gecko) Chrome/89.0.4389.114 Safari/537.36" "-"
10.92.1.1 - - [06/Apr/2021:08:42:40 +0000] "OPTIONS /api/v1/token/refresh HTTP/1.1" 200 23 "https://ui-dev.k8strilio.net/" "Mozilla/5.0 (Macintosh; Intel Mac OS X 10_15_7) AppleWebKit/537.36 (KHTML, like Gecko) Chrome/89.0.4389.114 Safari/537.36" "-"
10.92.1.1 - - [06/Apr/2021:08:42:40 +0000] "POST /api/v1/token/refresh HTTP/1.1" 200 1668 "https://ui-dev.k8strilio.net/" "Mozilla/5.0 (Macintosh; Intel Mac OS X 10_15_7) AppleWebKit/537.36 (KHTML, like Gecko) Chrome/89.0.4389.114 Safari/537.36" "-"
10.142.0.16 - - [06/Apr/2021:08:42:41 +0000] "POST /api/sockjs/427/xfgwdla5/xhr?t=1617698536163 HTTP/1.1" 200 2 "https://ui-dev.k8strilio.net/" "Mozilla/5.0 (Macintosh; Intel Mac OS X 10_15_7) AppleWebKit/537.36 (KHTML, like Gecko) Chrome/89.0.4389.114 Safari/537.36" "-"
10.142.0.102 - - [06/Apr/2021:08:42:54 +0000] "POST /api/sockjs/470/4yx0qsla/xhr?t=1617698549687 HTTP/1.1" 200 2 "https://ui-qa-1.k8strilio.net/velero/backups" "Mozilla/5.0 (Macintosh; Intel Mac OS X 10_15_7) AppleWebKit/537.36 (KHTML, like Gecko) Chrome/89.0.4389.114 Safari/537.36" "-"
10.92.1.1 - - [06/Apr/2021:08:43:04 +0000] "POST /api/sockjs/115/f4ndux11/xhr?t=1617698559744 HTTP/1.1" 200 2 "https://ui-dev.k8strilio.net/" "Mozilla/5.0 (Macintosh; Intel Mac OS X 10_15_7) AppleWebKit/537.36 (KHTML, like Gecko) Chrome/89.0.4389.114 Safari/537.36" "-"
10.142.0.16 - - [06/Apr/2021:08:43:07 +0000] "POST /api/sockjs/427/xfgwdla5/xhr?t=1617698562488 HTTP/1.1" 200 2 "https://ui-dev.k8strilio.net/" "Mozilla/5.0 (Macintosh; Intel Mac OS X 10_15_7) AppleWebKit/537.36 (KHTML, like Gecko) Chrome/89.0.4389.114 Safari/537.36" "-"
10.142.0.102 - - [06/Apr/2021:08:43:20 +0000] "POST /api/sockjs/470/4yx0qsla/xhr?t=1617698574957 HTTP/1.1" 200 2 "https://ui-qa-1.k8strilio.net/velero/backups" "Mozilla/5.0 (Macintosh; Intel Mac OS X 10_15_7) AppleWebKit/537.36 (KHTML, like Gecko) Chrome/89.0.4389.114 Safari/537.36" "-"
10.92.1.1 - - [06/Apr/2021:08:43:30 +0000] "POST /api/sockjs/115/f4ndux11/xhr?t=1617698585045 HTTP/1.1" 200 2 "https://ui-dev.k8strilio.net/" "Mozilla/5.0 (Macintosh; Intel Mac OS X 10_15_7) AppleWebKit/537.36 (KHTML, like Gecko) Chrome/89.0.4389.114 Safari/537.36" "-"
10.142.0.16 - - [06/Apr/2021:08:43:32 +0000] "POST /api/sockjs/427/xfgwdla5/xhr?t=1617698587768 HTTP/1.1" 200 2 "https://ui-dev.k8strilio.net/" "Mozilla/5.0 (Macintosh; Intel Mac OS X 10_15_7) AppleWebKit/537.36 (KHTML, like Gecko) Chrome/89.0.4389.114 Safari/537.36" "-"
10.142.0.102 - - [06/Apr/2021:08:43:45 +0000] "POST /api/sockjs/470/4yx0qsla/xhr?t=1617698600221 HTTP/1.1" 200 2 "https://ui-qa-1.k8strilio.net/velero/backups" "Mozilla/5.0 (Macintosh; Intel Mac OS X 10_15_7) AppleWebKit/537.36 (KHTML, like Gecko) Chrome/89.0.4389.114 Safari/537.36" "-"
10.92.1.1 - - [06/Apr/2021:08:43:55 +0000] "POST /api/sockjs/115/f4ndux11/xhr?t=1617698610317 HTTP/1.1" 200 2 "https://ui-dev.k8strilio.net/" "Mozilla/5.0 (Macintosh; Intel Mac OS X 10_15_7) AppleWebKit/537.36 (KHTML, like Gecko) Chrome/89.0.4389.114 Safari/537.36" "-"
10.142.0.16 - - [06/Apr/2021:08:43:58 +0000] "POST /api/sockjs/427/xfgwdla5/xhr?t=1617698613032 HTTP/1.1" 200 2 "https://ui-dev.k8strilio.net/" "Mozilla/5.0 (Macintosh; Intel Mac OS X 10_15_7) AppleWebKit/537.36 (KHTML, like Gecko) Chrome/89.0.4389.114 Safari/537.36" "-"
10.142.0.102 - - [06/Apr/2021:08:44:10 +0000] "POST /api/sockjs/470/4yx0qsla/xhr?t=1617698625477 HTTP/1.1" 200 2 "https://ui-qa-1.k8strilio.net/velero/backups" "Mozilla/5.0 (Macintosh; Intel Mac OS X 10_15_7) AppleWebKit/537.36 (KHTML, like Gecko) Chrome/89.0.4389.114 Safari/537.36" "-"
10.92.1.1 - - [06/Apr/2021:08:44:20 +0000] "POST /api/sockjs/115/f4ndux11/xhr?t=1617698635585 HTTP/1.1" 200 2 "https://ui-dev.k8strilio.net/" "Mozilla/5.0 (Macintosh; Intel Mac OS X 10_15_7) AppleWebKit/537.36 (KHTML, like Gecko) Chrome/89.0.4389.114 Safari/537.36" "-"
10.142.0.16 - - [06/Apr/2021:08:44:23 +0000] "POST /api/sockjs/427/xfgwdla5/xhr?t=1617698638297 HTTP/1.1" 200 2 "https://ui-dev.k8strilio.net/" "Mozilla/5.0 (Macintosh; Intel Mac OS X 10_15_7) AppleWebKit/537.36 (KHTML, like Gecko) Chrome/89.0.4389.114 Safari/537.36" "-"
10.142.0.102 - - [06/Apr/2021:08:44:35 +0000] "POST /api/sockjs/470/4yx0qsla/xhr?t=1617698650735 HTTP/1.1" 200 2 "https://ui-qa-1.k8strilio.net/velero/backups" "Mozilla/5.0 (Macintosh; Intel Mac OS X 10_15_7) AppleWebKit/537.36 (KHTML, like Gecko) Chrome/89.0.4389.114 Safari/537.36" "-"
10.92.1.1 - - [06/Apr/2021:08:44:45 +0000] "POST /api/sockjs/115/f4ndux11/xhr?t=1617698660851 HTTP/1.1" 200 2 "https://ui-dev.k8strilio.net/" "Mozilla/5.0 (Macintosh; Intel Mac OS X 10_15_7) AppleWebKit/537.36 (KHTML, like Gecko) Chrome/89.0.4389.114 Safari/537.36" "-"
10.142.0.16 - - [06/Apr/2021:08:44:48 +0000] "POST /api/sockjs/427/xfgwdla5/xhr?t=1617698663562 HTTP/1.1" 200 2 "https://ui-dev.k8strilio.net/" "Mozilla/5.0 (Macintosh; Intel Mac OS X 10_15_7) AppleWebKit/537.36 (KHTML, like Gecko) Chrome/89.0.4389.114 Safari/537.36" "-"
10.142.0.102 - - [06/Apr/2021:08:45:01 +0000] "POST /api/sockjs/470/4yx0qsla/xhr?t=1617698675994 HTTP/1.1" 200 2 "https://ui-qa-1.k8strilio.net/velero/backups" "Mozilla/5.0 (Macintosh; Intel Mac OS X 10_15_7) AppleWebKit/537.36 (KHTML, like Gecko) Chrome/89.0.4389.114 Safari/537.36" "-"
10.92.1.1 - - [06/Apr/2021:08:45:11 +0000] "POST /api/sockjs/115/f4ndux11/xhr?t=1617698686120 HTTP/1.1" 200 2 "https://ui-dev.k8strilio.net/" "Mozilla/5.0 (Macintosh; Intel Mac OS X 10_15_7) AppleWebKit/537.36 (KHTML, like Gecko) Chrome/89.0.4389.114 Safari/537.36" "-"
10.92.1.1 - - [06/Apr/2021:08:45:12 +0000] "POST /api/sockjs/115/f4ndux11/xhr?t=1617698711406 HTTP/1.1" 499 0 "https://ui-dev.k8strilio.net/" "Mozilla/5.0 (Macintosh; Intel Mac OS X 10_15_7) AppleWebKit/537.36 (KHTML, like Gecko) Chrome/89.0.4389.114 Safari/537.36" "-"
10.142.0.16 - - [06/Apr/2021:08:45:12 +0000] "POST /api/sockjs/427/xfgwdla5/xhr?t=1617698688943 HTTP/1.1" 499 0 "https://ui-dev.k8strilio.net/" "Mozilla/5.0 (Macintosh; Intel Mac OS X 10_15_7) AppleWebKit/537.36 (KHTML, like Gecko) Chrome/89.0.4389.114 Safari/537.36" "-"
10.142.0.102 - - [06/Apr/2021:08:45:26 +0000] "POST /api/sockjs/470/4yx0qsla/xhr?t=1617698701250 HTTP/1.1" 200 2 "https://ui-qa-1.k8strilio.net/velero/backups" "Mozilla/5.0 (Macintosh; Intel Mac OS X 10_15_7) AppleWebKit/537.36 (KHTML, like Gecko) Chrome/89.0.4389.114 Safari/537.36" "-"
10.142.0.102 - - [06/Apr/2021:08:45:51 +0000] "POST /api/sockjs/470/4yx0qsla/xhr?t=1617698726524 HTTP/1.1" 200 2 "https://ui-qa-1.k8strilio.net/velero/backups" "Mozilla/5.0 (Macintosh; Intel Mac OS X 10_15_7) AppleWebKit/537.36 (KHTML, like Gecko) Chrome/89.0.4389.114 Safari/537.36" "-"
10.142.0.102 - - [06/Apr/2021:08:46:17 +0000] "POST /api/sockjs/470/4yx0qsla/xhr?t=1617698751880 HTTP/1.1" 200 2 "https://ui-qa-1.k8strilio.net/velero/backups" "Mozilla/5.0 (Macintosh; Intel Mac OS X 10_15_7) AppleWebKit/537.36 (KHTML, like Gecko) Chrome/89.0.4389.114 Safari/537.36" "-"
10.142.0.102 - - [06/Apr/2021:08:46:42 +0000] "POST /api/sockjs/470/4yx0qsla/xhr?t=1617698777137 HTTP/1.1" 200 2 "https://ui-qa-1.k8strilio.net/velero/backups" "Mozilla/5.0 (Macintosh; Intel Mac OS X 10_15_7) AppleWebKit/537.36 (KHTML, like Gecko) Chrome/89.0.4389.114 Safari/537.36" "-"
10.142.0.102 - - [06/Apr/2021:08:47:07 +0000] "POST /api/sockjs/470/4yx0qsla/xhr?t=1617698802395 HTTP/1.1" 200 2 "https://ui-qa-1.k8strilio.net/velero/backups" "Mozilla/5.0 (Macintosh; Intel Mac OS X 10_15_7) AppleWebKit/537.36 (KHTML, like Gecko) Chrome/89.0.4389.114 Safari/537.36" "-"
10.142.0.102 - - [06/Apr/2021:08:47:32 +0000] "POST /api/sockjs/470/4yx0qsla/xhr?t=1617698827698 HTTP/1.1" 200 2 "https://ui-qa-1.k8strilio.net/velero/backups" "Mozilla/5.0 (Macintosh; Intel Mac OS X 10_15_7) AppleWebKit/537.36 (KHTML, like Gecko) Chrome/89.0.4389.114 Safari/537.36" "-"
10.142.0.102 - - [06/Apr/2021:08:47:58 +0000] "POST /api/sockjs/470/4yx0qsla/xhr?t=1617698852988 HTTP/1.1" 200 2 "https://ui-qa-1.k8strilio.net/velero/backups" "Mozilla/5.0 (Macintosh; Intel Mac OS X 10_15_7) AppleWebKit/537.36 (KHTML, like Gecko) Chrome/89.0.4389.114 Safari/537.36" "-"
10.142.0.102 - - [06/Apr/2021:08:48:23 +0000] "POST /api/sockjs/470/4yx0qsla/xhr?t=1617698878281 HTTP/1.1" 200 2 "https://ui-qa-1.k8strilio.net/velero/backups" "Mozilla/5.0 (Macintosh; Intel Mac OS X 10_15_7) AppleWebKit/537.36 (KHTML, like Gecko) Chrome/89.0.4389.114 Safari/537.36" "-"
10.142.0.102 - - [06/Apr/2021:08:48:48 +0000] "POST /api/sockjs/470/4yx0qsla/xhr?t=1617698903540 HTTP/1.1" 200 2 "https://ui-qa-1.k8strilio.net/velero/backups" "Mozilla/5.0 (Macintosh; Intel Mac OS X 10_15_7) AppleWebKit/537.36 (KHTML, like Gecko) Chrome/89.0.4389.114 Safari/537.36" "-"
10.142.0.102 - - [06/Apr/2021:08:49:14 +0000] "POST /api/sockjs/470/4yx0qsla/xhr?t=1617698928869 HTTP/1.1" 200 2 "https://ui-qa-1.k8strilio.net/velero/backups" "Mozilla/5.0 (Macintosh; Intel Mac OS X 10_15_7) AppleWebKit/537.36 (KHTML, like Gecko) Chrome/89.0.4389.114 Safari/537.36" "-"
10.142.0.102 - - [06/Apr/2021:08:49:39 +0000] "POST /api/sockjs/470/4yx0qsla/xhr?t=1617698954125 HTTP/1.1" 200 2 "https://ui-qa-1.k8strilio.net/velero/backups" "Mozilla/5.0 (Macintosh; Intel Mac OS X 10_15_7) AppleWebKit/537.36 (KHTML, like Gecko) Chrome/89.0.4389.114 Safari/537.36" "-"
10.142.0.102 - - [06/Apr/2021:08:50:04 +0000] "POST /api/sockjs/470/4yx0qsla/xhr?t=1617698979385 HTTP/1.1" 200 2 "https://ui-qa-1.k8strilio.net/velero/backups" "Mozilla/5.0 (Macintosh; Intel Mac OS X 10_15_7) AppleWebKit/537.36 (KHTML, like Gecko) Chrome/89.0.4389.114 Safari/537.36" "-"
10.142.0.102 - - [06/Apr/2021:08:50:29 +0000] "POST /api/sockjs/470/4yx0qsla/xhr?t=1617699004641 HTTP/1.1" 200 2 "https://ui-qa-1.k8strilio.net/velero/backups" "Mozilla/5.0 (Macintosh; Intel Mac OS X 10_15_7) AppleWebKit/537.36 (KHTML, like Gecko) Chrome/89.0.4389.114 Safari/537.36" "-"
10.92.1.1 - - [06/Apr/2021:08:50:43 +0000] "OPTIONS /api/v1/tvkInfo HTTP/1.1" 200 23 "https://ui-dev.k8strilio.net/" "Mozilla/5.0 (Macintosh; Intel Mac OS X 10_15_7) AppleWebKit/537.36 (KHTML, like Gecko) Chrome/89.0.4389.114 Safari/537.36" "-"
10.142.0.16 - - [06/Apr/2021:08:50:44 +0000] "OPTIONS /api/v1/backupplans/list?page=1&pageSize=12&ordering=-creationTimestamp HTTP/1.1" 200 23 "https://ui-dev.k8strilio.net/" "Mozilla/5.0 (Macintosh; Intel Mac OS X 10_15_7) AppleWebKit/537.36 (KHTML, like Gecko) Chrome/89.0.4389.114 Safari/537.36" "-"
10.92.1.1 - - [06/Apr/2021:08:50:44 +0000] "OPTIONS /api/v1/applicationTooling?pageSize=10000 HTTP/1.1" 200 23 "https://ui-dev.k8strilio.net/" "Mozilla/5.0 (Macintosh; Intel Mac OS X 10_15_7) AppleWebKit/537.36 (KHTML, like Gecko) Chrome/89.0.4389.114 Safari/537.36" "-"
10.92.1.1 - - [06/Apr/2021:08:50:44 +0000] "GET /api/v1/tvkInfo HTTP/1.1" 200 1502 "https://ui-dev.k8strilio.net/" "Mozilla/5.0 (Macintosh; Intel Mac OS X 10_15_7) AppleWebKit/537.36 (KHTML, like Gecko) Chrome/89.0.4389.114 Safari/537.36" "-"
10.142.0.16 - - [06/Apr/2021:08:50:44 +0000] "POST /api/v1/backupplans/list?page=1&pageSize=12&ordering=-creationTimestamp HTTP/1.1" 200 86 "https://ui-dev.k8strilio.net/" "Mozilla/5.0 (Macintosh; Intel Mac OS X 10_15_7) AppleWebKit/537.36 (KHTML, like Gecko) Chrome/89.0.4389.114 Safari/537.36" "-"
10.142.0.102 - - [06/Apr/2021:08:50:44 +0000] "OPTIONS /api/v1/applicationTooling?namespace=pushkar&pageSize=10000 HTTP/1.1" 200 23 "https://ui-dev.k8strilio.net/" "Mozilla/5.0 (Macintosh; Intel Mac OS X 10_15_7) AppleWebKit/537.36 (KHTML, like Gecko) Chrome/89.0.4389.114 Safari/537.36" "-"
10.92.1.1 - - [06/Apr/2021:08:50:44 +0000] "OPTIONS /api/v1/backupplans/list?backupNamespace=pushkar&page=1&pageSize=12&ordering=-creationTimestamp HTTP/1.1" 200 23 "https://ui-dev.k8strilio.net/" "Mozilla/5.0 (Macintosh; Intel Mac OS X 10_15_7) AppleWebKit/537.36 (KHTML, like Gecko) Chrome/89.0.4389.114 Safari/537.36" "-"
10.92.1.1 - - [06/Apr/2021:08:50:44 +0000] "GET /api/v1/applicationTooling?pageSize=10000 HTTP/1.1" 200 729 "https://ui-dev.k8strilio.net/" "Mozilla/5.0 (Macintosh; Intel Mac OS X 10_15_7) AppleWebKit/537.36 (KHTML, like Gecko) Chrome/89.0.4389.114 Safari/537.36" "-"
10.142.0.102 - - [06/Apr/2021:08:50:45 +0000] "POST /api/v1/backupplans/list?backupNamespace=pushkar&page=1&pageSize=12&ordering=-creationTimestamp HTTP/1.1" 200 86 "https://ui-dev.k8strilio.net/" "Mozilla/5.0 (Macintosh; Intel Mac OS X 10_15_7) AppleWebKit/537.36 (KHTML, like Gecko) Chrome/89.0.4389.114 Safari/537.36" "-"
10.92.1.1 - - [06/Apr/2021:08:50:45 +0000] "GET /api/sockjs/info?t=1617699044490 HTTP/1.1" 200 80 "https://ui-dev.k8strilio.net/" "Mozilla/5.0 (Macintosh; Intel Mac OS X 10_15_7) AppleWebKit/537.36 (KHTML, like Gecko) Chrome/89.0.4389.114 Safari/537.36" "-"
10.92.1.1 - - [06/Apr/2021:08:50:45 +0000] "GET /api/v1/applicationTooling?namespace=pushkar&pageSize=10000 HTTP/1.1" 200 729 "https://ui-dev.k8strilio.net/" "Mozilla/5.0 (Macintosh; Intel Mac OS X 10_15_7) AppleWebKit/537.36 (KHTML, like Gecko) Chrome/89.0.4389.114 Safari/537.36" "-"
10.142.0.102 - - [06/Apr/2021:08:50:45 +0000] "POST /api/v1/backupplans/list?backupNamespace=pushkar&page=1&pageSize=12&ordering=-creationTimestamp HTTP/1.1" 200 86 "https://ui-dev.k8strilio.net/" "Mozilla/5.0 (Macintosh; Intel Mac OS X 10_15_7) AppleWebKit/537.36 (KHTML, like Gecko) Chrome/89.0.4389.114 Safari/537.36" "-"
10.142.0.16 - - [06/Apr/2021:08:50:46 +0000] "GET /api/sockjs/885/bkbpd1fk/websocket HTTP/1.1" 400 35 "-" "Mozilla/5.0 (Macintosh; Intel Mac OS X 10_15_7) AppleWebKit/537.36 (KHTML, like Gecko) Chrome/89.0.4389.114 Safari/537.36" "-"
10.92.1.1 - - [06/Apr/2021:08:50:46 +0000] "GET /api/v1/applicationTooling?namespace=pushkar&pageSize=10000 HTTP/1.1" 200 729 "https://ui-dev.k8strilio.net/" "Mozilla/5.0 (Macintosh; Intel Mac OS X 10_15_7) AppleWebKit/537.36 (KHTML, like Gecko) Chrome/89.0.4389.114 Safari/537.36" "-"
10.142.0.102 - - [06/Apr/2021:08:50:46 +0000] "OPTIONS /api/v1/targets?pageSize=12&page=1&namespace=pushkar&ordering=-creationTimestamp HTTP/1.1" 200 23 "https://ui-dev.k8strilio.net/" "Mozilla/5.0 (Macintosh; Intel Mac OS X 10_15_7) AppleWebKit/537.36 (KHTML, like Gecko) Chrome/89.0.4389.114 Safari/537.36" "-"
10.92.1.1 - - [06/Apr/2021:08:50:46 +0000] "OPTIONS /aws-target-csidriver.csidriver/readyz?t=1617699046337 HTTP/1.1" 405 559 "https://ui-dev.k8strilio.net/" "Mozilla/5.0 (Macintosh; Intel Mac OS X 10_15_7) AppleWebKit/537.36 (KHTML, like Gecko) Chrome/89.0.4389.114 Safari/537.36" "-"
10.142.0.16 - - [06/Apr/2021:08:50:46 +0000] "OPTIONS /nfs-target-csidriver.csidriver/readyz?t=1617699046337 HTTP/1.1" 405 559 "https://ui-dev.k8strilio.net/" "Mozilla/5.0 (Macintosh; Intel Mac OS X 10_15_7) AppleWebKit/537.36 (KHTML, like Gecko) Chrome/89.0.4389.114 Safari/537.36" "-"
10.142.0.102 - - [06/Apr/2021:08:50:46 +0000] "GET /api/v1/targets?pageSize=12&page=1&namespace=pushkar&ordering=-creationTimestamp HTTP/1.1" 200 105 "https://ui-dev.k8strilio.net/" "Mozilla/5.0 (Macintosh; Intel Mac OS X 10_15_7) AppleWebKit/537.36 (KHTML, like Gecko) Chrome/89.0.4389.114 Safari/537.36" "-"
10.92.1.1 - - [06/Apr/2021:08:50:52 +0000] "POST /api/sockjs/885/0n5ovqmr/xhr_streaming?t=1617699046156 HTTP/1.1" 499 0 "https://ui-dev.k8strilio.net/" "Mozilla/5.0 (Macintosh; Intel Mac OS X 10_15_7) AppleWebKit/537.36 (KHTML, like Gecko) Chrome/89.0.4389.114 Safari/537.36" "-"
10.142.0.102 - - [06/Apr/2021:08:50:53 +0000] "GET /api/sockjs/885/qdjeueof/eventsource HTTP/1.1" 499 0 "https://ui-dev.k8strilio.net/" "Mozilla/5.0 (Macintosh; Intel Mac OS X 10_15_7) AppleWebKit/537.36 (KHTML, like Gecko) Chrome/89.0.4389.114 Safari/537.36" "-"
10.142.0.102 - - [06/Apr/2021:08:50:55 +0000] "POST /api/sockjs/470/4yx0qsla/xhr?t=1617699029935 HTTP/1.1" 200 2 "https://ui-qa-1.k8strilio.net/velero/backups" "Mozilla/5.0 (Macintosh; Intel Mac OS X 10_15_7) AppleWebKit/537.36 (KHTML, like Gecko) Chrome/89.0.4389.114 Safari/537.36" "-"
10.142.0.16 - - [06/Apr/2021:08:50:57 +0000] "POST /api/sockjs/885/thurozpl/xhr?t=1617699057245 HTTP/1.1" 200 2 "https://ui-dev.k8strilio.net/" "Mozilla/5.0 (Macintosh; Intel Mac OS X 10_15_7) AppleWebKit/537.36 (KHTML, like Gecko) Chrome/89.0.4389.114 Safari/537.36" "-"
10.142.0.16 - - [06/Apr/2021:08:50:58 +0000] "POST /api/sockjs/885/thurozpl/xhr_send?t=1617699058114 HTTP/1.1" 204 0 "https://ui-dev.k8strilio.net/" "Mozilla/5.0 (Macintosh; Intel Mac OS X 10_15_7) AppleWebKit/537.36 (KHTML, like Gecko) Chrome/89.0.4389.114 Safari/537.36" "-"
10.92.1.1 - - [06/Apr/2021:08:50:58 +0000] "POST /api/sockjs/885/thurozpl/xhr_send?t=1617699058429 HTTP/1.1" 204 0 "https://ui-dev.k8strilio.net/" "Mozilla/5.0 (Macintosh; Intel Mac OS X 10_15_7) AppleWebKit/537.36 (KHTML, like Gecko) Chrome/89.0.4389.114 Safari/537.36" "-"
10.92.1.1 - - [06/Apr/2021:08:51:09 +0000] "OPTIONS /api/v1/targets HTTP/1.1" 200 23 "https://ui-dev.k8strilio.net/" "Mozilla/5.0 (Macintosh; Intel Mac OS X 10_15_7) AppleWebKit/537.36 (KHTML, like Gecko) Chrome/89.0.4389.114 Safari/537.36" "-"
10.92.1.1 - - [06/Apr/2021:08:51:09 +0000] "POST /api/v1/targets HTTP/1.1" 201 494 "https://ui-dev.k8strilio.net/" "Mozilla/5.0 (Macintosh; Intel Mac OS X 10_15_7) AppleWebKit/537.36 (KHTML, like Gecko) Chrome/89.0.4389.114 Safari/537.36" "-"
10.142.0.16 - - [06/Apr/2021:08:51:09 +0000] "POST /api/sockjs/885/thurozpl/xhr?t=1617699058115 HTTP/1.1" 200 934 "https://ui-dev.k8strilio.net/" "Mozilla/5.0 (Macintosh; Intel Mac OS X 10_15_7) AppleWebKit/537.36 (KHTML, like Gecko) Chrome/89.0.4389.114 Safari/537.36" "-"
10.142.0.102 - - [06/Apr/2021:08:51:09 +0000] "POST /api/sockjs/470/4yx0qsla/xhr?t=1617699055199 HTTP/1.1" 200 934 "https://ui-qa-1.k8strilio.net/velero/backups" "Mozilla/5.0 (Macintosh; Intel Mac OS X 10_15_7) AppleWebKit/537.36 (KHTML, like Gecko) Chrome/89.0.4389.114 Safari/537.36" "-"
10.142.0.102 - - [06/Apr/2021:08:51:10 +0000] "POST /api/sockjs/885/thurozpl/xhr?t=1617699070182 HTTP/1.1" 200 979 "https://ui-dev.k8strilio.net/" "Mozilla/5.0 (Macintosh; Intel Mac OS X 10_15_7) AppleWebKit/537.36 (KHTML, like Gecko) Chrome/89.0.4389.114 Safari/537.36" "-"
10.142.0.16 - - [06/Apr/2021:08:51:10 +0000] "POST /api/sockjs/470/4yx0qsla/xhr?t=1617699070206 HTTP/1.1" 200 979 "https://ui-qa-1.k8strilio.net/velero/backups" "Mozilla/5.0 (Macintosh; Intel Mac OS X 10_15_7) AppleWebKit/537.36 (KHTML, like Gecko) Chrome/89.0.4389.114 Safari/537.36" "-"
10.92.1.1 - - [06/Apr/2021:08:51:10 +0000] "OPTIONS /api/v1/summary?namespace=pushkar&scope=Namespace HTTP/1.1" 200 23 "https://ui-dev.k8strilio.net/" "Mozilla/5.0 (Macintosh; Intel Mac OS X 10_15_7) AppleWebKit/537.36 (KHTML, like Gecko) Chrome/89.0.4389.114 Safari/537.36" "-"
10.142.0.16 - - [06/Apr/2021:08:51:10 +0000] "POST /api/sockjs/885/thurozpl/xhr?t=1617699070488 HTTP/1.1" 200 2325 "https://ui-dev.k8strilio.net/" "Mozilla/5.0 (Macintosh; Intel Mac OS X 10_15_7) AppleWebKit/537.36 (KHTML, like Gecko) Chrome/89.0.4389.114 Safari/537.36" "-"
10.142.0.102 - - [06/Apr/2021:08:51:10 +0000] "POST /api/sockjs/470/4yx0qsla/xhr?t=1617699070503 HTTP/1.1" 200 2325 "https://ui-qa-1.k8strilio.net/velero/backups" "Mozilla/5.0 (Macintosh; Intel Mac OS X 10_15_7) AppleWebKit/537.36 (KHTML, like Gecko) Chrome/89.0.4389.114 Safari/537.36" "-"
10.92.1.1 - - [06/Apr/2021:08:51:10 +0000] "POST /api/v1/summary?namespace=pushkar&scope=Namespace HTTP/1.1" 200 261 "https://ui-dev.k8strilio.net/" "Mozilla/5.0 (Macintosh; Intel Mac OS X 10_15_7) AppleWebKit/537.36 (KHTML, like Gecko) Chrome/89.0.4389.114 Safari/537.36" "-"
10.142.0.102 - - [06/Apr/2021:08:51:35 +0000] "POST /api/sockjs/470/4yx0qsla/xhr?t=1617699070813 HTTP/1.1" 200 2 "https://ui-qa-1.k8strilio.net/velero/backups" "Mozilla/5.0 (Macintosh; Intel Mac OS X 10_15_7) AppleWebKit/537.36 (KHTML, like Gecko) Chrome/89.0.4389.114 Safari/537.36" "-"
10.142.0.16 - - [06/Apr/2021:08:51:35 +0000] "POST /api/sockjs/885/thurozpl/xhr?t=1617699070838 HTTP/1.1" 200 2 "https://ui-dev.k8strilio.net/" "Mozilla/5.0 (Macintosh; Intel Mac OS X 10_15_7) AppleWebKit/537.36 (KHTML, like Gecko) Chrome/89.0.4389.114 Safari/537.36" "-"
10.142.0.102 - - [06/Apr/2021:08:51:37 +0000] "POST /api/sockjs/470/4yx0qsla/xhr?t=1617699096076 HTTP/1.1" 200 1411 "https://ui-qa-1.k8strilio.net/velero/backups" "Mozilla/5.0 (Macintosh; Intel Mac OS X 10_15_7) AppleWebKit/537.36 (KHTML, like Gecko) Chrome/89.0.4389.114 Safari/537.36" "-"
10.142.0.16 - - [06/Apr/2021:08:51:37 +0000] "POST /api/sockjs/885/thurozpl/xhr?t=1617699096100 HTTP/1.1" 200 1411 "https://ui-dev.k8strilio.net/" "Mozilla/5.0 (Macintosh; Intel Mac OS X 10_15_7) AppleWebKit/537.36 (KHTML, like Gecko) Chrome/89.0.4389.114 Safari/537.36" "-"
10.92.1.1 - - [06/Apr/2021:08:51:42 +0000] "OPTIONS /api/v1/targets HTTP/1.1" 200 23 "https://ui-dev.k8strilio.net/" "Mozilla/5.0 (Macintosh; Intel Mac OS X 10_15_7) AppleWebKit/537.36 (KHTML, like Gecko) Chrome/89.0.4389.114 Safari/537.36" "-"
10.92.1.1 - - [06/Apr/2021:08:51:43 +0000] "POST /api/v1/targets HTTP/1.1" 201 523 "https://ui-dev.k8strilio.net/" "Mozilla/5.0 (Macintosh; Intel Mac OS X 10_15_7) AppleWebKit/537.36 (KHTML, like Gecko) Chrome/89.0.4389.114 Safari/537.36" "-"
10.142.0.102 - - [06/Apr/2021:08:51:43 +0000] "POST /api/sockjs/470/4yx0qsla/xhr?t=1617699097652 HTTP/1.1" 200 955 "https://ui-qa-1.k8strilio.net/velero/backups" "Mozilla/5.0 (Macintosh; Intel Mac OS X 10_15_7) AppleWebKit/537.36 (KHTML, like Gecko) Chrome/89.0.4389.114 Safari/537.36" "-"
10.142.0.16 - - [06/Apr/2021:08:51:43 +0000] "POST /api/sockjs/885/thurozpl/xhr?t=1617699097622 HTTP/1.1" 200 955 "https://ui-dev.k8strilio.net/" "Mozilla/5.0 (Macintosh; Intel Mac OS X 10_15_7) AppleWebKit/537.36 (KHTML, like Gecko) Chrome/89.0.4389.114 Safari/537.36" "-"
10.92.1.1 - - [06/Apr/2021:08:51:43 +0000] "OPTIONS /api/v1/summary?namespace=pushkar&scope=Namespace HTTP/1.1" 200 23 "https://ui-dev.k8strilio.net/" "Mozilla/5.0 (Macintosh; Intel Mac OS X 10_15_7) AppleWebKit/537.36 (KHTML, like Gecko) Chrome/89.0.4389.114 Safari/537.36" "-"
10.142.0.16 - - [06/Apr/2021:08:51:43 +0000] "POST /api/sockjs/470/4yx0qsla/xhr?t=1617699103192 HTTP/1.1" 200 3364 "https://ui-qa-1.k8strilio.net/velero/backups" "Mozilla/5.0 (Macintosh; Intel Mac OS X 10_15_7) AppleWebKit/537.36 (KHTML, like Gecko) Chrome/89.0.4389.114 Safari/537.36" "-"
10.142.0.102 - - [06/Apr/2021:08:51:43 +0000] "POST /api/sockjs/885/thurozpl/xhr?t=1617699103215 HTTP/1.1" 200 3364 "https://ui-dev.k8strilio.net/" "Mozilla/5.0 (Macintosh; Intel Mac OS X 10_15_7) AppleWebKit/537.36 (KHTML, like Gecko) Chrome/89.0.4389.114 Safari/537.36" "-"
10.92.1.1 - - [06/Apr/2021:08:51:43 +0000] "POST /api/v1/summary?namespace=pushkar&scope=Namespace HTTP/1.1" 200 261 "https://ui-dev.k8strilio.net/" "Mozilla/5.0 (Macintosh; Intel Mac OS X 10_15_7) AppleWebKit/537.36 (KHTML, like Gecko) Chrome/89.0.4389.114 Safari/537.36" "-"
10.92.1.1 - - [06/Apr/2021:08:51:47 +0000] "PUT /api/v1/targets HTTP/1.1" 201 696 "https://ui-dev.k8strilio.net/" "Mozilla/5.0 (Macintosh; Intel Mac OS X 10_15_7) AppleWebKit/537.36 (KHTML, like Gecko) Chrome/89.0.4389.114 Safari/537.36" "-"
10.142.0.102 - - [06/Apr/2021:08:51:47 +0000] "POST /api/sockjs/470/4yx0qsla/xhr?t=1617699103490 HTTP/1.1" 200 1435 "https://ui-qa-1.k8strilio.net/velero/backups" "Mozilla/5.0 (Macintosh; Intel Mac OS X 10_15_7) AppleWebKit/537.36 (KHTML, like Gecko) Chrome/89.0.4389.114 Safari/537.36" "-"
10.142.0.16 - - [06/Apr/2021:08:51:47 +0000] "POST /api/sockjs/885/thurozpl/xhr?t=1617699103619 HTTP/1.1" 200 1435 "https://ui-dev.k8strilio.net/" "Mozilla/5.0 (Macintosh; Intel Mac OS X 10_15_7) AppleWebKit/537.36 (KHTML, like Gecko) Chrome/89.0.4389.114 Safari/537.36" "-"
10.142.0.16 - - [06/Apr/2021:08:51:47 +0000] "POST /api/sockjs/470/4yx0qsla/xhr?t=1617699107285 HTTP/1.1" 200 1629 "https://ui-qa-1.k8strilio.net/velero/backups" "Mozilla/5.0 (Macintosh; Intel Mac OS X 10_15_7) AppleWebKit/537.36 (KHTML, like Gecko) Chrome/89.0.4389.114 Safari/537.36" "-"
10.142.0.102 - - [06/Apr/2021:08:51:47 +0000] "POST /api/sockjs/885/thurozpl/xhr?t=1617699107328 HTTP/1.1" 200 1629 "https://ui-dev.k8strilio.net/" "Mozilla/5.0 (Macintosh; Intel Mac OS X 10_15_7) AppleWebKit/537.36 (KHTML, like Gecko) Chrome/89.0.4389.114 Safari/537.36" "-"
W0406 08:51:48.140686       1 controller.go:3055] Using the DEPRECATED annotation 'kubernetes.io/ingress.class'. The 'ingressClassName' field will be ignored.
W0406 08:51:48.220375       1 controller.go:2174] Error retrieving endpoints for the service nfs-target-ns-browser-3n88bz: No endpoints for target port 9090 in service nfs-target-ns-browser-3n88bz
2021/04/06 08:51:49 [notice] 20#20: signal 1 (SIGHUP) received from 46, reconfiguring
2021/04/06 08:51:49 [notice] 20#20: reconfiguring
2021/04/06 08:51:49 [notice] 20#20: using the "epoll" event method
2021/04/06 08:51:49 [notice] 20#20: start worker processes
2021/04/06 08:51:49 [notice] 20#20: start worker process 47
2021/04/06 08:51:49 [notice] 20#20: start worker process 48
2021/04/06 08:51:49 [notice] 20#20: start worker process 49
2021/04/06 08:51:49 [notice] 20#20: start worker process 50
2021/04/06 08:51:49 [notice] 41#41: gracefully shutting down
2021/04/06 08:51:49 [notice] 43#43: gracefully shutting down
2021/04/06 08:51:49 [notice] 44#44: gracefully shutting down
2021/04/06 08:51:49 [notice] 44#44: exiting
2021/04/06 08:51:49 [notice] 43#43: exiting
2021/04/06 08:51:49 [notice] 42#42: gracefully shutting down
2021/04/06 08:51:49 [notice] 41#41: exiting
2021/04/06 08:51:49 [notice] 41#41: exit
2021/04/06 08:51:49 [notice] 44#44: exit
2021/04/06 08:51:49 [notice] 43#43: exit
I0406 08:51:49.265346       1 event.go:282] Event(v1.ObjectReference{Kind:"Ingress", Namespace:"pushkar", Name:"k8s-triliovault-ingress", UID:"ff3d2d5c-694d-4c88-8290-a140bcff6bcf", APIVersion:"networking.k8s.io/v1beta1", ResourceVersion:"95380813", FieldPath:""}): type: 'Normal' reason: 'AddedOrUpdated' Configuration for pushkar/k8s-triliovault-ingress was added or updated 
2021/04/06 08:51:49 [notice] 20#20: signal 17 (SIGCHLD) received from 43
2021/04/06 08:51:49 [notice] 20#20: worker process 43 exited with code 0
2021/04/06 08:51:49 [notice] 20#20: worker process 41 exited with code 0
2021/04/06 08:51:49 [notice] 20#20: worker process 44 exited with code 0
2021/04/06 08:51:49 [notice] 20#20: signal 29 (SIGIO) received
2021/04/06 08:51:49 [notice] 20#20: signal 17 (SIGCHLD) received from 44
2021/04/06 08:51:51 [notice] 20#20: signal 1 (SIGHUP) received from 51, reconfiguring
