10.142.0.102 - - [06/Apr/2021:07:08:49 +0000] "GET /api/sockjs/287/cuibkifv/jsonp?c=_jp.a1ury0y HTTP/1.1" 200 30 "https://ui-qa-1.k8strilio.net/clusters" "Mozilla/5.0 (Macintosh; Intel Mac OS X 10_15_7) AppleWebKit/537.36 (KHTML, like Gecko) Chrome/89.0.4389.114 Safari/537.36" "-"
10.92.1.1 - - [06/Apr/2021:07:08:54 +0000] "POST /api/sockjs/617/m4jmtwg0/xhr?t=1617692908989 HTTP/1.1" 200 2 "https://ui-dev.k8strilio.net/" "Mozilla/5.0 (Macintosh; Intel Mac OS X 10_15_7) AppleWebKit/537.36 (KHTML, like Gecko) Chrome/89.0.4389.114 Safari/537.36" "-"
10.142.0.16 - - [06/Apr/2021:07:09:08 +0000] "POST /api/sockjs/109/vxzrvdtv/xhr?t=1617692923591 HTTP/1.1" 200 2 "https://ui-dev.k8strilio.net/" "Mozilla/5.0 (Macintosh; Intel Mac OS X 10_15_7) AppleWebKit/537.36 (KHTML, like Gecko) Chrome/89.0.4389.114 Safari/537.36" "-"
10.142.0.16 - - [06/Apr/2021:07:09:11 +0000] "POST /api/sockjs/954/3bx3vmx5/xhr?t=1617692926434 HTTP/1.1" 200 2 "https://ui-dev.k8strilio.net/" "Mozilla/5.0 (Macintosh; Intel Mac OS X 10_15_7) AppleWebKit/537.36 (KHTML, like Gecko) Chrome/89.0.4389.114 Safari/537.36" "-"
10.142.0.102 - - [06/Apr/2021:07:09:15 +0000] "GET /api/sockjs/287/cuibkifv/jsonp?c=_jp.aeavpbi HTTP/1.1" 200 30 "https://ui-qa-1.k8strilio.net/clusters" "Mozilla/5.0 (Macintosh; Intel Mac OS X 10_15_7) AppleWebKit/537.36 (KHTML, like Gecko) Chrome/89.0.4389.114 Safari/537.36" "-"
10.92.1.1 - - [06/Apr/2021:07:09:19 +0000] "POST /api/sockjs/617/m4jmtwg0/xhr?t=1617692934264 HTTP/1.1" 200 2 "https://ui-dev.k8strilio.net/" "Mozilla/5.0 (Macintosh; Intel Mac OS X 10_15_7) AppleWebKit/537.36 (KHTML, like Gecko) Chrome/89.0.4389.114 Safari/537.36" "-"
10.142.0.16 - - [06/Apr/2021:07:09:33 +0000] "POST /api/sockjs/109/vxzrvdtv/xhr?t=1617692948850 HTTP/1.1" 200 2 "https://ui-dev.k8strilio.net/" "Mozilla/5.0 (Macintosh; Intel Mac OS X 10_15_7) AppleWebKit/537.36 (KHTML, like Gecko) Chrome/89.0.4389.114 Safari/537.36" "-"
10.142.0.16 - - [06/Apr/2021:07:09:36 +0000] "POST /api/sockjs/954/3bx3vmx5/xhr?t=1617692951785 HTTP/1.1" 200 2 "https://ui-dev.k8strilio.net/" "Mozilla/5.0 (Macintosh; Intel Mac OS X 10_15_7) AppleWebKit/537.36 (KHTML, like Gecko) Chrome/89.0.4389.114 Safari/537.36" "-"
10.142.0.102 - - [06/Apr/2021:07:09:40 +0000] "GET /api/sockjs/287/cuibkifv/jsonp?c=_jp.aaup33z HTTP/1.1" 200 30 "https://ui-qa-1.k8strilio.net/clusters" "Mozilla/5.0 (Macintosh; Intel Mac OS X 10_15_7) AppleWebKit/537.36 (KHTML, like Gecko) Chrome/89.0.4389.114 Safari/537.36" "-"
10.92.1.1 - - [06/Apr/2021:07:09:44 +0000] "POST /api/sockjs/617/m4jmtwg0/xhr?t=1617692959539 HTTP/1.1" 200 2 "https://ui-dev.k8strilio.net/" "Mozilla/5.0 (Macintosh; Intel Mac OS X 10_15_7) AppleWebKit/537.36 (KHTML, like Gecko) Chrome/89.0.4389.114 Safari/537.36" "-"
10.142.0.16 - - [06/Apr/2021:07:09:59 +0000] "POST /api/sockjs/109/vxzrvdtv/xhr?t=1617692974111 HTTP/1.1" 200 2 "https://ui-dev.k8strilio.net/" "Mozilla/5.0 (Macintosh; Intel Mac OS X 10_15_7) AppleWebKit/537.36 (KHTML, like Gecko) Chrome/89.0.4389.114 Safari/537.36" "-"
10.142.0.16 - - [06/Apr/2021:07:10:02 +0000] "POST /api/sockjs/954/3bx3vmx5/xhr?t=1617692977057 HTTP/1.1" 200 2 "https://ui-dev.k8strilio.net/" "Mozilla/5.0 (Macintosh; Intel Mac OS X 10_15_7) AppleWebKit/537.36 (KHTML, like Gecko) Chrome/89.0.4389.114 Safari/537.36" "-"
10.142.0.102 - - [06/Apr/2021:07:10:05 +0000] "GET /api/sockjs/287/cuibkifv/jsonp?c=_jp.apotsq5 HTTP/1.1" 200 30 "https://ui-qa-1.k8strilio.net/clusters" "Mozilla/5.0 (Macintosh; Intel Mac OS X 10_15_7) AppleWebKit/537.36 (KHTML, like Gecko) Chrome/89.0.4389.114 Safari/537.36" "-"
10.92.1.1 - - [06/Apr/2021:07:10:09 +0000] "POST /api/sockjs/617/m4jmtwg0/xhr?t=1617692984815 HTTP/1.1" 200 2 "https://ui-dev.k8strilio.net/" "Mozilla/5.0 (Macintosh; Intel Mac OS X 10_15_7) AppleWebKit/537.36 (KHTML, like Gecko) Chrome/89.0.4389.114 Safari/537.36" "-"
10.142.0.16 - - [06/Apr/2021:07:10:24 +0000] "POST /api/sockjs/109/vxzrvdtv/xhr?t=1617692999398 HTTP/1.1" 200 2 "https://ui-dev.k8strilio.net/" "Mozilla/5.0 (Macintosh; Intel Mac OS X 10_15_7) AppleWebKit/537.36 (KHTML, like Gecko) Chrome/89.0.4389.114 Safari/537.36" "-"
10.142.0.16 - - [06/Apr/2021:07:10:27 +0000] "POST /api/sockjs/954/3bx3vmx5/xhr?t=1617693002372 HTTP/1.1" 200 2 "https://ui-dev.k8strilio.net/" "Mozilla/5.0 (Macintosh; Intel Mac OS X 10_15_7) AppleWebKit/537.36 (KHTML, like Gecko) Chrome/89.0.4389.114 Safari/537.36" "-"
10.142.0.102 - - [06/Apr/2021:07:10:30 +0000] "GET /api/sockjs/287/cuibkifv/jsonp?c=_jp.awx1vvz HTTP/1.1" 200 30 "https://ui-qa-1.k8strilio.net/clusters" "Mozilla/5.0 (Macintosh; Intel Mac OS X 10_15_7) AppleWebKit/537.36 (KHTML, like Gecko) Chrome/89.0.4389.114 Safari/537.36" "-"
10.92.1.1 - - [06/Apr/2021:07:10:35 +0000] "POST /api/sockjs/617/m4jmtwg0/xhr?t=1617693010093 HTTP/1.1" 200 2 "https://ui-dev.k8strilio.net/" "Mozilla/5.0 (Macintosh; Intel Mac OS X 10_15_7) AppleWebKit/537.36 (KHTML, like Gecko) Chrome/89.0.4389.114 Safari/537.36" "-"
10.142.0.16 - - [06/Apr/2021:07:10:49 +0000] "POST /api/sockjs/109/vxzrvdtv/xhr?t=1617693024696 HTTP/1.1" 200 2 "https://ui-dev.k8strilio.net/" "Mozilla/5.0 (Macintosh; Intel Mac OS X 10_15_7) AppleWebKit/537.36 (KHTML, like Gecko) Chrome/89.0.4389.114 Safari/537.36" "-"
10.142.0.16 - - [06/Apr/2021:07:10:52 +0000] "POST /api/sockjs/954/3bx3vmx5/xhr?t=1617693027662 HTTP/1.1" 200 2 "https://ui-dev.k8strilio.net/" "Mozilla/5.0 (Macintosh; Intel Mac OS X 10_15_7) AppleWebKit/537.36 (KHTML, like Gecko) Chrome/89.0.4389.114 Safari/537.36" "-"
10.142.0.102 - - [06/Apr/2021:07:10:56 +0000] "GET /api/sockjs/287/cuibkifv/jsonp?c=_jp.affjgqc HTTP/1.1" 200 30 "https://ui-qa-1.k8strilio.net/clusters" "Mozilla/5.0 (Macintosh; Intel Mac OS X 10_15_7) AppleWebKit/537.36 (KHTML, like Gecko) Chrome/89.0.4389.114 Safari/537.36" "-"
10.92.1.1 - - [06/Apr/2021:07:11:00 +0000] "POST /api/sockjs/617/m4jmtwg0/xhr?t=1617693035379 HTTP/1.1" 200 2 "https://ui-dev.k8strilio.net/" "Mozilla/5.0 (Macintosh; Intel Mac OS X 10_15_7) AppleWebKit/537.36 (KHTML, like Gecko) Chrome/89.0.4389.114 Safari/537.36" "-"
10.142.0.16 - - [06/Apr/2021:07:11:15 +0000] "POST /api/sockjs/109/vxzrvdtv/xhr?t=1617693049962 HTTP/1.1" 200 2 "https://ui-dev.k8strilio.net/" "Mozilla/5.0 (Macintosh; Intel Mac OS X 10_15_7) AppleWebKit/537.36 (KHTML, like Gecko) Chrome/89.0.4389.114 Safari/537.36" "-"
10.142.0.16 - - [06/Apr/2021:07:11:18 +0000] "POST /api/sockjs/954/3bx3vmx5/xhr?t=1617693052955 HTTP/1.1" 200 2 "https://ui-dev.k8strilio.net/" "Mozilla/5.0 (Macintosh; Intel Mac OS X 10_15_7) AppleWebKit/537.36 (KHTML, like Gecko) Chrome/89.0.4389.114 Safari/537.36" "-"
10.142.0.102 - - [06/Apr/2021:07:11:21 +0000] "GET /api/sockjs/287/cuibkifv/jsonp?c=_jp.ap3vtjj HTTP/1.1" 200 30 "https://ui-qa-1.k8strilio.net/clusters" "Mozilla/5.0 (Macintosh; Intel Mac OS X 10_15_7) AppleWebKit/537.36 (KHTML, like Gecko) Chrome/89.0.4389.114 Safari/537.36" "-"
10.92.1.1 - - [06/Apr/2021:07:11:25 +0000] "POST /api/sockjs/617/m4jmtwg0/xhr?t=1617693060654 HTTP/1.1" 200 2 "https://ui-dev.k8strilio.net/" "Mozilla/5.0 (Macintosh; Intel Mac OS X 10_15_7) AppleWebKit/537.36 (KHTML, like Gecko) Chrome/89.0.4389.114 Safari/537.36" "-"
10.92.1.1 - - [06/Apr/2021:07:11:32 +0000] "GET /clusters HTTP/1.1" 200 1734 "-" "Mozilla/5.0 (Macintosh; Intel Mac OS X 10_15_7) AppleWebKit/537.36 (KHTML, like Gecko) Chrome/89.0.4389.114 Safari/537.36" "-"
10.142.0.102 - - [06/Apr/2021:07:11:33 +0000] "GET /api/sockjs/287/cuibkifv/jsonp?c=_jp.ax45tbd HTTP/1.1" 499 0 "https://ui-qa-1.k8strilio.net/clusters" "Mozilla/5.0 (Macintosh; Intel Mac OS X 10_15_7) AppleWebKit/537.36 (KHTML, like Gecko) Chrome/89.0.4389.114 Safari/537.36" "-"
10.92.1.1 - - [06/Apr/2021:07:11:34 +0000] "GET /api/v1/targets?pageSize=12&page=1&ordering=-creationTimestamp HTTP/1.1" 200 105 "https://ui-qa-1.k8strilio.net/clusters" "Mozilla/5.0 (Macintosh; Intel Mac OS X 10_15_7) AppleWebKit/537.36 (KHTML, like Gecko) Chrome/89.0.4389.114 Safari/537.36" "-"
10.92.1.1 - - [06/Apr/2021:07:11:34 +0000] "POST /api/v1/backups/list?page=1&pageSize=12&ordering=-creationTimestamp&scope=Namespace&timeRangeField=Hour&timeRangeValue=24 HTTP/1.1" 200 136 "https://ui-qa-1.k8strilio.net/clusters" "Mozilla/5.0 (Macintosh; Intel Mac OS X 10_15_7) AppleWebKit/537.36 (KHTML, like Gecko) Chrome/89.0.4389.114 Safari/537.36" "-"
10.142.0.102 - - [06/Apr/2021:07:11:34 +0000] "POST /api/v1/backupplans/list?page=1&pageSize=12&ordering=-creationTimestamp&timeRangeField=Hour&timeRangeValue=24 HTTP/1.1" 200 86 "https://ui-qa-1.k8strilio.net/clusters" "Mozilla/5.0 (Macintosh; Intel Mac OS X 10_15_7) AppleWebKit/537.36 (KHTML, like Gecko) Chrome/89.0.4389.114 Safari/537.36" "-"
10.142.0.16 - - [06/Apr/2021:07:11:34 +0000] "GET /api/v1/tvkInfo HTTP/1.1" 200 1502 "https://ui-qa-1.k8strilio.net/clusters" "Mozilla/5.0 (Macintosh; Intel Mac OS X 10_15_7) AppleWebKit/537.36 (KHTML, like Gecko) Chrome/89.0.4389.114 Safari/537.36" "-"
10.92.1.1 - - [06/Apr/2021:07:11:35 +0000] "GET /api/v1/tvkConfigs HTTP/1.1" 200 184 "https://ui-qa-1.k8strilio.net/clusters" "Mozilla/5.0 (Macintosh; Intel Mac OS X 10_15_7) AppleWebKit/537.36 (KHTML, like Gecko) Chrome/89.0.4389.114 Safari/537.36" "-"
10.142.0.16 - - [06/Apr/2021:07:11:35 +0000] "POST /api/v1/applicationLabeled?namespace=pushkar&pageSize=10000 HTTP/1.1" 200 18304 "https://ui-qa-1.k8strilio.net/clusters" "Mozilla/5.0 (Macintosh; Intel Mac OS X 10_15_7) AppleWebKit/537.36 (KHTML, like Gecko) Chrome/89.0.4389.114 Safari/537.36" "-"
10.142.0.102 - - [06/Apr/2021:07:11:35 +0000] "GET /api/v1/applicationTooling?namespace=pushkar&pageSize=10000 HTTP/1.1" 200 729 "https://ui-qa-1.k8strilio.net/clusters" "Mozilla/5.0 (Macintosh; Intel Mac OS X 10_15_7) AppleWebKit/537.36 (KHTML, like Gecko) Chrome/89.0.4389.114 Safari/537.36" "-"
10.142.0.102 - - [06/Apr/2021:07:11:36 +0000] "POST /api/v1/backupplans/list?backupNamespace=pushkar&pageSize=10000 HTTP/1.1" 200 86 "https://ui-qa-1.k8strilio.net/clusters" "Mozilla/5.0 (Macintosh; Intel Mac OS X 10_15_7) AppleWebKit/537.36 (KHTML, like Gecko) Chrome/89.0.4389.114 Safari/537.36" "-"
10.142.0.16 - - [06/Apr/2021:07:11:36 +0000] "POST /api/v1/summary?namespace=pushkar&scope=Namespace HTTP/1.1" 200 262 "https://ui-qa-1.k8strilio.net/clusters" "Mozilla/5.0 (Macintosh; Intel Mac OS X 10_15_7) AppleWebKit/537.36 (KHTML, like Gecko) Chrome/89.0.4389.114 Safari/537.36" "-"
10.142.0.102 - - [06/Apr/2021:07:11:36 +0000] "GET /api/v1/tvkHealthSummary HTTP/1.1" 200 182 "https://ui-qa-1.k8strilio.net/clusters" "Mozilla/5.0 (Macintosh; Intel Mac OS X 10_15_7) AppleWebKit/537.36 (KHTML, like Gecko) Chrome/89.0.4389.114 Safari/537.36" "-"
10.142.0.16 - - [06/Apr/2021:07:11:36 +0000] "POST /api/v1/backups/list?page=1&pageSize=12&backupNamespace=pushkar HTTP/1.1" 200 136 "https://ui-qa-1.k8strilio.net/clusters" "Mozilla/5.0 (Macintosh; Intel Mac OS X 10_15_7) AppleWebKit/537.36 (KHTML, like Gecko) Chrome/89.0.4389.114 Safari/537.36" "-"
10.142.0.102 - - [06/Apr/2021:07:11:36 +0000] "POST /api/v1/backupplans/list?backupNamespace=pushkar&page=1&pageSize=12&ordering=-creationTimestamp HTTP/1.1" 200 86 "https://ui-qa-1.k8strilio.net/clusters" "Mozilla/5.0 (Macintosh; Intel Mac OS X 10_15_7) AppleWebKit/537.36 (KHTML, like Gecko) Chrome/89.0.4389.114 Safari/537.36" "-"
10.142.0.16 - - [06/Apr/2021:07:11:36 +0000] "POST /api/v1/restores/list?page=1&pageSize=12&ordering=-creationTimestamp&backupNamespace=pushkar&scope=Namespace HTTP/1.1" 200 135 "https://ui-qa-1.k8strilio.net/clusters" "Mozilla/5.0 (Macintosh; Intel Mac OS X 10_15_7) AppleWebKit/537.36 (KHTML, like Gecko) Chrome/89.0.4389.114 Safari/537.36" "-"
10.142.0.102 - - [06/Apr/2021:07:11:36 +0000] "GET /api/sockjs/info?t=1617693094062 HTTP/1.1" 200 80 "https://ui-qa-1.k8strilio.net/clusters" "Mozilla/5.0 (Macintosh; Intel Mac OS X 10_15_7) AppleWebKit/537.36 (KHTML, like Gecko) Chrome/89.0.4389.114 Safari/537.36" "-"
2021/04/06 07:11:39 [warn] 42#42: *4803 an upstream response is buffered to a temporary file /var/cache/nginx/proxy_temp/6/02/0000000026 while reading upstream, client: 10.92.1.1, server: ui-qa-1.k8strilio.net, request: "GET /api/v1/applicationObjects?namespace=pushkar&pageSize=10000 HTTP/1.1", upstream: "http://10.92.1.221:9443/api/v1/applicationObjects?namespace=pushkar&pageSize=10000", host: "ui-qa-1.k8strilio.net", referrer: "https://ui-qa-1.k8strilio.net/clusters"
10.92.1.1 - - [06/Apr/2021:07:11:39 +0000] "GET /api/sockjs/422/hpr3buhd/websocket HTTP/1.1" 400 35 "-" "Mozilla/5.0 (Macintosh; Intel Mac OS X 10_15_7) AppleWebKit/537.36 (KHTML, like Gecko) Chrome/89.0.4389.114 Safari/537.36" "-"
10.92.1.1 - - [06/Apr/2021:07:11:39 +0000] "GET /api/v1/applicationObjects?namespace=pushkar&pageSize=10000 HTTP/1.1" 200 128022 "https://ui-qa-1.k8strilio.net/clusters" "Mozilla/5.0 (Macintosh; Intel Mac OS X 10_15_7) AppleWebKit/537.36 (KHTML, like Gecko) Chrome/89.0.4389.114 Safari/537.36" "-"
10.142.0.16 - - [06/Apr/2021:07:11:40 +0000] "POST /api/sockjs/109/vxzrvdtv/xhr?t=1617693075222 HTTP/1.1" 200 2 "https://ui-dev.k8strilio.net/" "Mozilla/5.0 (Macintosh; Intel Mac OS X 10_15_7) AppleWebKit/537.36 (KHTML, like Gecko) Chrome/89.0.4389.114 Safari/537.36" "-"
10.142.0.102 - - [06/Apr/2021:07:11:42 +0000] "OPTIONS /api/v1/tvkInfo HTTP/1.1" 200 23 "https://ui-dev.k8strilio.net/" "Mozilla/5.0 (Macintosh; Intel Mac OS X 10_15_7) AppleWebKit/537.36 (KHTML, like Gecko) Chrome/89.0.4389.114 Safari/537.36" "-"
10.142.0.16 - - [06/Apr/2021:07:11:42 +0000] "OPTIONS /api/v1/backupplans/list?backupNamespace=pushkar&page=1&pageSize=12&ordering=-creationTimestamp HTTP/1.1" 200 23 "https://ui-dev.k8strilio.net/" "Mozilla/5.0 (Macintosh; Intel Mac OS X 10_15_7) AppleWebKit/537.36 (KHTML, like Gecko) Chrome/89.0.4389.114 Safari/537.36" "-"
10.142.0.16 - - [06/Apr/2021:07:11:42 +0000] "OPTIONS /api/v1/applicationTooling?namespace=pushkar&pageSize=10000 HTTP/1.1" 200 23 "https://ui-dev.k8strilio.net/" "Mozilla/5.0 (Macintosh; Intel Mac OS X 10_15_7) AppleWebKit/537.36 (KHTML, like Gecko) Chrome/89.0.4389.114 Safari/537.36" "-"
10.142.0.16 - - [06/Apr/2021:07:11:42 +0000] "GET /api/v1/tvkInfo HTTP/1.1" 200 1502 "https://ui-dev.k8strilio.net/" "Mozilla/5.0 (Macintosh; Intel Mac OS X 10_15_7) AppleWebKit/537.36 (KHTML, like Gecko) Chrome/89.0.4389.114 Safari/537.36" "-"
10.142.0.16 - - [06/Apr/2021:07:11:42 +0000] "POST /api/v1/backupplans/list?backupNamespace=pushkar&page=1&pageSize=12&ordering=-creationTimestamp HTTP/1.1" 200 86 "https://ui-dev.k8strilio.net/" "Mozilla/5.0 (Macintosh; Intel Mac OS X 10_15_7) AppleWebKit/537.36 (KHTML, like Gecko) Chrome/89.0.4389.114 Safari/537.36" "-"
10.142.0.102 - - [06/Apr/2021:07:11:43 +0000] "OPTIONS /api/v1/applicationTooling?namespace=pushkar&pageSize=10000 HTTP/1.1" 200 23 "https://ui-dev.k8strilio.net/" "Mozilla/5.0 (Macintosh; Intel Mac OS X 10_15_7) AppleWebKit/537.36 (KHTML, like Gecko) Chrome/89.0.4389.114 Safari/537.36" "-"
10.142.0.16 - - [06/Apr/2021:07:11:43 +0000] "OPTIONS /api/v1/backupplans/list?backupNamespace=pushkar&page=1&pageSize=12&ordering=-creationTimestamp HTTP/1.1" 200 23 "https://ui-dev.k8strilio.net/" "Mozilla/5.0 (Macintosh; Intel Mac OS X 10_15_7) AppleWebKit/537.36 (KHTML, like Gecko) Chrome/89.0.4389.114 Safari/537.36" "-"
10.92.1.1 - - [06/Apr/2021:07:11:43 +0000] "GET /api/sockjs/info?t=1617693102929 HTTP/1.1" 200 80 "https://ui-dev.k8strilio.net/" "Mozilla/5.0 (Macintosh; Intel Mac OS X 10_15_7) AppleWebKit/537.36 (KHTML, like Gecko) Chrome/89.0.4389.114 Safari/537.36" "-"
10.142.0.102 - - [06/Apr/2021:07:11:43 +0000] "GET /api/v1/applicationTooling?namespace=pushkar&pageSize=10000 HTTP/1.1" 200 729 "https://ui-dev.k8strilio.net/" "Mozilla/5.0 (Macintosh; Intel Mac OS X 10_15_7) AppleWebKit/537.36 (KHTML, like Gecko) Chrome/89.0.4389.114 Safari/537.36" "-"
10.142.0.16 - - [06/Apr/2021:07:11:43 +0000] "POST /api/sockjs/954/3bx3vmx5/xhr?t=1617693078247 HTTP/1.1" 200 2 "https://ui-dev.k8strilio.net/" "Mozilla/5.0 (Macintosh; Intel Mac OS X 10_15_7) AppleWebKit/537.36 (KHTML, like Gecko) Chrome/89.0.4389.114 Safari/537.36" "-"
10.142.0.16 - - [06/Apr/2021:07:11:43 +0000] "POST /api/v1/backupplans/list?backupNamespace=pushkar&page=1&pageSize=12&ordering=-creationTimestamp HTTP/1.1" 200 86 "https://ui-dev.k8strilio.net/" "Mozilla/5.0 (Macintosh; Intel Mac OS X 10_15_7) AppleWebKit/537.36 (KHTML, like Gecko) Chrome/89.0.4389.114 Safari/537.36" "-"
10.142.0.102 - - [06/Apr/2021:07:11:43 +0000] "GET /api/v1/applicationTooling?namespace=pushkar&pageSize=10000 HTTP/1.1" 200 729 "https://ui-dev.k8strilio.net/" "Mozilla/5.0 (Macintosh; Intel Mac OS X 10_15_7) AppleWebKit/537.36 (KHTML, like Gecko) Chrome/89.0.4389.114 Safari/537.36" "-"
10.142.0.102 - - [06/Apr/2021:07:11:43 +0000] "OPTIONS /api/v1/backupplans/list?backupNamespace=pushkar&page=1&pageSize=12&ordering=-creationTimestamp HTTP/1.1" 200 23 "https://ui-dev.k8strilio.net/" "Mozilla/5.0 (Macintosh; Intel Mac OS X 10_15_7) AppleWebKit/537.36 (KHTML, like Gecko) Chrome/89.0.4389.114 Safari/537.36" "-"
10.142.0.16 - - [06/Apr/2021:07:11:43 +0000] "OPTIONS /api/v1/applicationTooling?namespace=pushkar&pageSize=10000 HTTP/1.1" 200 23 "https://ui-dev.k8strilio.net/" "Mozilla/5.0 (Macintosh; Intel Mac OS X 10_15_7) AppleWebKit/537.36 (KHTML, like Gecko) Chrome/89.0.4389.114 Safari/537.36" "-"
10.142.0.16 - - [06/Apr/2021:07:11:43 +0000] "GET /api/sockjs/237/vygpwvyj/websocket HTTP/1.1" 400 35 "-" "Mozilla/5.0 (Macintosh; Intel Mac OS X 10_15_7) AppleWebKit/537.36 (KHTML, like Gecko) Chrome/89.0.4389.114 Safari/537.36" "-"
10.142.0.102 - - [06/Apr/2021:07:11:44 +0000] "POST /api/v1/backupplans/list?backupNamespace=pushkar&page=1&pageSize=12&ordering=-creationTimestamp HTTP/1.1" 200 86 "https://ui-dev.k8strilio.net/" "Mozilla/5.0 (Macintosh; Intel Mac OS X 10_15_7) AppleWebKit/537.36 (KHTML, like Gecko) Chrome/89.0.4389.114 Safari/537.36" "-"
10.142.0.16 - - [06/Apr/2021:07:11:44 +0000] "GET /api/v1/applicationTooling?namespace=pushkar&pageSize=10000 HTTP/1.1" 200 729 "https://ui-dev.k8strilio.net/" "Mozilla/5.0 (Macintosh; Intel Mac OS X 10_15_7) AppleWebKit/537.36 (KHTML, like Gecko) Chrome/89.0.4389.114 Safari/537.36" "-"
10.92.1.1 - - [06/Apr/2021:07:11:45 +0000] "POST /api/sockjs/237/amtmfan0/xhr_streaming?t=1617693104003 HTTP/1.1" 499 0 "https://ui-dev.k8strilio.net/" "Mozilla/5.0 (Macintosh; Intel Mac OS X 10_15_7) AppleWebKit/537.36 (KHTML, like Gecko) Chrome/89.0.4389.114 Safari/537.36" "-"
10.142.0.16 - - [06/Apr/2021:07:11:46 +0000] "GET /api/sockjs/237/medgzhiy/eventsource HTTP/1.1" 499 0 "https://ui-dev.k8strilio.net/" "Mozilla/5.0 (Macintosh; Intel Mac OS X 10_15_7) AppleWebKit/537.36 (KHTML, like Gecko) Chrome/89.0.4389.114 Safari/537.36" "-"
10.142.0.16 - - [06/Apr/2021:07:11:46 +0000] "GET /api/sockjs/iframe.html HTTP/1.1" 200 505 "https://ui-dev.k8strilio.net/" "Mozilla/5.0 (Macintosh; Intel Mac OS X 10_15_7) AppleWebKit/537.36 (KHTML, like Gecko) Chrome/89.0.4389.114 Safari/537.36" "-"
10.142.0.16 - - [06/Apr/2021:07:11:48 +0000] "GET /api/sockjs/iframe.html HTTP/1.1" 200 505 "https://ui-dev.k8strilio.net/" "Mozilla/5.0 (Macintosh; Intel Mac OS X 10_15_7) AppleWebKit/537.36 (KHTML, like Gecko) Chrome/89.0.4389.114 Safari/537.36" "-"
10.142.0.16 - - [06/Apr/2021:07:11:50 +0000] "POST /api/sockjs/237/wgcw2czw/xhr?t=1617693110096 HTTP/1.1" 200 2 "https://ui-dev.k8strilio.net/" "Mozilla/5.0 (Macintosh; Intel Mac OS X 10_15_7) AppleWebKit/537.36 (KHTML, like Gecko) Chrome/89.0.4389.114 Safari/537.36" "-"
10.142.0.16 - - [06/Apr/2021:07:11:50 +0000] "POST /api/sockjs/237/wgcw2czw/xhr_send?t=1617693110406 HTTP/1.1" 204 0 "https://ui-dev.k8strilio.net/" "Mozilla/5.0 (Macintosh; Intel Mac OS X 10_15_7) AppleWebKit/537.36 (KHTML, like Gecko) Chrome/89.0.4389.114 Safari/537.36" "-"
10.142.0.16 - - [06/Apr/2021:07:11:51 +0000] "POST /api/sockjs/237/wgcw2czw/xhr_send?t=1617693110749 HTTP/1.1" 204 0 "https://ui-dev.k8strilio.net/" "Mozilla/5.0 (Macintosh; Intel Mac OS X 10_15_7) AppleWebKit/537.36 (KHTML, like Gecko) Chrome/89.0.4389.114 Safari/537.36" "-"
10.92.1.1 - - [06/Apr/2021:07:11:51 +0000] "POST /api/sockjs/617/m4jmtwg0/xhr?t=1617693086029 HTTP/1.1" 200 2 "https://ui-dev.k8strilio.net/" "Mozilla/5.0 (Macintosh; Intel Mac OS X 10_15_7) AppleWebKit/537.36 (KHTML, like Gecko) Chrome/89.0.4389.114 Safari/537.36" "-"
10.142.0.16 - - [06/Apr/2021:07:12:05 +0000] "POST /api/sockjs/109/vxzrvdtv/xhr?t=1617693100569 HTTP/1.1" 200 2 "https://ui-dev.k8strilio.net/" "Mozilla/5.0 (Macintosh; Intel Mac OS X 10_15_7) AppleWebKit/537.36 (KHTML, like Gecko) Chrome/89.0.4389.114 Safari/537.36" "-"
10.142.0.16 - - [06/Apr/2021:07:12:08 +0000] "POST /api/sockjs/954/3bx3vmx5/xhr?t=1617693103584 HTTP/1.1" 200 2 "https://ui-dev.k8strilio.net/" "Mozilla/5.0 (Macintosh; Intel Mac OS X 10_15_7) AppleWebKit/537.36 (KHTML, like Gecko) Chrome/89.0.4389.114 Safari/537.36" "-"
10.142.0.16 - - [06/Apr/2021:07:12:15 +0000] "POST /api/sockjs/237/wgcw2czw/xhr?t=1617693110407 HTTP/1.1" 200 2 "https://ui-dev.k8strilio.net/" "Mozilla/5.0 (Macintosh; Intel Mac OS X 10_15_7) AppleWebKit/537.36 (KHTML, like Gecko) Chrome/89.0.4389.114 Safari/537.36" "-"
10.142.0.102 - - [06/Apr/2021:07:12:16 +0000] "POST /api/sockjs/422/alduuruh/xhr_streaming?t=1617693099390 HTTP/1.1" 499 0 "https://ui-qa-1.k8strilio.net/clusters" "Mozilla/5.0 (Macintosh; Intel Mac OS X 10_15_7) AppleWebKit/537.36 (KHTML, like Gecko) Chrome/89.0.4389.114 Safari/537.36" "-"
10.92.1.1 - - [06/Apr/2021:07:12:16 +0000] "POST /api/sockjs/617/m4jmtwg0/xhr?t=1617693111305 HTTP/1.1" 200 2 "https://ui-dev.k8strilio.net/" "Mozilla/5.0 (Macintosh; Intel Mac OS X 10_15_7) AppleWebKit/537.36 (KHTML, like Gecko) Chrome/89.0.4389.114 Safari/537.36" "-"
10.142.0.16 - - [06/Apr/2021:07:12:30 +0000] "POST /api/sockjs/109/vxzrvdtv/xhr?t=1617693125861 HTTP/1.1" 200 2 "https://ui-dev.k8strilio.net/" "Mozilla/5.0 (Macintosh; Intel Mac OS X 10_15_7) AppleWebKit/537.36 (KHTML, like Gecko) Chrome/89.0.4389.114 Safari/537.36" "-"
10.142.0.102 - - [06/Apr/2021:07:12:31 +0000] "OPTIONS /api/v1/login HTTP/1.1" 200 23 "https://ui-dev.k8strilio.net/" "Mozilla/5.0 (Macintosh; Intel Mac OS X 10_15_7) AppleWebKit/537.36 (KHTML, like Gecko) Chrome/89.0.4389.114 Safari/537.36" "-"
10.142.0.102 - - [06/Apr/2021:07:12:32 +0000] "POST /api/v1/login HTTP/1.1" 200 4003 "https://ui-dev.k8strilio.net/" "Mozilla/5.0 (Macintosh; Intel Mac OS X 10_15_7) AppleWebKit/537.36 (KHTML, like Gecko) Chrome/89.0.4389.114 Safari/537.36" "-"
10.142.0.16 - - [06/Apr/2021:07:12:34 +0000] "POST /api/sockjs/954/3bx3vmx5/xhr?t=1617693128887 HTTP/1.1" 200 2 "https://ui-dev.k8strilio.net/" "Mozilla/5.0 (Macintosh; Intel Mac OS X 10_15_7) AppleWebKit/537.36 (KHTML, like Gecko) Chrome/89.0.4389.114 Safari/537.36" "-"
10.142.0.102 - - [06/Apr/2021:07:12:34 +0000] "OPTIONS /api/v1/token/refresh HTTP/1.1" 200 23 "https://ui-dev.k8strilio.net/" "Mozilla/5.0 (Macintosh; Intel Mac OS X 10_15_7) AppleWebKit/537.36 (KHTML, like Gecko) Chrome/89.0.4389.114 Safari/537.36" "-"
10.142.0.102 - - [06/Apr/2021:07:12:34 +0000] "POST /api/v1/token/refresh HTTP/1.1" 200 1667 "https://ui-dev.k8strilio.net/" "Mozilla/5.0 (Macintosh; Intel Mac OS X 10_15_7) AppleWebKit/537.36 (KHTML, like Gecko) Chrome/89.0.4389.114 Safari/537.36" "-"
10.142.0.16 - - [06/Apr/2021:07:12:36 +0000] "GET /api/sockjs/422/3pcmm0fr/htmlfile?c=_jp.a3eouei HTTP/1.1" 499 0 "https://ui-qa-1.k8strilio.net/clusters" "Mozilla/5.0 (Macintosh; Intel Mac OS X 10_15_7) AppleWebKit/537.36 (KHTML, like Gecko) Chrome/89.0.4389.114 Safari/537.36" "-"
10.92.1.1 - - [06/Apr/2021:07:12:39 +0000] "POST /api/sockjs/422/vvymcip3/xhr?t=1617693159001 HTTP/1.1" 200 2 "https://ui-qa-1.k8strilio.net/clusters" "Mozilla/5.0 (Macintosh; Intel Mac OS X 10_15_7) AppleWebKit/537.36 (KHTML, like Gecko) Chrome/89.0.4389.114 Safari/537.36" "-"
10.92.1.1 - - [06/Apr/2021:07:12:40 +0000] "POST /api/sockjs/422/vvymcip3/xhr_send?t=1617693160102 HTTP/1.1" 204 0 "https://ui-qa-1.k8strilio.net/clusters" "Mozilla/5.0 (Macintosh; Intel Mac OS X 10_15_7) AppleWebKit/537.36 (KHTML, like Gecko) Chrome/89.0.4389.114 Safari/537.36" "-"
10.142.0.16 - - [06/Apr/2021:07:12:41 +0000] "POST /api/sockjs/237/wgcw2czw/xhr?t=1617693135979 HTTP/1.1" 200 2 "https://ui-dev.k8strilio.net/" "Mozilla/5.0 (Macintosh; Intel Mac OS X 10_15_7) AppleWebKit/537.36 (KHTML, like Gecko) Chrome/89.0.4389.114 Safari/537.36" "-"
10.92.1.1 - - [06/Apr/2021:07:12:41 +0000] "POST /api/sockjs/422/vvymcip3/xhr_send?t=1617693160993 HTTP/1.1" 204 0 "https://ui-qa-1.k8strilio.net/clusters" "Mozilla/5.0 (Macintosh; Intel Mac OS X 10_15_7) AppleWebKit/537.36 (KHTML, like Gecko) Chrome/89.0.4389.114 Safari/537.36" "-"
10.92.1.1 - - [06/Apr/2021:07:12:41 +0000] "POST /api/sockjs/617/m4jmtwg0/xhr?t=1617693136590 HTTP/1.1" 200 2 "https://ui-dev.k8strilio.net/" "Mozilla/5.0 (Macintosh; Intel Mac OS X 10_15_7) AppleWebKit/537.36 (KHTML, like Gecko) Chrome/89.0.4389.114 Safari/537.36" "-"
10.142.0.102 - - [06/Apr/2021:07:12:41 +0000] "OPTIONS /api/v1/tvkInfo HTTP/1.1" 200 23 "https://ui-dev.k8strilio.net/" "Mozilla/5.0 (Macintosh; Intel Mac OS X 10_15_7) AppleWebKit/537.36 (KHTML, like Gecko) Chrome/89.0.4389.114 Safari/537.36" "-"
10.142.0.102 - - [06/Apr/2021:07:12:42 +0000] "GET /api/v1/tvkInfo HTTP/1.1" 200 1502 "https://ui-dev.k8strilio.net/" "Mozilla/5.0 (Macintosh; Intel Mac OS X 10_15_7) AppleWebKit/537.36 (KHTML, like Gecko) Chrome/89.0.4389.114 Safari/537.36" "-"
10.142.0.102 - - [06/Apr/2021:07:12:43 +0000] "OPTIONS /api/v1/applicationLabeled?namespace=pushkar&pageSize=10000 HTTP/1.1" 200 23 "https://ui-dev.k8strilio.net/" "Mozilla/5.0 (Macintosh; Intel Mac OS X 10_15_7) AppleWebKit/537.36 (KHTML, like Gecko) Chrome/89.0.4389.114 Safari/537.36" "-"
10.142.0.16 - - [06/Apr/2021:07:12:43 +0000] "OPTIONS /api/v1/applicationObjects?namespace=pushkar&pageSize=10000 HTTP/1.1" 200 23 "https://ui-dev.k8strilio.net/" "Mozilla/5.0 (Macintosh; Intel Mac OS X 10_15_7) AppleWebKit/537.36 (KHTML, like Gecko) Chrome/89.0.4389.114 Safari/537.36" "-"
10.142.0.102 - - [06/Apr/2021:07:12:43 +0000] "OPTIONS /api/v1/applicationTooling?namespace=pushkar&pageSize=10000 HTTP/1.1" 200 23 "https://ui-dev.k8strilio.net/" "Mozilla/5.0 (Macintosh; Intel Mac OS X 10_15_7) AppleWebKit/537.36 (KHTML, like Gecko) Chrome/89.0.4389.114 Safari/537.36" "-"
10.92.1.1 - - [06/Apr/2021:07:12:43 +0000] "GET /api/sockjs/info?t=1617693162899 HTTP/1.1" 200 79 "https://ui-dev.k8strilio.net/" "Mozilla/5.0 (Macintosh; Intel Mac OS X 10_15_7) AppleWebKit/537.36 (KHTML, like Gecko) Chrome/89.0.4389.114 Safari/537.36" "-"
10.142.0.102 - - [06/Apr/2021:07:12:43 +0000] "OPTIONS /api/v1/backupplans/list?backupNamespace=pushkar&pageSize=10000 HTTP/1.1" 200 23 "https://ui-dev.k8strilio.net/" "Mozilla/5.0 (Macintosh; Intel Mac OS X 10_15_7) AppleWebKit/537.36 (KHTML, like Gecko) Chrome/89.0.4389.114 Safari/537.36" "-"
10.142.0.16 - - [06/Apr/2021:07:12:43 +0000] "OPTIONS /api/v1/summary?namespace=pushkar&scope=Namespace HTTP/1.1" 200 23 "https://ui-dev.k8strilio.net/" "Mozilla/5.0 (Macintosh; Intel Mac OS X 10_15_7) AppleWebKit/537.36 (KHTML, like Gecko) Chrome/89.0.4389.114 Safari/537.36" "-"
10.142.0.102 - - [06/Apr/2021:07:12:43 +0000] "OPTIONS /api/v1/tvkHealthSummary HTTP/1.1" 200 23 "https://ui-dev.k8strilio.net/" "Mozilla/5.0 (Macintosh; Intel Mac OS X 10_15_7) AppleWebKit/537.36 (KHTML, like Gecko) Chrome/89.0.4389.114 Safari/537.36" "-"
10.92.1.1 - - [06/Apr/2021:07:12:43 +0000] "OPTIONS /api/v1/restores/list?page=1&pageSize=12&ordering=-creationTimestamp&backupNamespace=pushkar&scope=Namespace HTTP/1.1" 200 23 "https://ui-dev.k8strilio.net/" "Mozilla/5.0 (Macintosh; Intel Mac OS X 10_15_7) AppleWebKit/537.36 (KHTML, like Gecko) Chrome/89.0.4389.114 Safari/537.36" "-"
10.142.0.16 - - [06/Apr/2021:07:12:43 +0000] "OPTIONS /api/v1/backups/list?page=1&pageSize=12&backupNamespace=pushkar HTTP/1.1" 200 23 "https://ui-dev.k8strilio.net/" "Mozilla/5.0 (Macintosh; Intel Mac OS X 10_15_7) AppleWebKit/537.36 (KHTML, like Gecko) Chrome/89.0.4389.114 Safari/537.36" "-"
10.142.0.102 - - [06/Apr/2021:07:12:43 +0000] "OPTIONS /api/v1/backupplans/list?backupNamespace=pushkar&page=1&pageSize=12&ordering=-creationTimestamp HTTP/1.1" 200 23 "https://ui-dev.k8strilio.net/" "Mozilla/5.0 (Macintosh; Intel Mac OS X 10_15_7) AppleWebKit/537.36 (KHTML, like Gecko) Chrome/89.0.4389.114 Safari/537.36" "-"
10.92.1.1 - - [06/Apr/2021:07:12:44 +0000] "GET /api/sockjs/858/q4an3a0d/websocket HTTP/1.1" 400 35 "-" "Mozilla/5.0 (Macintosh; Intel Mac OS X 10_15_7) AppleWebKit/537.36 (KHTML, like Gecko) Chrome/89.0.4389.114 Safari/537.36" "-"
10.142.0.102 - - [06/Apr/2021:07:12:44 +0000] "POST /api/v1/applicationLabeled?namespace=pushkar&pageSize=10000 HTTP/1.1" 200 17154 "https://ui-dev.k8strilio.net/" "Mozilla/5.0 (Macintosh; Intel Mac OS X 10_15_7) AppleWebKit/537.36 (KHTML, like Gecko) Chrome/89.0.4389.114 Safari/537.36" "-"
10.92.1.1 - - [06/Apr/2021:07:12:44 +0000] "POST /api/v1/summary?namespace=pushkar&scope=Namespace HTTP/1.1" 200 261 "https://ui-dev.k8strilio.net/" "Mozilla/5.0 (Macintosh; Intel Mac OS X 10_15_7) AppleWebKit/537.36 (KHTML, like Gecko) Chrome/89.0.4389.114 Safari/537.36" "-"
10.142.0.102 - - [06/Apr/2021:07:12:44 +0000] "GET /api/v1/tvkHealthSummary HTTP/1.1" 200 182 "https://ui-dev.k8strilio.net/" "Mozilla/5.0 (Macintosh; Intel Mac OS X 10_15_7) AppleWebKit/537.36 (KHTML, like Gecko) Chrome/89.0.4389.114 Safari/537.36" "-"
10.142.0.16 - - [06/Apr/2021:07:12:44 +0000] "POST /api/v1/backupplans/list?backupNamespace=pushkar&pageSize=10000 HTTP/1.1" 200 86 "https://ui-dev.k8strilio.net/" "Mozilla/5.0 (Macintosh; Intel Mac OS X 10_15_7) AppleWebKit/537.36 (KHTML, like Gecko) Chrome/89.0.4389.114 Safari/537.36" "-"
10.142.0.102 - - [06/Apr/2021:07:12:44 +0000] "GET /api/v1/applicationTooling?namespace=pushkar&pageSize=10000 HTTP/1.1" 200 729 "https://ui-dev.k8strilio.net/" "Mozilla/5.0 (Macintosh; Intel Mac OS X 10_15_7) AppleWebKit/537.36 (KHTML, like Gecko) Chrome/89.0.4389.114 Safari/537.36" "-"
10.142.0.102 - - [06/Apr/2021:07:12:45 +0000] "POST /api/v1/restores/list?page=1&pageSize=12&ordering=-creationTimestamp&backupNamespace=pushkar&scope=Namespace HTTP/1.1" 200 135 "https://ui-dev.k8strilio.net/" "Mozilla/5.0 (Macintosh; Intel Mac OS X 10_15_7) AppleWebKit/537.36 (KHTML, like Gecko) Chrome/89.0.4389.114 Safari/537.36" "-"
10.142.0.102 - - [06/Apr/2021:07:12:45 +0000] "POST /api/v1/backupplans/list?backupNamespace=pushkar&page=1&pageSize=12&ordering=-creationTimestamp HTTP/1.1" 200 86 "https://ui-dev.k8strilio.net/" "Mozilla/5.0 (Macintosh; Intel Mac OS X 10_15_7) AppleWebKit/537.36 (KHTML, like Gecko) Chrome/89.0.4389.114 Safari/537.36" "-"
10.92.1.1 - - [06/Apr/2021:07:12:45 +0000] "POST /api/v1/backups/list?page=1&pageSize=12&backupNamespace=pushkar HTTP/1.1" 200 136 "https://ui-dev.k8strilio.net/" "Mozilla/5.0 (Macintosh; Intel Mac OS X 10_15_7) AppleWebKit/537.36 (KHTML, like Gecko) Chrome/89.0.4389.114 Safari/537.36" "-"
2021/04/06 07:12:48 [warn] 44#44: *4828 an upstream response is buffered to a temporary file /var/cache/nginx/proxy_temp/7/02/0000000027 while reading upstream, client: 10.142.0.16, server: ui-qa-1.k8strilio.net, request: "GET /api/v1/applicationObjects?namespace=pushkar&pageSize=10000 HTTP/1.1", upstream: "http://10.92.1.221:9443/api/v1/applicationObjects?namespace=pushkar&pageSize=10000", host: "ui-qa-1.k8strilio.net", referrer: "https://ui-dev.k8strilio.net/"
10.142.0.16 - - [06/Apr/2021:07:12:48 +0000] "GET /api/v1/applicationObjects?namespace=pushkar&pageSize=10000 HTTP/1.1" 200 128239 "https://ui-dev.k8strilio.net/" "Mozilla/5.0 (Macintosh; Intel Mac OS X 10_15_7) AppleWebKit/537.36 (KHTML, like Gecko) Chrome/89.0.4389.114 Safari/537.36" "-"
10.92.1.1 - - [06/Apr/2021:07:12:48 +0000] "POST /api/sockjs/858/t3mj1ckq/xhr_streaming?t=1617693164279 HTTP/1.1" 499 0 "https://ui-dev.k8strilio.net/" "Mozilla/5.0 (Macintosh; Intel Mac OS X 10_15_7) AppleWebKit/537.36 (KHTML, like Gecko) Chrome/89.0.4389.114 Safari/537.36" "-"
10.92.1.1 - - [06/Apr/2021:07:12:54 +0000] "GET /api/sockjs/858/mt0thx32/jsonp?c=_jp.a2vgbdy HTTP/1.1" 200 30 "https://ui-dev.k8strilio.net/" "Mozilla/5.0 (Macintosh; Intel Mac OS X 10_15_7) AppleWebKit/537.36 (KHTML, like Gecko) Chrome/89.0.4389.114 Safari/537.36" "-"
10.142.0.16 - - [06/Apr/2021:07:12:57 +0000] "POST /api/sockjs/109/vxzrvdtv/xhr?t=1617693151995 HTTP/1.1" 200 2 "https://ui-dev.k8strilio.net/" "Mozilla/5.0 (Macintosh; Intel Mac OS X 10_15_7) AppleWebKit/537.36 (KHTML, like Gecko) Chrome/89.0.4389.114 Safari/537.36" "-"
10.142.0.16 - - [06/Apr/2021:07:12:57 +0000] "POST /api/sockjs/858/mt0thx32/jsonp_send?i=ayqz23q53 HTTP/1.1" 200 2 "https://ui-dev.k8strilio.net/" "Mozilla/5.0 (Macintosh; Intel Mac OS X 10_15_7) AppleWebKit/537.36 (KHTML, like Gecko) Chrome/89.0.4389.114 Safari/537.36" "-"
10.142.0.16 - - [06/Apr/2021:07:12:57 +0000] "GET /api/sockjs/info?t=1617693176609 HTTP/1.1" 200 80 "https://ui-dev.k8strilio.net/" "Mozilla/5.0 (Macintosh; Intel Mac OS X 10_15_7) AppleWebKit/537.36 (KHTML, like Gecko) Chrome/89.0.4389.114 Safari/537.36" "-"
10.142.0.16 - - [06/Apr/2021:07:12:57 +0000] "POST /api/sockjs/858/mt0thx32/jsonp_send?i=aa3xmfpew HTTP/1.1" 200 2 "https://ui-dev.k8strilio.net/" "Mozilla/5.0 (Macintosh; Intel Mac OS X 10_15_7) AppleWebKit/537.36 (KHTML, like Gecko) Chrome/89.0.4389.114 Safari/537.36" "-"
10.142.0.16 - - [06/Apr/2021:07:12:58 +0000] "GET /api/sockjs/024/sj54n2pb/websocket HTTP/1.1" 400 35 "-" "Mozilla/5.0 (Macintosh; Intel Mac OS X 10_15_7) AppleWebKit/537.36 (KHTML, like Gecko) Chrome/89.0.4389.114 Safari/537.36" "-"
10.142.0.16 - - [06/Apr/2021:07:12:59 +0000] "POST /api/sockjs/954/3bx3vmx5/xhr?t=1617693154417 HTTP/1.1" 200 2 "https://ui-dev.k8strilio.net/" "Mozilla/5.0 (Macintosh; Intel Mac OS X 10_15_7) AppleWebKit/537.36 (KHTML, like Gecko) Chrome/89.0.4389.114 Safari/537.36" "-"
10.92.1.1 - - [06/Apr/2021:07:13:05 +0000] "POST /api/sockjs/422/vvymcip3/xhr?t=1617693160102 HTTP/1.1" 200 2 "https://ui-qa-1.k8strilio.net/clusters" "Mozilla/5.0 (Macintosh; Intel Mac OS X 10_15_7) AppleWebKit/537.36 (KHTML, like Gecko) Chrome/89.0.4389.114 Safari/537.36" "-"
10.92.1.1 - - [06/Apr/2021:07:13:05 +0000] "POST /api/sockjs/954/3bx3vmx5/xhr?t=1617693179689 HTTP/1.1" 200 2 "https://ui-dev.k8strilio.net/" "Mozilla/5.0 (Macintosh; Intel Mac OS X 10_15_7) AppleWebKit/537.36 (KHTML, like Gecko) Chrome/89.0.4389.114 Safari/537.36" "-"
10.142.0.16 - - [06/Apr/2021:07:13:06 +0000] "POST /api/sockjs/237/wgcw2czw/xhr?t=1617693161290 HTTP/1.1" 200 2 "https://ui-dev.k8strilio.net/" "Mozilla/5.0 (Macintosh; Intel Mac OS X 10_15_7) AppleWebKit/537.36 (KHTML, like Gecko) Chrome/89.0.4389.114 Safari/537.36" "-"
10.142.0.16 - - [06/Apr/2021:07:13:06 +0000] "GET /api/sockjs/info?t=1617693186021 HTTP/1.1" 200 79 "https://ui-dev.k8strilio.net/" "Mozilla/5.0 (Macintosh; Intel Mac OS X 10_15_7) AppleWebKit/537.36 (KHTML, like Gecko) Chrome/89.0.4389.114 Safari/537.36" "-"
10.92.1.1 - - [06/Apr/2021:07:13:06 +0000] "POST /api/sockjs/617/m4jmtwg0/xhr?t=1617693161866 HTTP/1.1" 200 2 "https://ui-dev.k8strilio.net/" "Mozilla/5.0 (Macintosh; Intel Mac OS X 10_15_7) AppleWebKit/537.36 (KHTML, like Gecko) Chrome/89.0.4389.114 Safari/537.36" "-"
10.142.0.16 - - [06/Apr/2021:07:13:07 +0000] "GET /api/sockjs/488/fwl3asij/websocket HTTP/1.1" 400 35 "-" "Mozilla/5.0 (Macintosh; Intel Mac OS X 10_15_7) AppleWebKit/537.36 (KHTML, like Gecko) Chrome/89.0.4389.114 Safari/537.36" "-"
10.142.0.16 - - [06/Apr/2021:07:13:08 +0000] "POST /api/sockjs/024/elftzz1e/xhr_streaming?t=1617693178697 HTTP/1.1" 499 0 "https://ui-dev.k8strilio.net/" "Mozilla/5.0 (Macintosh; Intel Mac OS X 10_15_7) AppleWebKit/537.36 (KHTML, like Gecko) Chrome/89.0.4389.114 Safari/537.36" "-"
10.142.0.16 - - [06/Apr/2021:07:13:08 +0000] "GET /api/sockjs/024/0oewyzx3/eventsource HTTP/1.1" 499 0 "https://ui-dev.k8strilio.net/" "Mozilla/5.0 (Macintosh; Intel Mac OS X 10_15_7) AppleWebKit/537.36 (KHTML, like Gecko) Chrome/89.0.4389.114 Safari/537.36" "-"
10.142.0.16 - - [06/Apr/2021:07:13:13 +0000] "POST /api/sockjs/488/k4gwmyet/xhr_streaming?t=1617693187760 HTTP/1.1" 499 0 "https://ui-dev.k8strilio.net/" "Mozilla/5.0 (Macintosh; Intel Mac OS X 10_15_7) AppleWebKit/537.36 (KHTML, like Gecko) Chrome/89.0.4389.114 Safari/537.36" "-"
10.92.1.1 - - [06/Apr/2021:07:13:14 +0000] "POST /api/sockjs/024/z03rk50h/xhr?t=1617693192955 HTTP/1.1" 200 2 "https://ui-dev.k8strilio.net/" "Mozilla/5.0 (Macintosh; Intel Mac OS X 10_15_7) AppleWebKit/537.36 (KHTML, like Gecko) Chrome/89.0.4389.114 Safari/537.36" "-"
10.92.1.1 - - [06/Apr/2021:07:13:14 +0000] "POST /api/sockjs/024/z03rk50h/xhr_send?t=1617693194691 HTTP/1.1" 204 0 "https://ui-dev.k8strilio.net/" "Mozilla/5.0 (Macintosh; Intel Mac OS X 10_15_7) AppleWebKit/537.36 (KHTML, like Gecko) Chrome/89.0.4389.114 Safari/537.36" "-"
10.92.1.1 - - [06/Apr/2021:07:13:14 +0000] "GET /api/sockjs/488/lbqlyimc/eventsource HTTP/1.1" 499 0 "https://ui-dev.k8strilio.net/" "Mozilla/5.0 (Macintosh; Intel Mac OS X 10_15_7) AppleWebKit/537.36 (KHTML, like Gecko) Chrome/89.0.4389.114 Safari/537.36" "-"
10.92.1.1 - - [06/Apr/2021:07:13:20 +0000] "GET /api/sockjs/858/mt0thx32/jsonp?c=_jp.axyvn13 HTTP/1.1" 200 30 "https://ui-dev.k8strilio.net/" "Mozilla/5.0 (Macintosh; Intel Mac OS X 10_15_7) AppleWebKit/537.36 (KHTML, like Gecko) Chrome/89.0.4389.114 Safari/537.36" "-"
10.92.1.1 - - [06/Apr/2021:07:13:20 +0000] "POST /api/sockjs/024/z03rk50h/xhr_send?t=1617693194988 HTTP/1.1" 204 0 "https://ui-dev.k8strilio.net/" "Mozilla/5.0 (Macintosh; Intel Mac OS X 10_15_7) AppleWebKit/537.36 (KHTML, like Gecko) Chrome/89.0.4389.114 Safari/537.36" "-"
10.92.1.1 - - [06/Apr/2021:07:13:20 +0000] "POST /api/sockjs/488/0plspqug/xhr?t=1617693198811 HTTP/1.1" 200 2 "https://ui-dev.k8strilio.net/" "Mozilla/5.0 (Macintosh; Intel Mac OS X 10_15_7) AppleWebKit/537.36 (KHTML, like Gecko) Chrome/89.0.4389.114 Safari/537.36" "-"
10.142.0.16 - - [06/Apr/2021:07:13:23 +0000] "POST /api/sockjs/109/vxzrvdtv/xhr?t=1617693177267 HTTP/1.1" 200 2 "https://ui-dev.k8strilio.net/" "Mozilla/5.0 (Macintosh; Intel Mac OS X 10_15_7) AppleWebKit/537.36 (KHTML, like Gecko) Chrome/89.0.4389.114 Safari/537.36" "-"
10.142.0.16 - - [06/Apr/2021:07:13:23 +0000] "GET /api/sockjs/488/4qucdq3f/jsonp?c=_jp.a0imhrc HTTP/1.1" 200 30 "https://ui-dev.k8strilio.net/" "Mozilla/5.0 (Macintosh; Intel Mac OS X 10_15_7) AppleWebKit/537.36 (KHTML, like Gecko) Chrome/89.0.4389.114 Safari/537.36" "-"
10.92.1.1 - - [06/Apr/2021:07:13:31 +0000] "POST /api/sockjs/422/vvymcip3/xhr?t=1617693185735 HTTP/1.1" 200 2 "https://ui-qa-1.k8strilio.net/clusters" "Mozilla/5.0 (Macintosh; Intel Mac OS X 10_15_7) AppleWebKit/537.36 (KHTML, like Gecko) Chrome/89.0.4389.114 Safari/537.36" "-"
10.92.1.1 - - [06/Apr/2021:07:13:31 +0000] "POST /api/sockjs/488/4qucdq3f/jsonp_send?i=avs15pmtv HTTP/1.1" 404 19 "https://ui-dev.k8strilio.net/" "Mozilla/5.0 (Macintosh; Intel Mac OS X 10_15_7) AppleWebKit/537.36 (KHTML, like Gecko) Chrome/89.0.4389.114 Safari/537.36" "-"
10.142.0.16 - - [06/Apr/2021:07:13:32 +0000] "POST /api/sockjs/237/wgcw2czw/xhr?t=1617693186557 HTTP/1.1" 200 2 "https://ui-dev.k8strilio.net/" "Mozilla/5.0 (Macintosh; Intel Mac OS X 10_15_7) AppleWebKit/537.36 (KHTML, like Gecko) Chrome/89.0.4389.114 Safari/537.36" "-"
10.92.1.1 - - [06/Apr/2021:07:13:32 +0000] "POST /api/sockjs/617/m4jmtwg0/xhr?t=1617693187136 HTTP/1.1" 200 2 "https://ui-dev.k8strilio.net/" "Mozilla/5.0 (Macintosh; Intel Mac OS X 10_15_7) AppleWebKit/537.36 (KHTML, like Gecko) Chrome/89.0.4389.114 Safari/537.36" "-"
10.142.0.16 - - [06/Apr/2021:07:13:32 +0000] "POST /api/sockjs/488/4qucdq3f/jsonp_send?i=ae0jowjw5 HTTP/1.1" 404 19 "https://ui-dev.k8strilio.net/" "Mozilla/5.0 (Macintosh; Intel Mac OS X 10_15_7) AppleWebKit/537.36 (KHTML, like Gecko) Chrome/89.0.4389.114 Safari/537.36" "-"
10.142.0.16 - - [06/Apr/2021:07:13:32 +0000] "GET /api/sockjs/488/4qucdq3f/jsonp?c=_jp.afdt5vj HTTP/1.1" 200 30 "https://ui-dev.k8strilio.net/" "Mozilla/5.0 (Macintosh; Intel Mac OS X 10_15_7) AppleWebKit/537.36 (KHTML, like Gecko) Chrome/89.0.4389.114 Safari/537.36" "-"
10.92.1.1 - - [06/Apr/2021:07:13:40 +0000] "POST /api/sockjs/024/z03rk50h/xhr?t=1617693194691 HTTP/1.1" 200 2 "https://ui-dev.k8strilio.net/" "Mozilla/5.0 (Macintosh; Intel Mac OS X 10_15_7) AppleWebKit/537.36 (KHTML, like Gecko) Chrome/89.0.4389.114 Safari/537.36" "-"
10.92.1.1 - - [06/Apr/2021:07:13:40 +0000] "GET /api/sockjs/info?t=1617693212699 HTTP/1.1" 200 79 "https://ui-dev.k8strilio.net/" "Mozilla/5.0 (Macintosh; Intel Mac OS X 10_15_7) AppleWebKit/537.36 (KHTML, like Gecko) Chrome/89.0.4389.114 Safari/537.36" "-"
10.92.1.1 - - [06/Apr/2021:07:13:41 +0000] "GET /api/sockjs/832/bi4a35ej/websocket HTTP/1.1" 400 35 "-" "Mozilla/5.0 (Macintosh; Intel Mac OS X 10_15_7) AppleWebKit/537.36 (KHTML, like Gecko) Chrome/89.0.4389.114 Safari/537.36" "-"
10.142.0.16 - - [06/Apr/2021:07:13:46 +0000] "GET /api/sockjs/858/mt0thx32/jsonp?c=_jp.anhn0u2 HTTP/1.1" 200 30 "https://ui-dev.k8strilio.net/" "Mozilla/5.0 (Macintosh; Intel Mac OS X 10_15_7) AppleWebKit/537.36 (KHTML, like Gecko) Chrome/89.0.4389.114 Safari/537.36" "-"
10.142.0.16 - - [06/Apr/2021:07:13:48 +0000] "POST /api/sockjs/109/vxzrvdtv/xhr?t=1617693203386 HTTP/1.1" 200 2 "https://ui-dev.k8strilio.net/" "Mozilla/5.0 (Macintosh; Intel Mac OS X 10_15_7) AppleWebKit/537.36 (KHTML, like Gecko) Chrome/89.0.4389.114 Safari/537.36" "-"
10.92.1.1 - - [06/Apr/2021:07:13:56 +0000] "POST /api/sockjs/422/vvymcip3/xhr?t=1617693211261 HTTP/1.1" 200 2 "https://ui-qa-1.k8strilio.net/clusters" "Mozilla/5.0 (Macintosh; Intel Mac OS X 10_15_7) AppleWebKit/537.36 (KHTML, like Gecko) Chrome/89.0.4389.114 Safari/537.36" "-"
10.92.1.1 - - [06/Apr/2021:07:13:56 +0000] "POST /api/sockjs/109/vxzrvdtv/xhr?t=1617693228891 HTTP/1.1" 200 2 "https://ui-dev.k8strilio.net/" "Mozilla/5.0 (Macintosh; Intel Mac OS X 10_15_7) AppleWebKit/537.36 (KHTML, like Gecko) Chrome/89.0.4389.114 Safari/537.36" "-"
10.92.1.1 - - [06/Apr/2021:07:13:57 +0000] "POST /api/sockjs/237/wgcw2czw/xhr?t=1617693212154 HTTP/1.1" 200 2 "https://ui-dev.k8strilio.net/" "Mozilla/5.0 (Macintosh; Intel Mac OS X 10_15_7) AppleWebKit/537.36 (KHTML, like Gecko) Chrome/89.0.4389.114 Safari/537.36" "-"
10.92.1.1 - - [06/Apr/2021:07:13:57 +0000] "GET /api/sockjs/info?t=1617693237116 HTTP/1.1" 200 79 "https://ui-dev.k8strilio.net/" "Mozilla/5.0 (Macintosh; Intel Mac OS X 10_15_7) AppleWebKit/537.36 (KHTML, like Gecko) Chrome/89.0.4389.114 Safari/537.36" "-"
10.142.0.16 - - [06/Apr/2021:07:13:57 +0000] "POST /api/sockjs/617/m4jmtwg0/xhr?t=1617693212409 HTTP/1.1" 200 2 "https://ui-dev.k8strilio.net/" "Mozilla/5.0 (Macintosh; Intel Mac OS X 10_15_7) AppleWebKit/537.36 (KHTML, like Gecko) Chrome/89.0.4389.114 Safari/537.36" "-"
10.142.0.16 - - [06/Apr/2021:07:13:58 +0000] "GET /api/sockjs/453/t4lepfzw/websocket HTTP/1.1" 400 35 "-" "Mozilla/5.0 (Macintosh; Intel Mac OS X 10_15_7) AppleWebKit/537.36 (KHTML, like Gecko) Chrome/89.0.4389.114 Safari/537.36" "-"
10.92.1.1 - - [06/Apr/2021:07:14:05 +0000] "GET /api/sockjs/453/02a0u0sl/eventsource HTTP/1.1" 499 0 "https://ui-dev.k8strilio.net/" "Mozilla/5.0 (Macintosh; Intel Mac OS X 10_15_7) AppleWebKit/537.36 (KHTML, like Gecko) Chrome/89.0.4389.114 Safari/537.36" "-"
10.92.1.1 - - [06/Apr/2021:07:14:05 +0000] "POST /api/sockjs/024/z03rk50h/xhr?t=1617693220226 HTTP/1.1" 200 2 "https://ui-dev.k8strilio.net/" "Mozilla/5.0 (Macintosh; Intel Mac OS X 10_15_7) AppleWebKit/537.36 (KHTML, like Gecko) Chrome/89.0.4389.114 Safari/537.36" "-"
10.142.0.16 - - [06/Apr/2021:07:14:14 +0000] "GET /api/sockjs/858/mt0thx32/jsonp?c=_jp.ajq2eas HTTP/1.1" 200 30 "https://ui-dev.k8strilio.net/" "Mozilla/5.0 (Macintosh; Intel Mac OS X 10_15_7) AppleWebKit/537.36 (KHTML, like Gecko) Chrome/89.0.4389.114 Safari/537.36" "-"
10.142.0.16 - - [06/Apr/2021:07:14:15 +0000] "GET /api/sockjs/info?t=1617693255309 HTTP/1.1" 200 79 "https://ui-dev.k8strilio.net/" "Mozilla/5.0 (Macintosh; Intel Mac OS X 10_15_7) AppleWebKit/537.36 (KHTML, like Gecko) Chrome/89.0.4389.114 Safari/537.36" "-"
10.142.0.16 - - [06/Apr/2021:07:14:16 +0000] "GET /api/sockjs/734/hdvb11my/websocket HTTP/1.1" 400 35 "-" "Mozilla/5.0 (Macintosh; Intel Mac OS X 10_15_7) AppleWebKit/537.36 (KHTML, like Gecko) Chrome/89.0.4389.114 Safari/537.36" "-"
10.142.0.16 - - [06/Apr/2021:07:14:17 +0000] "POST /api/sockjs/734/hh2virkz/xhr_streaming?t=1617693256339 HTTP/1.1" 499 0 "https://ui-dev.k8strilio.net/" "Mozilla/5.0 (Macintosh; Intel Mac OS X 10_15_7) AppleWebKit/537.36 (KHTML, like Gecko) Chrome/89.0.4389.114 Safari/537.36" "-"
10.142.0.16 - - [06/Apr/2021:07:14:18 +0000] "GET /api/sockjs/734/z3ycyblo/eventsource HTTP/1.1" 499 0 "https://ui-dev.k8strilio.net/" "Mozilla/5.0 (Macintosh; Intel Mac OS X 10_15_7) AppleWebKit/537.36 (KHTML, like Gecko) Chrome/89.0.4389.114 Safari/537.36" "-"
10.142.0.102 - - [06/Apr/2021:07:14:20 +0000] "GET /api/sockjs/info?t=1617693260026 HTTP/1.1" 200 79 "https://ui-dev.k8strilio.net/" "Mozilla/5.0 (Macintosh; Intel Mac OS X 10_15_7) AppleWebKit/537.36 (KHTML, like Gecko) Chrome/89.0.4389.114 Safari/537.36" "-"
10.142.0.16 - - [06/Apr/2021:07:14:21 +0000] "GET /api/sockjs/388/xf2yioz1/websocket HTTP/1.1" 400 35 "-" "Mozilla/5.0 (Macintosh; Intel Mac OS X 10_15_7) AppleWebKit/537.36 (KHTML, like Gecko) Chrome/89.0.4389.114 Safari/537.36" "-"
10.142.0.102 - - [06/Apr/2021:07:14:21 +0000] "POST /api/sockjs/734/l0egjymt/xhr?t=1617693261608 HTTP/1.1" 200 2 "https://ui-dev.k8strilio.net/" "Mozilla/5.0 (Macintosh; Intel Mac OS X 10_15_7) AppleWebKit/537.36 (KHTML, like Gecko) Chrome/89.0.4389.114 Safari/537.36" "-"
10.92.1.1 - - [06/Apr/2021:07:14:22 +0000] "POST /api/sockjs/422/vvymcip3/xhr?t=1617693236829 HTTP/1.1" 200 2 "https://ui-qa-1.k8strilio.net/clusters" "Mozilla/5.0 (Macintosh; Intel Mac OS X 10_15_7) AppleWebKit/537.36 (KHTML, like Gecko) Chrome/89.0.4389.114 Safari/537.36" "-"
10.92.1.1 - - [06/Apr/2021:07:14:22 +0000] "POST /api/sockjs/734/l0egjymt/xhr_send?t=1617693261878 HTTP/1.1" 204 0 "https://ui-dev.k8strilio.net/" "Mozilla/5.0 (Macintosh; Intel Mac OS X 10_15_7) AppleWebKit/537.36 (KHTML, like Gecko) Chrome/89.0.4389.114 Safari/537.36" "-"
10.92.1.1 - - [06/Apr/2021:07:14:23 +0000] "POST /api/sockjs/617/m4jmtwg0/xhr?t=1617693237937 HTTP/1.1" 200 2 "https://ui-dev.k8strilio.net/" "Mozilla/5.0 (Macintosh; Intel Mac OS X 10_15_7) AppleWebKit/537.36 (KHTML, like Gecko) Chrome/89.0.4389.114 Safari/537.36" "-"
10.142.0.16 - - [06/Apr/2021:07:14:23 +0000] "POST /api/sockjs/237/wgcw2czw/xhr?t=1617693237678 HTTP/1.1" 200 2 "https://ui-dev.k8strilio.net/" "Mozilla/5.0 (Macintosh; Intel Mac OS X 10_15_7) AppleWebKit/537.36 (KHTML, like Gecko) Chrome/89.0.4389.114 Safari/537.36" "-"
10.92.1.1 - - [06/Apr/2021:07:14:23 +0000] "POST /api/sockjs/734/l0egjymt/xhr_send?t=1617693262651 HTTP/1.1" 204 0 "https://ui-dev.k8strilio.net/" "Mozilla/5.0 (Macintosh; Intel Mac OS X 10_15_7) AppleWebKit/537.36 (KHTML, like Gecko) Chrome/89.0.4389.114 Safari/537.36" "-"
10.142.0.102 - - [06/Apr/2021:07:14:27 +0000] "POST /api/sockjs/388/ogdk1tm1/xhr_streaming?t=1617693261638 HTTP/1.1" 499 0 "https://ui-dev.k8strilio.net/" "Mozilla/5.0 (Macintosh; Intel Mac OS X 10_15_7) AppleWebKit/537.36 (KHTML, like Gecko) Chrome/89.0.4389.114 Safari/537.36" "-"
10.142.0.16 - - [06/Apr/2021:07:14:28 +0000] "POST /api/sockjs/617/m4jmtwg0/xhr?t=1617693263214 HTTP/1.1" 200 2 "https://ui-dev.k8strilio.net/" "Mozilla/5.0 (Macintosh; Intel Mac OS X 10_15_7) AppleWebKit/537.36 (KHTML, like Gecko) Chrome/89.0.4389.114 Safari/537.36" "-"
10.142.0.16 - - [06/Apr/2021:07:14:28 +0000] "GET /api/sockjs/388/vbnruvwb/eventsource HTTP/1.1" 499 0 "https://ui-dev.k8strilio.net/" "Mozilla/5.0 (Macintosh; Intel Mac OS X 10_15_7) AppleWebKit/537.36 (KHTML, like Gecko) Chrome/89.0.4389.114 Safari/537.36" "-"
10.142.0.16 - - [06/Apr/2021:07:14:28 +0000] "GET /api/sockjs/453/dsbr44yz/jsonp?c=_jp.a0t40uv HTTP/1.1" 200 30 "https://ui-dev.k8strilio.net/" "Mozilla/5.0 (Macintosh; Intel Mac OS X 10_15_7) AppleWebKit/537.36 (KHTML, like Gecko) Chrome/89.0.4389.114 Safari/537.36" "-"
10.142.0.16 - - [06/Apr/2021:07:14:28 +0000] "GET /api/sockjs/info?t=1617693268493 HTTP/1.1" 200 79 "https://ui-dev.k8strilio.net/" "Mozilla/5.0 (Macintosh; Intel Mac OS X 10_15_7) AppleWebKit/537.36 (KHTML, like Gecko) Chrome/89.0.4389.114 Safari/537.36" "-"
10.142.0.16 - - [06/Apr/2021:07:14:29 +0000] "GET /api/sockjs/615/qftqjokm/websocket HTTP/1.1" 400 35 "-" "Mozilla/5.0 (Macintosh; Intel Mac OS X 10_15_7) AppleWebKit/537.36 (KHTML, like Gecko) Chrome/89.0.4389.114 Safari/537.36" "-"
10.142.0.16 - - [06/Apr/2021:07:14:29 +0000] "GET /api/sockjs/858/mt0thx32/jsonp?c=_jp.apm34kx HTTP/1.1" 200 30 "https://ui-dev.k8strilio.net/" "Mozilla/5.0 (Macintosh; Intel Mac OS X 10_15_7) AppleWebKit/537.36 (KHTML, like Gecko) Chrome/89.0.4389.114 Safari/537.36" "-"
10.92.1.1 - - [06/Apr/2021:07:14:30 +0000] "POST /api/sockjs/024/z03rk50h/xhr?t=1617693245844 HTTP/1.1" 200 2 "https://ui-dev.k8strilio.net/" "Mozilla/5.0 (Macintosh; Intel Mac OS X 10_15_7) AppleWebKit/537.36 (KHTML, like Gecko) Chrome/89.0.4389.114 Safari/537.36" "-"
10.92.1.1 - - [06/Apr/2021:07:14:31 +0000] "GET /api/sockjs/info?t=1617693270065 HTTP/1.1" 200 79 "https://ui-dev.k8strilio.net/" "Mozilla/5.0 (Macintosh; Intel Mac OS X 10_15_7) AppleWebKit/537.36 (KHTML, like Gecko) Chrome/89.0.4389.114 Safari/537.36" "-"
10.142.0.16 - - [06/Apr/2021:07:14:32 +0000] "GET /api/sockjs/208/mvzslobp/websocket HTTP/1.1" 400 35 "-" "Mozilla/5.0 (Macintosh; Intel Mac OS X 10_15_7) AppleWebKit/537.36 (KHTML, like Gecko) Chrome/89.0.4389.114 Safari/537.36" "-"
10.142.0.16 - - [06/Apr/2021:07:14:34 +0000] "POST /api/sockjs/615/slv35dpo/xhr_streaming?t=1617693269903 HTTP/1.1" 499 0 "https://ui-dev.k8strilio.net/" "Mozilla/5.0 (Macintosh; Intel Mac OS X 10_15_7) AppleWebKit/537.36 (KHTML, like Gecko) Chrome/89.0.4389.114 Safari/537.36" "-"
10.142.0.102 - - [06/Apr/2021:07:14:35 +0000] "GET /api/sockjs/615/glmzcjt0/eventsource HTTP/1.1" 499 0 "https://ui-dev.k8strilio.net/" "Mozilla/5.0 (Macintosh; Intel Mac OS X 10_15_7) AppleWebKit/537.36 (KHTML, like Gecko) Chrome/89.0.4389.114 Safari/537.36" "-"
